Component: ARM Compiler 5.06 update 1 (build 61) Tool: armlink [4d35a8]

==============================================================================

Section Cross References

    startup_stm32f407xx.o(RESET) refers to startup_stm32f407xx.o(STACK) for __initial_sp
    startup_stm32f407xx.o(RESET) refers to startup_stm32f407xx.o(.text) for Reset_Handler
    startup_stm32f407xx.o(RESET) refers to stm32f4xx_it.o(i.NMI_Handler) for NMI_Handler
    startup_stm32f407xx.o(RESET) refers to stm32f4xx_it.o(i.HardFault_Handler) for HardFault_Handler
    startup_stm32f407xx.o(RESET) refers to stm32f4xx_it.o(i.MemManage_Handler) for MemManage_Handler
    startup_stm32f407xx.o(RESET) refers to stm32f4xx_it.o(i.BusFault_Handler) for BusFault_Handler
    startup_stm32f407xx.o(RESET) refers to stm32f4xx_it.o(i.UsageFault_Handler) for UsageFault_Handler
    startup_stm32f407xx.o(RESET) refers to stm32f4xx_it.o(i.SVC_Handler) for SVC_Handler
    startup_stm32f407xx.o(RESET) refers to stm32f4xx_it.o(i.DebugMon_Handler) for DebugMon_Handler
    startup_stm32f407xx.o(RESET) refers to stm32f4xx_it.o(i.PendSV_Handler) for PendSV_Handler
    startup_stm32f407xx.o(RESET) refers to stm32f4xx_it.o(i.SysTick_Handler) for SysTick_Handler
    startup_stm32f407xx.o(RESET) refers to stm32f4xx_it.o(i.EXTI2_IRQHandler) for EXTI2_IRQHandler
    startup_stm32f407xx.o(RESET) refers to stm32f4xx_it.o(i.EXTI3_IRQHandler) for EXTI3_IRQHandler
    startup_stm32f407xx.o(RESET) refers to stm32f4xx_it.o(i.EXTI4_IRQHandler) for EXTI4_IRQHandler
    startup_stm32f407xx.o(RESET) refers to stm32f4xx_it.o(i.DMA1_Stream0_IRQHandler) for DMA1_Stream0_IRQHandler
    startup_stm32f407xx.o(RESET) refers to stm32f4xx_it.o(i.DMA1_Stream1_IRQHandler) for DMA1_Stream1_IRQHandler
    startup_stm32f407xx.o(RESET) refers to stm32f4xx_it.o(i.DMA1_Stream2_IRQHandler) for DMA1_Stream2_IRQHandler
    startup_stm32f407xx.o(RESET) refers to stm32f4xx_it.o(i.DMA1_Stream3_IRQHandler) for DMA1_Stream3_IRQHandler
    startup_stm32f407xx.o(RESET) refers to stm32f4xx_it.o(i.DMA1_Stream4_IRQHandler) for DMA1_Stream4_IRQHandler
    startup_stm32f407xx.o(RESET) refers to stm32f4xx_it.o(i.DMA1_Stream5_IRQHandler) for DMA1_Stream5_IRQHandler
    startup_stm32f407xx.o(RESET) refers to stm32f4xx_it.o(i.DMA1_Stream6_IRQHandler) for DMA1_Stream6_IRQHandler
    startup_stm32f407xx.o(RESET) refers to stm32f4xx_it.o(i.EXTI9_5_IRQHandler) for EXTI9_5_IRQHandler
    startup_stm32f407xx.o(RESET) refers to stm32f4xx_it.o(i.TIM1_BRK_TIM9_IRQHandler) for TIM1_BRK_TIM9_IRQHandler
    startup_stm32f407xx.o(RESET) refers to stm32f4xx_it.o(i.TIM1_UP_TIM10_IRQHandler) for TIM1_UP_TIM10_IRQHandler
    startup_stm32f407xx.o(RESET) refers to stm32f4xx_it.o(i.TIM1_TRG_COM_TIM11_IRQHandler) for TIM1_TRG_COM_TIM11_IRQHandler
    startup_stm32f407xx.o(RESET) refers to stm32f4xx_it.o(i.TIM1_CC_IRQHandler) for TIM1_CC_IRQHandler
    startup_stm32f407xx.o(RESET) refers to stm32f4xx_it.o(i.TIM2_IRQHandler) for TIM2_IRQHandler
    startup_stm32f407xx.o(RESET) refers to stm32f4xx_it.o(i.TIM3_IRQHandler) for TIM3_IRQHandler
    startup_stm32f407xx.o(RESET) refers to stm32f4xx_it.o(i.SPI2_IRQHandler) for SPI2_IRQHandler
    startup_stm32f407xx.o(RESET) refers to stm32f4xx_it.o(i.USART1_IRQHandler) for USART1_IRQHandler
    startup_stm32f407xx.o(RESET) refers to stm32f4xx_it.o(i.USART2_IRQHandler) for USART2_IRQHandler
    startup_stm32f407xx.o(RESET) refers to stm32f4xx_it.o(i.USART3_IRQHandler) for USART3_IRQHandler
    startup_stm32f407xx.o(RESET) refers to stm32f4xx_it.o(i.EXTI15_10_IRQHandler) for EXTI15_10_IRQHandler
    startup_stm32f407xx.o(RESET) refers to stm32f4xx_it.o(i.TIM8_UP_TIM13_IRQHandler) for TIM8_UP_TIM13_IRQHandler
    startup_stm32f407xx.o(RESET) refers to stm32f4xx_it.o(i.TIM8_TRG_COM_TIM14_IRQHandler) for TIM8_TRG_COM_TIM14_IRQHandler
    startup_stm32f407xx.o(RESET) refers to stm32f4xx_it.o(i.DMA1_Stream7_IRQHandler) for DMA1_Stream7_IRQHandler
    startup_stm32f407xx.o(RESET) refers to stm32f4xx_it.o(i.TIM5_IRQHandler) for TIM5_IRQHandler
    startup_stm32f407xx.o(RESET) refers to stm32f4xx_it.o(i.UART4_IRQHandler) for UART4_IRQHandler
    startup_stm32f407xx.o(RESET) refers to stm32f4xx_it.o(i.UART5_IRQHandler) for UART5_IRQHandler
    startup_stm32f407xx.o(RESET) refers to stm32f4xx_it.o(i.TIM6_DAC_IRQHandler) for TIM6_DAC_IRQHandler
    startup_stm32f407xx.o(RESET) refers to stm32f4xx_it.o(i.DMA2_Stream2_IRQHandler) for DMA2_Stream2_IRQHandler
    startup_stm32f407xx.o(RESET) refers to stm32f4xx_it.o(i.DMA2_Stream7_IRQHandler) for DMA2_Stream7_IRQHandler
    startup_stm32f407xx.o(.text) refers to system_stm32f4xx.o(i.SystemInit) for SystemInit
    startup_stm32f407xx.o(.text) refers to entry.o(.ARM.Collect$$$$00000000) for __main
    main.o(i.HAL_GPIO_EXTI_Callback) refers to stm32f4xx_hal_uart.o(i.HAL_UART_Transmit) for HAL_UART_Transmit
    main.o(i.HAL_GPIO_EXTI_Callback) refers to main.o(.data) for .data
    main.o(i.HAL_GPIO_EXTI_Callback) refers to usart.o(.bss) for huart3
[...]
    i.HAL_UART_TxCpltCallback                0x08003446   Section        0  stm32f4xx_hal_uart.o(i.HAL_UART_TxCpltCallback)
    i.HCSR_04_1                              0x08003448   Section        0  sr04.o(i.HCSR_04_1)
    i.HCSR_04_2                              0x08003478   Section        0  sr04.o(i.HCSR_04_2)
    i.HCSR_04_3                              0x080034a8   Section        0  sr04.o(i.HCSR_04_3)
    i.HCSR_04_4                              0x080034d8   Section        0  sr04.o(i.HCSR_04_4)
    i.HCSR_04_5                              0x08003508   Section        0  sr04.o(i.HCSR_04_5)
    i.HCSR_04_6                              0x08003538   Section        0  sr04.o(i.HCSR_04_6)
    i.HardFault_Handler                      0x08003568   Section        0  stm32f4xx_it.o(i.HardFault_Handler)
    i.Heng                                   0x0800356c   Section        0  bujin.o(i.Heng)
    i.Heng1                                  0x080035a8   Section        0  bujin.o(i.Heng1)
    i.Heng2                                  0x080035e8   Section        0  bujin.o(i.Heng2)
    i.Limit_Pwm_float                        0x0800362c   Section        0  pid.o(i.Limit_Pwm_float)
    i.MX_DMA_Init                            0x0800364c   Section        0  dma.o(i.MX_DMA_Init)
    i.MX_GPIO_Init                           0x08003718   Section        0  gpio.o(i.MX_GPIO_Init)
    i.MX_SPI2_Init                           0x080038a4   Section        0  spi.o(i.MX_SPI2_Init)
    i.MX_TIM10_Init                          0x080038e8   Section        0  tim.o(i.MX_TIM10_Init)
    i.MX_TIM11_Init                          0x08003950   Section        0  tim.o(i.MX_TIM11_Init)
    i.MX_TIM13_Init                          0x080039b8   Section        0  tim.o(i.MX_TIM13_Init)
    i.MX_TIM14_Init                          0x08003a20   Section        0  tim.o(i.MX_TIM14_Init)
    i.MX_TIM1_Init                           0x08003a88   Section        0  tim.o(i.MX_TIM1_Init)
    i.MX_TIM2_Init                           0x08003b84   Section        0  tim.o(i.MX_TIM2_Init)
    i.MX_TIM3_Init                           0x08003bec   Section        0  tim.o(i.MX_TIM3_Init)
    i.MX_TIM4_Init                           0x08003c94   Section        0  tim.o(i.MX_TIM4_Init)
    i.MX_TIM5_Init                           0x08003cf8   Section        0  tim.o(i.MX_TIM5_Init)
    i.MX_TIM6_Init                           0x08003dc0   Section        0  tim.o(i.MX_TIM6_Init)
    i.MX_UART4_Init                          0x08003e08   Section        0  usart.o(i.MX_UART4_Init)
    i.MX_UART5_Init                          0x08003e40   Section        0  usart.o(i.MX_UART5_Init)
    i.MX_USART1_UART_Init                    0x08003e78   Section        0  usart.o(i.MX_USART1_UART_Init)
    i.MX_USART2_UART_Init                    0x08003eb0   Section        0  usart.o(i.MX_USART2_UART_Init)
    i.MX_USART3_UART_Init                    0x08003ee8   Section        0  usart.o(i.MX_USART3_UART_Init)
    i.MemManage_Handler                      0x08003f20   Section        0  stm32f4xx_it.o(i.MemManage_Handler)
    i.Modify_ZH                              0x08003f22   Section        0  bujin.o(i.Modify_ZH)
    i.MotorLH_Ctrl                           0x08003f50   Section        0  bujin.o(i.MotorLH_Ctrl)
    i.MotorLQ_Ctrl                           0x08003fb0   Section        0  bujin.o(i.MotorLQ_Ctrl)
    i.MotorRH_Ctrl                           0x08004010   Section        0  bujin.o(i.MotorRH_Ctrl)
    i.MotorRQ_Ctrl                           0x08004078   Section        0  bujin.o(i.MotorRQ_Ctrl)
    i.NMI_Handler                            0x080040e0   Section        0  stm32f4xx_it.o(i.NMI_Handler)
    i.OLED_Clear                             0x080040e4   Section        0  oled.o(i.OLED_Clear)
    i.OLED_DrawPoint                         0x08004110   Section        0  oled.o(i.OLED_DrawPoint)
    i.OLED_Init                              0x0800413c   Section        0  oled.o(i.OLED_Init)
    i.OLED_Pow                               0x08004226   Section        0  oled.o(i.OLED_Pow)
    i.OLED_Refresh                           0x08004238   Section        0  oled.o(i.OLED_Refresh)
    i.OLED_ShowChar                          0x08004284   Section        0  oled.o(i.OLED_ShowChar)
    i.OLED_ShowNum                           0x08004368   Section        0  oled.o(i.OLED_ShowNum)
    i.OLED_ShowString                        0x080043d6   Section        0  oled.o(i.OLED_ShowString)
    i.OLED_WR_Byte                           0x08004414   Section        0  oled.o(i.OLED_WR_Byte)
    i.PES_Scan                               0x08004464   Section        0  pes.o(i.PES_Scan)
    i.PID_Control_sonic                      0x080044b8   Section        0  pid.o(i.PID_Control_sonic)
    i.PID_Control_sonic_stable               0x08004574   Section        0  pid.o(i.PID_Control_sonic_stable)
    i.PID_Control_yaw                        0x08004630   Section        0  pid.o(i.PID_Control_yaw)
    i.PID_Init                               0x080046ec   Section        0  pid.o(i.PID_Init)
    i.PID_Turn_Angle                         0x0800473c   Section        0  pid.o(i.PID_Turn_Angle)
    i.PendSV_Handler                         0x080047f8   Section        0  stm32f4xx_it.o(i.PendSV_Handler)
    i.SPI2_IRQHandler                        0x080047fc   Section        0  stm32f4xx_it.o(i.SPI2_IRQHandler)
    i.SPI_DMAAbortOnError                    0x08004808   Section        0  stm32f4xx_hal_spi.o(i.SPI_DMAAbortOnError)
    SPI_DMAAbortOnError                      0x08004809   Thumb Code    16  stm32f4xx_hal_spi.o(i.SPI_DMAAbortOnError)
    i.SPI_EndRxTxTransaction                 0x08004818   Section        0  stm32f4xx_hal_spi.o(i.SPI_EndRxTxTransaction)
    SPI_EndRxTxTransaction                   0x08004819   Thumb Code    80  stm32f4xx_hal_spi.o(i.SPI_EndRxTxTransaction)
    i.SPI_WaitFlagStateUntilTimeout          0x08004870   Section        0  stm32f4xx_hal_spi.o(i.SPI_WaitFlagStateUntilTimeout)
    SPI_WaitFlagStateUntilTimeout            0x08004871   Thumb Code   180  stm32f4xx_hal_spi.o(i.SPI_WaitFlagStateUntilTimeout)
    i.SVC_Handler                            0x08004928   Section        0  stm32f4xx_it.o(i.SVC_Handler)
    i.Setpulse                               0x0800492a   Section        0  bujin.o(i.Setpulse)
    i.Stop                                   0x08004942   Section        0  bujin.o(i.Stop)
    i.SysTick_Handler                        0x08004960   Section        0  stm32f4xx_it.o(i.SysTick_Handler)
    i.SystemClock_Config                     0x08004964   Section        0  main.o(i.SystemClock_Config)
    i.SystemInit                             0x080049fc   Section        0  system_stm32f4xx.o(i.SystemInit)
    i.TIM1_BRK_TIM9_IRQHandler               0x08004a0c   Section        0  stm32f4xx_it.o(i.TIM1_BRK_TIM9_IRQHandler)
    i.TIM1_CC_IRQHandler                     0x08004a18   Section        0  stm32f4xx_it.o(i.TIM1_CC_IRQHandler)
    i.TIM1_TRG_COM_TIM11_IRQHandler          0x08004a24   Section        0  stm32f4xx_it.o(i.TIM1_TRG_COM_TIM11_IRQHandler)
    i.TIM1_UP_TIM10_IRQHandler               0x08004a40   Section        0  stm32f4xx_it.o(i.TIM1_UP_TIM10_IRQHandler)
    i.TIM2_IRQHandler                        0x08004a5c   Section        0  stm32f4xx_it.o(i.TIM2_IRQHandler)
    i.TIM3_IRQHandler                        0x08004a68   Section        0  stm32f4xx_it.o(i.TIM3_IRQHandler)
    i.TIM5_IRQHandler                        0x08004a74   Section        0  stm32f4xx_it.o(i.TIM5_IRQHandler)
    i.TIM6_DAC_IRQHandler                    0x08004a80   Section        0  stm32f4xx_it.o(i.TIM6_DAC_IRQHandler)
    i.TIM8_TRG_COM_TIM14_IRQHandler          0x08004a8c   Section        0  stm32f4xx_it.o(i.TIM8_TRG_COM_TIM14_IRQHandler)
    i.TIM8_UP_TIM13_IRQHandler               0x08004a98   Section        0  stm32f4xx_it.o(i.TIM8_UP_TIM13_IRQHandler)
    i.TIM_Base_SetConfig                     0x08004aa4   Section        0  stm32f4xx_hal_tim.o(i.TIM_Base_SetConfig)
    i.TIM_CCxChannelCmd                      0x08004b6c   Section        0  stm32f4xx_hal_tim.o(i.TIM_CCxChannelCmd)
    i.TIM_ETR_SetConfig                      0x08004b86   Section        0  stm32f4xx_hal_tim.o(i.TIM_ETR_SetConfig)
    i.TIM_ITRx_SetConfig                     0x08004b9a   Section        0  stm32f4xx_hal_tim.o(i.TIM_ITRx_SetConfig)
    TIM_ITRx_SetConfig                       0x08004b9b   Thumb Code    16  stm32f4xx_hal_tim.o(i.TIM_ITRx_SetConfig)
    i.TIM_OC1_SetConfig                      0x08004bac   Section        0  stm32f4xx_hal_tim.o(i.TIM_OC1_SetConfig)
    TIM_OC1_SetConfig                        0x08004bad   Thumb Code    88  stm32f4xx_hal_tim.o(i.TIM_OC1_SetConfig)
    i.TIM_OC2_SetConfig                      0x08004c0c   Section        0  stm32f4xx_hal_tim.o(i.TIM_OC2_SetConfig)
    i.TIM_OC3_SetConfig                      0x08004c78   Section        0  stm32f4xx_hal_tim.o(i.TIM_OC3_SetConfig)
    TIM_OC3_SetConfig                        0x08004c79   Thumb Code    96  stm32f4xx_hal_tim.o(i.TIM_OC3_SetConfig)
    i.TIM_OC4_SetConfig                      0x08004ce0   Section        0  stm32f4xx_hal_tim.o(i.TIM_OC4_SetConfig)
    TIM_OC4_SetConfig                        0x08004ce1   Thumb Code    70  stm32f4xx_hal_tim.o(i.TIM_OC4_SetConfig)
    i.TIM_TI1_ConfigInputStage               0x08004d30   Section        0  stm32f4xx_hal_tim.o(i.TIM_TI1_ConfigInputStage)
    TIM_TI1_ConfigInputStage                 0x08004d31   Thumb Code    34  stm32f4xx_hal_tim.o(i.TIM_TI1_ConfigInputStage)
    i.TIM_TI1_SetConfig                      0x08004d54   Section        0  stm32f4xx_hal_tim.o(i.TIM_TI1_SetConfig)
    i.TIM_TI2_ConfigInputStage               0x08004dd4   Section        0  stm32f4xx_hal_tim.o(i.TIM_TI2_ConfigInputStage)
    TIM_TI2_ConfigInputStage                 0x08004dd5   Thumb Code    36  stm32f4xx_hal_tim.o(i.TIM_TI2_ConfigInputStage)
    i.TIM_TI2_SetConfig                      0x08004df8   Section        0  stm32f4xx_hal_tim.o(i.TIM_TI2_SetConfig)
    TIM_TI2_SetConfig                        0x08004df9   Thumb Code    54  stm32f4xx_hal_tim.o(i.TIM_TI2_SetConfig)
    i.Task10ms                               0x08004e2e   Section        0  10ms_task.o(i.Task10ms)
    i.Task20ms                               0x08004e34   Section        0  20ms_task.o(i.Task20ms)
    i.Task2ms                                0x08004f1c   Section        0  2ms_task.o(i.Task2ms)
    i.Task500ms                              0x08004f2c   Section        0  500ms_task.o(i.Task500ms)
    i.Task50ms                               0x08004f38   Section        0  50ms_task.o(i.Task50ms)
    i.Task5ms                                0x08005028   Section        0  5ms_task.o(i.Task5ms)
    i.TurnRight                              0x08005038   Section        0  bujin.o(i.TurnRight)
    i.Turn_Angle_Control                     0x0800505c   Section        0  pid.o(i.Turn_Angle_Control)
    i.UART4_IRQHandler                       0x08005068   Section        0  stm32f4xx_it.o(i.UART4_IRQHandler)
    i.UART5_IRQHandler                       0x080050a0   Section        0  stm32f4xx_it.o(i.UART5_IRQHandler)
    i.UART_DMAAbortOnError                   0x080050d8   Section        0  stm32f4xx_hal_uart.o(i.UART_DMAAbortOnError)
    UART_DMAAbortOnError                     0x080050d9   Thumb Code    16  stm32f4xx_hal_uart.o(i.UART_DMAAbortOnError)
    i.UART_DMAError                          0x080050e8   Section        0  stm32f4xx_hal_uart.o(i.UART_DMAError)
    UART_DMAError                            0x080050e9   Thumb Code    74  stm32f4xx_hal_uart.o(i.UART_DMAError)
    i.UART_DMAReceiveCplt                    0x08005132   Section        0  stm32f4xx_hal_uart.o(i.UART_DMAReceiveCplt)
    UART_DMAReceiveCplt                      0x08005133   Thumb Code   130  stm32f4xx_hal_uart.o(i.UART_DMAReceiveCplt)
    i.UART_DMARxHalfCplt                     0x080051b4   Section        0  stm32f4xx_hal_uart.o(i.UART_DMARxHalfCplt)
    UART_DMARxHalfCplt                       0x080051b5   Thumb Code    26  stm32f4xx_hal_uart.o(i.UART_DMARxHalfCplt)
    i.UART_EndRxTransfer                     0x080051ce   Section        0  stm32f4xx_hal_uart.o(i.UART_EndRxTransfer)
    UART_EndRxTransfer                       0x080051cf   Thumb Code    78  stm32f4xx_hal_uart.o(i.UART_EndRxTransfer)
    i.UART_EndTxTransfer                     0x0800521c   Section        0  stm32f4xx_hal_uart.o(i.UART_EndTxTransfer)
    UART_EndTxTransfer                       0x0800521d   Thumb Code    28  stm32f4xx_hal_uart.o(i.UART_EndTxTransfer)
    i.UART_Receive_IT                        0x08005238   Section        0  stm32f4xx_hal_uart.o(i.UART_Receive_IT)
    UART_Receive_IT                          0x08005239   Thumb Code   192  stm32f4xx_hal_uart.o(i.UART_Receive_IT)
    i.UART_SetConfig                         0x080052f8   Section        0  stm32f4xx_hal_uart.o(i.UART_SetConfig)
    UART_SetConfig                           0x080052f9   Thumb Code   258  stm32f4xx_hal_uart.o(i.UART_SetConfig)
    i.UART_Start_Receive_DMA                 0x08005404   Section        0  stm32f4xx_hal_uart.o(i.UART_Start_Receive_DMA)
    i.UART_WaitOnFlagUntilTimeout            0x08005498   Section        0  stm32f4xx_hal_uart.o(i.UART_WaitOnFlagUntilTimeout)
    UART_WaitOnFlagUntilTimeout              0x08005499   Thumb Code   120  stm32f4xx_hal_uart.o(i.UART_WaitOnFlagUntilTimeout)
    i.USART1_IRQHandler                      0x08005510   Section        0  stm32f4xx_it.o(i.USART1_IRQHandler)
    i.USART2_IRQHandler                      0x08005548   Section        0  stm32f4xx_it.o(i.USART2_IRQHandler)
    i.USART3_IRQHandler                      0x08005554   Section        0  stm32f4xx_it.o(i.USART3_IRQHandler)
    i.UsageFault_Handler                     0x0800558c   Section        0  stm32f4xx_it.o(i.UsageFault_Handler)
    i.Yaw_Cul                                0x08005590   Section        0  wht101.o(i.Yaw_Cul)
    i.Yaw_Get                                0x08005620   Section        0  wht101.o(i.Yaw_Get)
    i.__NVIC_SetPriority                     0x08005674   Section        0  stm32f4xx_hal_cortex.o(i.__NVIC_SetPriority)
    __NVIC_SetPriority                       0x08005675   Thumb Code    32  stm32f4xx_hal_cortex.o(i.__NVIC_SetPriority)
    i.__hardfp_fabs                          0x08005694   Section        0  fabs.o(i.__hardfp_fabs)
    i.__scatterload_copy                     0x080056a8   Section       14  handlers.o(i.__scatterload_copy)
    i.__scatterload_null                     0x080056b6   Section        2  handlers.o(i.__scatterload_null)
    i.__scatterload_zeroinit                 0x080056b8   Section       14  handlers.o(i.__scatterload_zeroinit)
    i.delay_us                               0x080056c8   Section        0  delay_us.o(i.delay_us)
    i.getSR04Distance_1                      0x080056fc   Section        0  sr04.o(i.getSR04Distance_1)
    i.getSR04Distance_2                      0x08005770   Section        0  sr04.o(i.getSR04Distance_2)
    i.getSR04Distance_3                      0x080057e4   Section        0  sr04.o(i.getSR04Distance_3)
    i.getSR04Distance_4                      0x08005858   Section        0  sr04.o(i.getSR04Distance_4)
    i.getSR04Distance_5                      0x080058cc   Section        0  sr04.o(i.getSR04Distance_5)
    i.getSR04Distance_6                      0x08005940   Section        0  sr04.o(i.getSR04Distance_6)
    i.main                                   0x080059b4   Section        0  main.o(i.main)
    .constdata                               0x080069b4   Section        8  stm32f4xx_hal_dma.o(.constdata)
    flagBitshiftOffset                       0x080069b4   Data           8  stm32f4xx_hal_dma.o(.constdata)
    .constdata                               0x080069bc   Section       16  system_stm32f4xx.o(.constdata)
    .constdata                               0x080069cc   Section        8  system_stm32f4xx.o(.constdata)
    .constdata                               0x080069d4   Section     7696  oled.o(.constdata)
    .data                                    0x20000000   Section       57  main.o(.data)
    .data                                    0x2000003c   Section        4  main.o(.data)
    .data                                    0x20000040   Section        4  main.o(.data)
    .data                                    0x20000044   Section        4  main.o(.data)
    .data                                    0x20000048   Section        4  main.o(.data)
    .data                                    0x2000004c   Section        4  main.o(.data)
    .data                                    0x20000050   Section        1  main.o(.data)
    .data                                    0x20000051   Section        1  main.o(.data)
    .data                                    0x20000052   Section        2  main.o(.data)
    .data                                    0x20000054   Section        4  main.o(.data)
    .data                                    0x20000058   Section       30  tim.o(.data)
    .data                                    0x20000078   Section       12  stm32f4xx_hal.o(.data)
    .data                                    0x20000084   Section        4  system_stm32f4xx.o(.data)
    .data                                    0x20000088   Section        4  bujin.o(.data)
    .data                                    0x2000008c   Section        1  delay_us.o(.data)
    .data                                    0x2000008d   Section        1  20ms_task.o(.data)
    .bss                                     0x20000090   Section       69  main.o(.bss)
    .bss                                     0x200000d8   Section       88  spi.o(.bss)
    .bss                                     0x20000130   Section      720  tim.o(.bss)
    .bss                                     0x20000400   Section     1300  usart.o(.bss)
    .bss                                     0x20000914   Section     1152  oled.o(.bss)
    .bss                                     0x20000d94   Section      448  pid.o(.bss)
    .bss                                     0x20000f54   Section       56  pid.o(.bss)
    .bss                                     0x20000f8c   Section       28  20ms_task.o(.bss)
    STACK                                    0x20000fa8   Section     1024  startup_stm32f407xx.o(STACK)

    Global Symbols

    Symbol Name                              Value     Ov Type        Size  Object(Section)

    BuildAttributes$$THM_ISAv4$E$P$D$K$B$S$7EM$VFPi3$EXTD16$VFPS$VFMA$PE$A:L22UL41UL21$X:L11$S22US41US21$IEEE1$IW$USESV6$~STKCKD$USESV7$~SHL$OTIME$ROPI$IEEEJ$EBA8$MICROLIB$REQ8$PRES8$EABIv2 0x00000000   Number         0  anon$$obj.o ABSOLUTE
    __ARM_use_no_argv                        0x00000000   Number         0  main.o ABSOLUTE
    __cpp_initialize__aeabi_                  - Undefined Weak Reference
    __cxa_finalize                            - Undefined Weak Reference
    __decompress                              - Undefined Weak Reference
    _clock_init                               - Undefined Weak Reference
    _microlib_exit                            - Undefined Weak Reference
    __Vectors_Size                           0x00000188   Number         0  startup_stm32f407xx.o ABSOLUTE
    __Vectors                                0x08000000   Data           4  startup_stm32f407xx.o(RESET)
    __Vectors_End                            0x08000188   Data           0  startup_stm32f407xx.o(RESET)
    __main                                   0x08000189   Thumb Code     0  entry.o(.ARM.Collect$$$$00000000)
    _main_stk                                0x08000189   Thumb Code     0  entry2.o(.ARM.Collect$$$$00000001)
    _main_scatterload                        0x0800018d   Thumb Code     0  entry5.o(.ARM.Collect$$$$00000004)
    __main_after_scatterload                 0x08000191   Thumb Code     0  entry5.o(.ARM.Collect$$$$00000004)
    _main_clock                              0x08000191   Thumb Code     0  entry7b.o(.ARM.Collect$$$$00000008)
    _main_cpp_init                           0x08000191   Thumb Code     0  entry8b.o(.ARM.Collect$$$$0000000A)
    _main_init                               0x08000191   Thumb Code     0  entry9a.o(.ARM.Collect$$$$0000000B)
    __rt_final_cpp                           0x08000199   Thumb Code     0  entry10a.o(.ARM.Collect$$$$0000000D)
    __rt_final_exit                          0x08000199   Thumb Code     0  entry11a.o(.ARM.Collect$$$$0000000F)
    Reset_Handler                            0x0800019d   Thumb Code     8  startup_stm32f407xx.o(.text)
    ADC_IRQHandler                           0x080001b7   Thumb Code     0  startup_stm32f407xx.o(.text)
    CAN1_RX0_IRQHandler                      0x080001b7   Thumb Code     0  startup_stm32f407xx.o(.text)
    CAN1_RX1_IRQHandler                      0x080001b7   Thumb Code     0  startup_stm32f407xx.o(.text)
    CAN1_SCE_IRQHandler                      0x080001b7   Thumb Code     0  startup_stm32f407xx.o(.text)
    CAN1_TX_IRQHandler                       0x080001b7   Thumb Code     0  startup_stm32f407xx.o(.text)
    CAN2_RX0_IRQHandler                      0x080001b7   Thumb Code     0  startup_stm32f407xx.o(.text)
    CAN2_RX1_IRQHandler                      0x080001b7   Thumb Code     0  startup_stm32f407xx.o(.text)
    CAN2_SCE_IRQHandler                      0x080001b7   Thumb Code     0  startup_stm32f407xx.o(.text)
    CAN2_TX_IRQHandler                       0x080001b7   Thumb Code     0  startup_stm32f407xx.o(.text)
    DCMI_IRQHandler                          0x080001b7   Thumb Code     0  startup_stm32f407xx.o(.text)
    DMA2_Stream0_IRQHandler                  0x080001b7   Thumb Code     0  startup_stm32f407xx.o(.text)
    DMA2_Stream1_IRQHandler                  0x080001b7   Thumb Code     0  startup_stm32f407xx.o(.text)
    DMA2_Stream3_IRQHandler                  0x080001b7   Thumb Code     0  startup_stm32f407xx.o(.text)
    DMA2_Stream4_IRQHandler                  0x080001b7   Thumb Code     0  startup_stm32f407xx.o(.text)
    DMA2_Stream5_IRQHandler                  0x080001b7   Thumb Code     0  startup_stm32f407xx.o(.text)
    DMA2_Stream6_IRQHandler                  0x080001b7   Thumb Code     0  startup_stm32f407xx.o(.text)
    ETH_IRQHandler                           0x080001b7   Thumb Code     0  startup_stm32f407xx.o(.text)
    ETH_WKUP_IRQHandler                      0x080001b7   Thumb Code     0  startup_stm32f407xx.o(.text)
    EXTI0_IRQHandler                         0x080001b7   Thumb Code     0  startup_stm32f407xx.o(.text)
    EXTI1_IRQHandler                         0x080001b7   Thumb Code     0  startup_stm32f407xx.o(.text)
    FLASH_IRQHandler                         0x080001b7   Thumb Code     0  startup_stm32f407xx.o(.text)
    FMC_IRQHandler                           0x080001b7   Thumb Code     0  startup_stm32f407xx.o(.text)
    FPU_IRQHandler                           0x080001b7   Thumb Code     0  startup_stm32f407xx.o(.text)
    HASH_RNG_IRQHandler                      0x080001b7   Thumb Code     0  startup_stm32f407xx.o(.text)
    I2C1_ER_IRQHandler                       0x080001b7   Thumb Code     0  startup_stm32f407xx.o(.text)
    I2C1_EV_IRQHandler                       0x080001b7   Thumb Code     0  startup_stm32f407xx.o(.text)
    I2C2_ER_IRQHandler                       0x080001b7   Thumb Code     0  startup_stm32f407xx.o(.text)
    I2C2_EV_IRQHandler                       0x080001b7   Thumb Code     0  startup_stm32f407xx.o(.text)
    I2C3_ER_IRQHandler                       0x080001b7   Thumb Code     0  startup_stm32f407xx.o(.text)
    I2C3_EV_IRQHandler                       0x080001b7   Thumb Code     0  startup_stm32f407xx.o(.text)
    OTG_FS_IRQHandler                        0x080001b7   Thumb Code     0  startup_stm32f407xx.o(.text)
    OTG_FS_WKUP_IRQHandler                   0x080001b7   Thumb Code     0  startup_stm32f407xx.o(.text)
    OTG_HS_EP1_IN_IRQHandler                 0x080001b7   Thumb Code     0  startup_stm32f407xx.o(.text)
    OTG_HS_EP1_OUT_IRQHandler                0x080001b7   Thumb Code     0  startup_stm32f407xx.o(.text)
    OTG_HS_IRQHandler                        0x080001b7   Thumb Code     0  startup_stm32f407xx.o(.text)
    OTG_HS_WKUP_IRQHandler                   0x080001b7   Thumb Code     0  startup_stm32f407xx.o(.text)
    PVD_IRQHandler                           0x080001b7   Thumb Code     0  startup_stm32f407xx.o(.text)
    RCC_IRQHandler                           0x080001b7   Thumb Code     0  startup_stm32f407xx.o(.text)
    RTC_Alarm_IRQHandler                     0x080001b7   Thumb Code     0  startup_stm32f407xx.o(.text)
    RTC_WKUP_IRQHandler                      0x080001b7   Thumb Code     0  startup_stm32f407xx.o(.text)
    SDIO_IRQHandler                          0x080001b7   Thumb Code     0  startup_stm32f407xx.o(.text)
    SPI1_IRQHandler                          0x080001b7   Thumb Code     0  startup_stm32f407xx.o(.text)
    SPI3_IRQHandler                          0x080001b7   Thumb Code     0  startup_stm32f407xx.o(.text)
    TAMP_STAMP_IRQHandler                    0x080001b7   Thumb Code     0  startup_stm32f407xx.o(.text)
    TIM4_IRQHandler                          0x080001b7   Thumb Code     0  startup_stm32f407xx.o(.text)
    TIM7_IRQHandler                          0x080001b7   Thumb Code     0  startup_stm32f407xx.o(.text)
    TIM8_BRK_TIM12_IRQHandler                0x080001b7   Thumb Code     0  startup_stm32f407xx.o(.text)
    TIM8_CC_IRQHandler                       0x080001b7   Thumb Code     0  startup_stm32f407xx.o(.text)
    USART6_IRQHandler                        0x080001b7   Thumb Code     0  startup_stm32f407xx.o(.text)
    WWDG_IRQHandler                          0x080001b7   Thumb Code     0  startup_stm32f407xx.o(.text)
    __aeabi_uldivmod                         0x080001c1   Thumb Code    98  uldiv.o(.text)
    __aeabi_memset                           0x08000223   Thumb Code    14  memseta.o(.text)
    __aeabi_memset4                          0x08000223   Thumb Code     0  memseta.o(.text)
    __aeabi_memset8                          0x08000223   Thumb Code     0  memseta.o(.text)
    __aeabi_memclr                           0x08000231   Thumb Code     4  memseta.o(.text)
    __aeabi_memclr4                          0x08000231   Thumb Code     0  memseta.o(.text)
    __aeabi_memclr8                          0x08000231   Thumb Code     0  memseta.o(.text)
    _memset$wrapper                          0x08000235   Thumb Code    18  memseta.o(.text)
    __aeabi_dadd                             0x08000247   Thumb Code   322  dadd.o(.text)
    __aeabi_dsub                             0x08000389   Thumb Code     6  dadd.o(.text)
    __aeabi_drsub                            0x0800038f   Thumb Code     6  dadd.o(.text)
    __aeabi_dmul                             0x08000395   Thumb Code   228  dmul.o(.text)
    __aeabi_ddiv                             0x08000479   Thumb Code   222  ddiv.o(.text)
    __aeabi_i2d                              0x08000557   Thumb Code    34  dflti.o(.text)
    __aeabi_ui2d                             0x08000579   Thumb Code    26  dfltui.o(.text)
    __aeabi_d2iz                             0x08000593   Thumb Code    62  dfixi.o(.text)
    __aeabi_cdcmpeq                          0x080005d1   Thumb Code     0  cdcmple.o(.text)
    __aeabi_cdcmple                          0x080005d1   Thumb Code    48  cdcmple.o(.text)
    __aeabi_d2f                              0x08000601   Thumb Code    56  d2f.o(.text)
    __aeabi_llsl                             0x08000639   Thumb Code    30  llshl.o(.text)
    _ll_shift_l                              0x08000639   Thumb Code     0  llshl.o(.text)
    __aeabi_llsr                             0x08000657   Thumb Code    32  llushr.o(.text)
    _ll_ushift_r                             0x08000657   Thumb Code     0  llushr.o(.text)
    __aeabi_lasr                             0x08000677   Thumb Code    36  llsshr.o(.text)
    _ll_sshift_r                             0x08000677   Thumb Code     0  llsshr.o(.text)
    __I$use$fp                               0x0800069b   Thumb Code     0  iusefp.o(.text)
    _float_round                             0x0800069b   Thumb Code    18  fepilogue.o(.text)
    _float_epilogue                          0x080006ad   Thumb Code    92  fepilogue.o(.text)
    _double_round                            0x08000709   Thumb Code    30  depilogue.o(.text)
    _double_epilogue                         0x08000727   Thumb Code   156  depilogue.o(.text)
    __scatterload                            0x080007c5   Thumb Code    28  init.o(.text)
    __scatterload_rt2                        0x080007c5   Thumb Code     0  init.o(.text)
    BusFault_Handler                         0x080007e9   Thumb Code     2  stm32f4xx_it.o(i.BusFault_Handler)
    CHAOSHENGBO_Get                          0x080007ed   Thumb Code    16  chaoshengbo.o(i.CHAOSHENGBO_Get)
    CHAOSHENGBO_Get1                         0x08000805   Thumb Code    16  chaoshengbo.o(i.CHAOSHENGBO_Get1)
    Control_Across_yaw                       0x0800081d   Thumb Code     6  pid.o(i.Control_Across_yaw)
    Control_sonic                            0x08000829   Thumb Code     6  pid.o(i.Control_sonic)
    Control_sonic_stable                     0x08000835   Thumb Code     6  pid.o(i.Control_sonic_stable)
    DMA1_Stream0_IRQHandler                  0x08000841   Thumb Code     6  stm32f4xx_it.o(i.DMA1_Stream0_IRQHandler)
    DMA1_Stream1_IRQHandler                  0x0800084d   Thumb Code     6  stm32f4xx_it.o(i.DMA1_Stream1_IRQHandler)
    DMA1_Stream2_IRQHandler                  0x08000859   Thumb Code     6  stm32f4xx_it.o(i.DMA1_Stream2_IRQHandler)
    DMA1_Stream3_IRQHandler                  0x08000865   Thumb Code     6  stm32f4xx_it.o(i.DMA1_Stream3_IRQHandler)
    DMA1_Stream4_IRQHandler                  0x08000871   Thumb Code     6  stm32f4xx_it.o(i.DMA1_Stream4_IRQHandler)
    DMA1_Stream5_IRQHandler                  0x0800087d   Thumb Code     6  stm32f4xx_it.o(i.DMA1_Stream5_IRQHandler)
    DMA1_Stream6_IRQHandler                  0x08000889   Thumb Code     6  stm32f4xx_it.o(i.DMA1_Stream6_IRQHandler)
    DMA1_Stream7_IRQHandler                  0x08000895   Thumb Code     6  stm32f4xx_it.o(i.DMA1_Stream7_IRQHandler)
    DMA2_Stream2_IRQHandler                  0x080008a1   Thumb Code     6  stm32f4xx_it.o(i.DMA2_Stream2_IRQHandler)
    DMA2_Stream7_IRQHandler                  0x080008ad   Thumb Code     6  stm32f4xx_it.o(i.DMA2_Stream7_IRQHandler)
    DebugMon_Handler                         0x0800095d   Thumb Code     2  stm32f4xx_it.o(i.DebugMon_Handler)
    Delay_us_init                            0x08000961   Thumb Code     6  delay_us.o(i.Delay_us_init)
    EXTI15_10_IRQHandler                     0x0800096d   Thumb Code     8  stm32f4xx_it.o(i.EXTI15_10_IRQHandler)
    EXTI2_IRQHandler                         0x08000975   Thumb Code     6  stm32f4xx_it.o(i.EXTI2_IRQHandler)
    EXTI3_IRQHandler                         0x0800097b   Thumb Code     6  stm32f4xx_it.o(i.EXTI3_IRQHandler)
    EXTI4_IRQHandler                         0x08000981   Thumb Code     6  stm32f4xx_it.o(i.EXTI4_IRQHandler)
    EXTI9_5_IRQHandler                       0x08000987   Thumb Code    18  stm32f4xx_it.o(i.EXTI9_5_IRQHandler)
    Error_Handler                            0x08000999   Thumb Code     4  main.o(i.Error_Handler)
    Forward_L                                0x0800099d   Thumb Code    52  bujin.o(i.Forward_L)
    Forward_Mid_H                            0x080009d5   Thumb Code    66  bujin.o(i.Forward_Mid_H)
    Forward_Mid_Q                            0x08000a1d   Thumb Code    64  bujin.o(i.Forward_Mid_Q)
    Forward_Stable                           0x08000a61   Thumb Code    52  bujin.o(i.Forward_Stable)
    HAL_DMA_Abort                            0x08000a99   Thumb Code   146  stm32f4xx_hal_dma.o(i.HAL_DMA_Abort)
    HAL_DMA_Abort_IT                         0x08000b2b   Thumb Code    36  stm32f4xx_hal_dma.o(i.HAL_DMA_Abort_IT)
    HAL_DMA_IRQHandler                       0x08000b51   Thumb Code   412  stm32f4xx_hal_dma.o(i.HAL_DMA_IRQHandler)
    HAL_DMA_Init                             0x08000cf1   Thumb Code   206  stm32f4xx_hal_dma.o(i.HAL_DMA_Init)
    HAL_DMA_Start_IT                         0x08000dc5   Thumb Code   110  stm32f4xx_hal_dma.o(i.HAL_DMA_Start_IT)
    HAL_Delay                                0x08000e35   Thumb Code    32  stm32f4xx_hal.o(i.HAL_Delay)
    HAL_GPIO_EXTI_Callback                   0x08000e59   Thumb Code    72  main.o(i.HAL_GPIO_EXTI_Callback)
    HAL_GPIO_EXTI_IRQHandler                 0x08000eb5   Thumb Code    18  stm32f4xx_hal_gpio.o(i.HAL_GPIO_EXTI_IRQHandler)
    HAL_GPIO_Init                            0x08000ecd   Thumb Code   450  stm32f4xx_hal_gpio.o(i.HAL_GPIO_Init)
    HAL_GPIO_ReadPin                         0x080010bd   Thumb Code    10  stm32f4xx_hal_gpio.o(i.HAL_GPIO_ReadPin)
    HAL_GPIO_TogglePin                       0x080010c7   Thumb Code    16  stm32f4xx_hal_gpio.o(i.HAL_GPIO_TogglePin)
    HAL_GPIO_WritePin                        0x080010d7   Thumb Code    10  stm32f4xx_hal_gpio.o(i.HAL_GPIO_WritePin)
    HAL_GetTick                              0x080010e1   Thumb Code     6  stm32f4xx_hal.o(i.HAL_GetTick)
    HAL_IncTick                              0x080010ed   Thumb Code    12  stm32f4xx_hal.o(i.HAL_IncTick)
    HAL_Init                                 0x080010fd   Thumb Code    48  stm32f4xx_hal.o(i.HAL_Init)
    HAL_InitTick                             0x08001131   Thumb Code    54  stm32f4xx_hal.o(i.HAL_InitTick)
    HAL_MspInit                              0x08001171   Thumb Code    42  stm32f4xx_hal_msp.o(i.HAL_MspInit)
    HAL_NVIC_EnableIRQ                       0x080011a1   Thumb Code    26  stm32f4xx_hal_cortex.o(i.HAL_NVIC_EnableIRQ)
    HAL_NVIC_SetPriority                     0x080011bd   Thumb Code    60  stm32f4xx_hal_cortex.o(i.HAL_NVIC_SetPriority)
    HAL_NVIC_SetPriorityGrouping             0x080011fd   Thumb Code    26  stm32f4xx_hal_cortex.o(i.HAL_NVIC_SetPriorityGrouping)
    HAL_RCC_ClockConfig                      0x08001221   Thumb Code   288  stm32f4xx_hal_rcc.o(i.HAL_RCC_ClockConfig)
    HAL_RCC_GetPCLK1Freq                     0x08001355   Thumb Code    20  stm32f4xx_hal_rcc.o(i.HAL_RCC_GetPCLK1Freq)
    HAL_RCC_GetPCLK2Freq                     0x08001375   Thumb Code    20  stm32f4xx_hal_rcc.o(i.HAL_RCC_GetPCLK2Freq)
    HAL_RCC_GetSysClockFreq                  0x08001395   Thumb Code    88  stm32f4xx_hal_rcc.o(i.HAL_RCC_GetSysClockFreq)
    HAL_RCC_OscConfig                        0x080013f5   Thumb Code   856  stm32f4xx_hal_rcc.o(i.HAL_RCC_OscConfig)
    HAL_SPI_ErrorCallback                    0x08001761   Thumb Code     2  stm32f4xx_hal_spi.o(i.HAL_SPI_ErrorCallback)
    HAL_SPI_IRQHandler                       0x08001765   Thumb Code   246  stm32f4xx_hal_spi.o(i.HAL_SPI_IRQHandler)
    HAL_SPI_Init                             0x08001861   Thumb Code   188  stm32f4xx_hal_spi.o(i.HAL_SPI_Init)
    HAL_SPI_MspInit                          0x0800191d   Thumb Code   110  spi.o(i.HAL_SPI_MspInit)
    HAL_SPI_Transmit                         0x08001999   Thumb Code   358  stm32f4xx_hal_spi.o(i.HAL_SPI_Transmit)
    HAL_SYSTICK_Config                       0x08001aff   Thumb Code    40  stm32f4xx_hal_cortex.o(i.HAL_SYSTICK_Config)
    HAL_TIMEx_BreakCallback                  0x08001b27   Thumb Code     2  stm32f4xx_hal_tim_ex.o(i.HAL_TIMEx_BreakCallback)
    HAL_TIMEx_CommutCallback                 0x08001b29   Thumb Code     2  stm32f4xx_hal_tim_ex.o(i.HAL_TIMEx_CommutCallback)
    HAL_TIMEx_ConfigBreakDeadTime            0x08001b2b   Thumb Code    84  stm32f4xx_hal_tim_ex.o(i.HAL_TIMEx_ConfigBreakDeadTime)
    HAL_TIMEx_MasterConfigSynchronization    0x08001b81   Thumb Code   116  stm32f4xx_hal_tim_ex.o(i.HAL_TIMEx_MasterConfigSynchronization)
    HAL_TIM_Base_Init                        0x08001c11   Thumb Code    90  stm32f4xx_hal_tim.o(i.HAL_TIM_Base_Init)
    HAL_TIM_Base_MspInit                     0x08001c6d   Thumb Code   500  tim.o(i.HAL_TIM_Base_MspInit)
    HAL_TIM_Base_Start                       0x08001e91   Thumb Code    90  stm32f4xx_hal_tim.o(i.HAL_TIM_Base_Start)
    HAL_TIM_Base_Start_IT                    0x08001f09   Thumb Code   100  stm32f4xx_hal_tim.o(i.HAL_TIM_Base_Start_IT)
    HAL_TIM_ConfigClockSource                0x08001f89   Thumb Code   220  stm32f4xx_hal_tim.o(i.HAL_TIM_ConfigClockSource)
    HAL_TIM_IC_CaptureCallback               0x08002065   Thumb Code   734  tim.o(i.HAL_TIM_IC_CaptureCallback)
    HAL_TIM_IC_ConfigChannel                 0x0800234d   Thumb Code   286  stm32f4xx_hal_tim.o(i.HAL_TIM_IC_ConfigChannel)
    HAL_TIM_IC_Init                          0x0800246b   Thumb Code    90  stm32f4xx_hal_tim.o(i.HAL_TIM_IC_Init)
    HAL_TIM_IC_MspInit                       0x080024c5   Thumb Code     2  stm32f4xx_hal_tim.o(i.HAL_TIM_IC_MspInit)
    HAL_TIM_IC_Start_IT                      0x080024c9   Thumb Code   240  stm32f4xx_hal_tim.o(i.HAL_TIM_IC_Start_IT)
    HAL_TIM_IRQHandler                       0x080025d5   Thumb Code   358  stm32f4xx_hal_tim.o(i.HAL_TIM_IRQHandler)
    HAL_TIM_MspPostInit                      0x0800273d   Thumb Code   210  tim.o(i.HAL_TIM_MspPostInit)
    HAL_TIM_OC_ConfigChannel                 0x08002831   Thumb Code    82  stm32f4xx_hal_tim.o(i.HAL_TIM_OC_ConfigChannel)
    HAL_TIM_OC_DelayElapsedCallback          0x08002885   Thumb Code   144  bujin.o(i.HAL_TIM_OC_DelayElapsedCallback)
    HAL_TIM_OC_Init                          0x08002931   Thumb Code    90  stm32f4xx_hal_tim.o(i.HAL_TIM_OC_Init)
    HAL_TIM_OC_MspInit                       0x0800298b   Thumb Code     2  stm32f4xx_hal_tim.o(i.HAL_TIM_OC_MspInit)
    HAL_TIM_OC_Start_IT                      0x0800298d   Thumb Code   216  stm32f4xx_hal_tim.o(i.HAL_TIM_OC_Start_IT)
    HAL_TIM_PWM_PulseFinishedCallback        0x08002a81   Thumb Code     2  stm32f4xx_hal_tim.o(i.HAL_TIM_PWM_PulseFinishedCallback)
    HAL_TIM_PeriodElapsedCallback            0x08002a85   Thumb Code   260  tim.o(i.HAL_TIM_PeriodElapsedCallback)
    HAL_TIM_ReadCapturedValue                0x08002b91   Thumb Code    42  stm32f4xx_hal_tim.o(i.HAL_TIM_ReadCapturedValue)
    HAL_TIM_TriggerCallback                  0x08002bbb   Thumb Code     2  stm32f4xx_hal_tim.o(i.HAL_TIM_TriggerCallback)
    HAL_UARTEx_RxEventCallback               0x08002bbd   Thumb Code     2  stm32f4xx_hal_uart.o(i.HAL_UARTEx_RxEventCallback)
    HAL_UART_DMAStop                         0x08002bbf   Thumb Code   112  stm32f4xx_hal_uart.o(i.HAL_UART_DMAStop)
    HAL_UART_ErrorCallback                   0x08002c2f   Thumb Code     2  stm32f4xx_hal_uart.o(i.HAL_UART_ErrorCallback)
    HAL_UART_IRQHandler                      0x08002c31   Thumb Code   610  stm32f4xx_hal_uart.o(i.HAL_UART_IRQHandler)
    HAL_UART_Init                            0x08002e99   Thumb Code    98  stm32f4xx_hal_uart.o(i.HAL_UART_Init)
    HAL_UART_MspInit                         0x08002efd   Thumb Code  1130  usart.o(i.HAL_UART_MspInit)
    HAL_UART_Receive_DMA                     0x08003367   Thumb Code    42  stm32f4xx_hal_uart.o(i.HAL_UART_Receive_DMA)
    HAL_UART_RxCpltCallback                  0x08003391   Thumb Code     2  stm32f4xx_hal_uart.o(i.HAL_UART_RxCpltCallback)
    HAL_UART_RxHalfCpltCallback              0x08003393   Thumb Code     2  stm32f4xx_hal_uart.o(i.HAL_UART_RxHalfCpltCallback)
    HAL_UART_Transmit                        0x08003395   Thumb Code   178  stm32f4xx_hal_uart.o(i.HAL_UART_Transmit)
    HAL_UART_TxCpltCallback                  0x08003447   Thumb Code     2  stm32f4xx_hal_uart.o(i.HAL_UART_TxCpltCallback)
    HCSR_04_1                                0x08003449   Thumb Code    44  sr04.o(i.HCSR_04_1)
    HCSR_04_2                                0x08003479   Thumb Code    44  sr04.o(i.HCSR_04_2)
    HCSR_04_3                                0x080034a9   Thumb Code    44  sr04.o(i.HCSR_04_3)
    HCSR_04_4                                0x080034d9   Thumb Code    44  sr04.o(i.HCSR_04_4)
    HCSR_04_5                                0x08003509   Thumb Code    44  sr04.o(i.HCSR_04_5)
    HCSR_04_6                                0x08003539   Thumb Code    44  sr04.o(i.HCSR_04_6)
    HardFault_Handler                        0x08003569   Thumb Code     2  stm32f4xx_it.o(i.HardFault_Handler)
    Heng                                     0x0800356d   Thumb Code    54  bujin.o(i.Heng)
    Heng1                                    0x080035a9   Thumb Code    58  bujin.o(i.Heng1)
    Heng2                                    0x080035e9   Thumb Code    62  bujin.o(i.Heng2)
    Limit_Pwm_float                          0x0800362d   Thumb Code    30  pid.o(i.Limit_Pwm_float)
    MX_DMA_Init                              0x0800364d   Thumb Code   200  dma.o(i.MX_DMA_Init)
    MX_GPIO_Init                             0x08003719   Thumb Code   376  gpio.o(i.MX_GPIO_Init)
    MX_SPI2_Init                             0x080038a5   Thumb Code    60  spi.o(i.MX_SPI2_Init)
    MX_TIM10_Init                            0x080038e9   Thumb Code    96  tim.o(i.MX_TIM10_Init)
    MX_TIM11_Init                            0x08003951   Thumb Code    94  tim.o(i.MX_TIM11_Init)
    MX_TIM13_Init                            0x080039b9   Thumb Code    94  tim.o(i.MX_TIM13_Init)
    MX_TIM14_Init                            0x08003a21   Thumb Code    94  tim.o(i.MX_TIM14_Init)
    MX_TIM1_Init                             0x08003a89   Thumb Code   244  tim.o(i.MX_TIM1_Init)
    MX_TIM2_Init                             0x08003b85   Thumb Code    98  tim.o(i.MX_TIM2_Init)
    MX_TIM3_Init                             0x08003bed   Thumb Code   158  tim.o(i.MX_TIM3_Init)
    MX_TIM4_Init                             0x08003c95   Thumb Code    92  tim.o(i.MX_TIM4_Init)
    MX_TIM5_Init                             0x08003cf9   Thumb Code   190  tim.o(i.MX_TIM5_Init)
    MX_TIM6_Init                             0x08003dc1   Thumb Code    62  tim.o(i.MX_TIM6_Init)
    MX_UART4_Init                            0x08003e09   Thumb Code    48  usart.o(i.MX_UART4_Init)
    MX_UART5_Init                            0x08003e41   Thumb Code    48  usart.o(i.MX_UART5_Init)
    MX_USART1_UART_Init                      0x08003e79   Thumb Code    48  usart.o(i.MX_USART1_UART_Init)
    MX_USART2_UART_Init                      0x08003eb1   Thumb Code    48  usart.o(i.MX_USART2_UART_Init)
    MX_USART3_UART_Init                      0x08003ee9   Thumb Code    48  usart.o(i.MX_USART3_UART_Init)
    MemManage_Handler                        0x08003f21   Thumb Code     2  stm32f4xx_it.o(i.MemManage_Handler)
    Modify_ZH                                0x08003f23   Thumb Code    44  bujin.o(i.Modify_ZH)
    MotorLH_Ctrl                             0x08003f51   Thumb Code    84  bujin.o(i.MotorLH_Ctrl)
    MotorLQ_Ctrl                             0x08003fb1   Thumb Code    84  bujin.o(i.MotorLQ_Ctrl)
    MotorRH_Ctrl                             0x08004011   Thumb Code    90  bujin.o(i.MotorRH_Ctrl)
    MotorRQ_Ctrl                             0x08004079   Thumb Code    90  bujin.o(i.MotorRQ_Ctrl)
    NMI_Handler                              0x080040e1   Thumb Code     2  stm32f4xx_it.o(i.NMI_Handler)
    OLED_Clear                               0x080040e5   Thumb Code    40  oled.o(i.OLED_Clear)
    OLED_DrawPoint                           0x08004111   Thumb Code    40  oled.o(i.OLED_DrawPoint)
    OLED_Init                                0x0800413d   Thumb Code   234  oled.o(i.OLED_Init)
    OLED_Pow                                 0x08004227   Thumb Code    16  oled.o(i.OLED_Pow)
    OLED_Refresh                             0x08004239   Thumb Code    70  oled.o(i.OLED_Refresh)
    OLED_ShowChar                            0x08004285   Thumb Code   212  oled.o(i.OLED_ShowChar)
    OLED_ShowNum                             0x08004369   Thumb Code   110  oled.o(i.OLED_ShowNum)
    OLED_ShowString                          0x080043d7   Thumb Code    60  oled.o(i.OLED_ShowString)
    OLED_WR_Byte                             0x08004415   Thumb Code    72  oled.o(i.OLED_WR_Byte)
    PES_Scan                                 0x08004465   Thumb Code    72  pes.o(i.PES_Scan)
    PID_Control_sonic                        0x080044b9   Thumb Code   168  pid.o(i.PID_Control_sonic)
    PID_Control_sonic_stable                 0x08004575   Thumb Code   168  pid.o(i.PID_Control_sonic_stable)
    PID_Control_yaw                          0x08004631   Thumb Code   168  pid.o(i.PID_Control_yaw)
    PID_Init                                 0x080046ed   Thumb Code    66  pid.o(i.PID_Init)
    PID_Turn_Angle                           0x0800473d   Thumb Code   168  pid.o(i.PID_Turn_Angle)
    PendSV_Handler                           0x080047f9   Thumb Code     2  stm32f4xx_it.o(i.PendSV_Handler)
    SPI2_IRQHandler                          0x080047fd   Thumb Code     6  stm32f4xx_it.o(i.SPI2_IRQHandler)
    SVC_Handler                              0x08004929   Thumb Code     2  stm32f4xx_it.o(i.SVC_Handler)
    Setpulse                                 0x0800492b   Thumb Code    24  bujin.o(i.Setpulse)
    Stop                                     0x08004943   Thumb Code    30  bujin.o(i.Stop)
    SysTick_Handler                          0x08004961   Thumb Code     4  stm32f4xx_it.o(i.SysTick_Handler)
    SystemClock_Config                       0x08004965   Thumb Code   144  main.o(i.SystemClock_Config)
    SystemInit                               0x080049fd   Thumb Code    12  system_stm32f4xx.o(i.SystemInit)
    TIM1_BRK_TIM9_IRQHandler                 0x08004a0d   Thumb Code     6  stm32f4xx_it.o(i.TIM1_BRK_TIM9_IRQHandler)
    TIM1_CC_IRQHandler                       0x08004a19   Thumb Code     6  stm32f4xx_it.o(i.TIM1_CC_IRQHandler)
    TIM1_TRG_COM_TIM11_IRQHandler            0x08004a25   Thumb Code    18  stm32f4xx_it.o(i.TIM1_TRG_COM_TIM11_IRQHandler)
    TIM1_UP_TIM10_IRQHandler                 0x08004a41   Thumb Code    18  stm32f4xx_it.o(i.TIM1_UP_TIM10_IRQHandler)
    TIM2_IRQHandler                          0x08004a5d   Thumb Code     6  stm32f4xx_it.o(i.TIM2_IRQHandler)
    TIM3_IRQHandler                          0x08004a69   Thumb Code     6  stm32f4xx_it.o(i.TIM3_IRQHandler)
    TIM5_IRQHandler                          0x08004a75   Thumb Code     6  stm32f4xx_it.o(i.TIM5_IRQHandler)
    TIM6_DAC_IRQHandler                      0x08004a81   Thumb Code     6  stm32f4xx_it.o(i.TIM6_DAC_IRQHandler)
    TIM8_TRG_COM_TIM14_IRQHandler            0x08004a8d   Thumb Code     6  stm32f4xx_it.o(i.TIM8_TRG_COM_TIM14_IRQHandler)
    TIM8_UP_TIM13_IRQHandler                 0x08004a99   Thumb Code     6  stm32f4xx_it.o(i.TIM8_UP_TIM13_IRQHandler)
    TIM_Base_SetConfig                       0x08004aa5   Thumb Code   156  stm32f4xx_hal_tim.o(i.TIM_Base_SetConfig)
    TIM_CCxChannelCmd                        0x08004b6d   Thumb Code    26  stm32f4xx_hal_tim.o(i.TIM_CCxChannelCmd)
    TIM_ETR_SetConfig                        0x08004b87   Thumb Code    20  stm32f4xx_hal_tim.o(i.TIM_ETR_SetConfig)
    TIM_OC2_SetConfig                        0x08004c0d   Thumb Code    98  stm32f4xx_hal_tim.o(i.TIM_OC2_SetConfig)
    TIM_TI1_SetConfig                        0x08004d55   Thumb Code   100  stm32f4xx_hal_tim.o(i.TIM_TI1_SetConfig)
    Task10ms                                 0x08004e2f   Thumb Code     4  10ms_task.o(i.Task10ms)
    Task20ms                                 0x08004e35   Thumb Code   214  20ms_task.o(i.Task20ms)
    Task2ms                                  0x08004f1d   Thumb Code    14  2ms_task.o(i.Task2ms)
    Task500ms                                0x08004f2d   Thumb Code     8  500ms_task.o(i.Task500ms)
    Task50ms                                 0x08004f39   Thumb Code   200  50ms_task.o(i.Task50ms)
    Task5ms                                  0x08005029   Thumb Code    10  5ms_task.o(i.Task5ms)
    TurnRight                                0x08005039   Thumb Code    34  bujin.o(i.TurnRight)
    Turn_Angle_Control                       0x0800505d   Thumb Code     6  pid.o(i.Turn_Angle_Control)
    UART4_IRQHandler                         0x08005069   Thumb Code    46  stm32f4xx_it.o(i.UART4_IRQHandler)
    UART5_IRQHandler                         0x080050a1   Thumb Code    46  stm32f4xx_it.o(i.UART5_IRQHandler)
    UART_Start_Receive_DMA                   0x08005405   Thumb Code   134  stm32f4xx_hal_uart.o(i.UART_Start_Receive_DMA)
    USART1_IRQHandler                        0x08005511   Thumb Code    46  stm32f4xx_it.o(i.USART1_IRQHandler)
    USART2_IRQHandler                        0x08005549   Thumb Code     6  stm32f4xx_it.o(i.USART2_IRQHandler)
    USART3_IRQHandler                        0x08005555   Thumb Code    46  stm32f4xx_it.o(i.USART3_IRQHandler)
    UsageFault_Handler                       0x0800558d   Thumb Code     2  stm32f4xx_it.o(i.UsageFault_Handler)
    Yaw_Cul                                  0x08005591   Thumb Code   110  wht101.o(i.Yaw_Cul)
    Yaw_Get                                  0x08005621   Thumb Code    56  wht101.o(i.Yaw_Get)
    __hardfp_fabs                            0x08005695   Thumb Code    20  fabs.o(i.__hardfp_fabs)
    __scatterload_copy                       0x080056a9   Thumb Code    14  handlers.o(i.__scatterload_copy)
    __scatterload_null                       0x080056b7   Thumb Code     2  handlers.o(i.__scatterload_null)
    __scatterload_zeroinit                   0x080056b9   Thumb Code    14  handlers.o(i.__scatterload_zeroinit)
    delay_us                                 0x080056c9   Thumb Code    46  delay_us.o(i.delay_us)
    getSR04Distance_1                        0x080056fd   Thumb Code    78  sr04.o(i.getSR04Distance_1)
    getSR04Distance_2                        0x08005771   Thumb Code    78  sr04.o(i.getSR04Distance_2)
    getSR04Distance_3                        0x080057e5   Thumb Code    78  sr04.o(i.getSR04Distance_3)
    getSR04Distance_4                        0x08005859   Thumb Code    78  sr04.o(i.getSR04Distance_4)
    getSR04Distance_5                        0x080058cd   Thumb Code    78  sr04.o(i.getSR04Distance_5)
    getSR04Distance_6                        0x08005941   Thumb Code    78  sr04.o(i.getSR04Distance_6)
    main                                     0x080059b5   Thumb Code  4074  main.o(i.main)
    AHBPrescTable                            0x080069bc   Data          16  system_stm32f4xx.o(.constdata)
    APBPrescTable                            0x080069cc   Data           8  system_stm32f4xx.o(.constdata)
    asc2_0806                                0x080069d4   Data         552  oled.o(.constdata)
    asc2_1206                                0x08006bfc   Data        1140  oled.o(.constdata)
    asc2_1608                                0x08007070   Data        1520  oled.o(.constdata)
    asc2_2412                                0x08007660   Data        3420  oled.o(.constdata)
    Hzk1                                     0x080083bc   Data         352  oled.o(.constdata)
    Hzk2                                     0x0800851c   Data          72  oled.o(.constdata)
    Hzk3                                     0x08008564   Data         128  oled.o(.constdata)
    Hzk4                                     0x080085e4   Data         512  oled.o(.constdata)
    Region$$Table$$Base                      0x080087e4   Number         0  anon$$obj.o(Region$$Table)
    Region$$Table$$Limit                     0x08008804   Number         0  anon$$obj.o(Region$$Table)
    start_flag                               0x20000000   Data           1  main.o(.data)
    accel_flag                               0x20000001   Data           1  main.o(.data)
    tim                                      0x20000002   Data           2  main.o(.data)
    OPENCV_buffer                            0x20000004   Data           2  main.o(.data)
    chaoshengbo                              0x20000006   Data           2  main.o(.data)
    chaoshengbo1                             0x20000008   Data           2  main.o(.data)
    a                                        0x2000000c   Data           4  main.o(.data)
    SetSpeed                                 0x20000010   Data           4  main.o(.data)
    SetAngle                                 0x20000014   Data           4  main.o(.data)
    flag1                                    0x20000018   Data           4  main.o(.data)
    distancex                                0x2000001c   Data           4  main.o(.data)
    distancey                                0x20000020   Data           4  main.o(.data)
    yaw                                      0x20000024   Data           4  main.o(.data)
    heng_flag                                0x20000028   Data           4  main.o(.data)
    Turn_flag                                0x2000002c   Data           4  main.o(.data)
    turn_angle                               0x20000030   Data           4  main.o(.data)
    z                                        0x20000034   Data           5  main.o(.data)
    Speed1_Pulse                             0x2000003c   Data           4  main.o(.data)
    Speed2_Pulse                             0x20000040   Data           4  main.o(.data)
    Speed3_Pulse                             0x20000044   Data           4  main.o(.data)
    Speed4_Pulse                             0x20000048   Data           4  main.o(.data)
    yaw_init                                 0x2000004c   Data           4  main.o(.data)
    angle_1                                  0x20000050   Data           1  main.o(.data)
    angle_2                                  0x20000051   Data           1  main.o(.data)
    angle_z                                  0x20000052   Data           2  main.o(.data)
    yaw_source                               0x20000054   Data           4  main.o(.data)
    TIM5CH1_CAPTURE_STA                      0x20000058   Data           1  tim.o(.data)
    TIM5CH2_CAPTURE_STA                      0x20000059   Data           1  tim.o(.data)
    TIM5CH3_CAPTURE_STA                      0x2000005a   Data           1  tim.o(.data)
    TIM5CH4_CAPTURE_STA                      0x2000005b   Data           1  tim.o(.data)
    TIM3CH3_CAPTURE_STA                      0x2000005c   Data           1  tim.o(.data)
    TIM3CH4_CAPTURE_STA                      0x2000005d   Data           1  tim.o(.data)
    Num1                                     0x2000005e   Data           2  tim.o(.data)
    Num2                                     0x20000060   Data           2  tim.o(.data)
    Num3                                     0x20000062   Data           2  tim.o(.data)
    Num4                                     0x20000064   Data           2  tim.o(.data)
    Num5                                     0x20000066   Data           2  tim.o(.data)
    Num6                                     0x20000068   Data           2  tim.o(.data)
    TIM5CH1_CAPTURE_VAL                      0x2000006a   Data           2  tim.o(.data)
    TIM5CH2_CAPTURE_VAL                      0x2000006c   Data           2  tim.o(.data)
    TIM5CH3_CAPTURE_VAL                      0x2000006e   Data           2  tim.o(.data)
    TIM5CH4_CAPTURE_VAL                      0x20000070   Data           2  tim.o(.data)
    TIM3CH3_CAPTURE_VAL                      0x20000072   Data           2  tim.o(.data)
    TIM3CH4_CAPTURE_VAL                      0x20000074   Data           2  tim.o(.data)
    uwTickFreq                               0x20000078   Data           1  stm32f4xx_hal.o(.data)
    uwTickPrio                               0x2000007c   Data           4  stm32f4xx_hal.o(.data)
    uwTick                                   0x20000080   Data           4  stm32f4xx_hal.o(.data)
    SystemCoreClock                          0x20000084   Data           4  system_stm32f4xx.o(.data)
    EN1                                      0x20000088   Data           1  bujin.o(.data)
    EN2                                      0x20000089   Data           1  bujin.o(.data)
    EN3                                      0x2000008a   Data           1  bujin.o(.data)
    EN4                                      0x2000008b   Data           1  bujin.o(.data)
    fac_us                                   0x2000008c   Data           1  delay_us.o(.data)
    i                                        0x2000008d   Data           1  20ms_task.o(.data)
    YAW_buffer                               0x20000090   Data          30  main.o(.bss)
    Distance                                 0x200000b0   Data          28  main.o(.bss)
    PES                                      0x200000cc   Data           9  main.o(.bss)
    hspi2                                    0x200000d8   Data          88  spi.o(.bss)
    htim1                                    0x20000130   Data          72  tim.o(.bss)
    htim2                                    0x20000178   Data          72  tim.o(.bss)
    htim3                                    0x200001c0   Data          72  tim.o(.bss)
    htim4                                    0x20000208   Data          72  tim.o(.bss)
    htim5                                    0x20000250   Data          72  tim.o(.bss)
    htim6                                    0x20000298   Data          72  tim.o(.bss)
    htim10                                   0x200002e0   Data          72  tim.o(.bss)
    htim11                                   0x20000328   Data          72  tim.o(.bss)
    htim13                                   0x20000370   Data          72  tim.o(.bss)
    htim14                                   0x200003b8   Data          72  tim.o(.bss)
    huart4                                   0x20000400   Data          68  usart.o(.bss)
    huart5                                   0x20000444   Data          68  usart.o(.bss)
    huart1                                   0x20000488   Data          68  usart.o(.bss)
    huart2                                   0x200004cc   Data          68  usart.o(.bss)
    huart3                                   0x20000510   Data          68  usart.o(.bss)
    hdma_uart4_rx                            0x20000554   Data          96  usart.o(.bss)
    hdma_uart4_tx                            0x200005b4   Data          96  usart.o(.bss)
    hdma_uart5_rx                            0x20000614   Data          96  usart.o(.bss)
    hdma_uart5_tx                            0x20000674   Data          96  usart.o(.bss)
    hdma_usart1_rx                           0x200006d4   Data          96  usart.o(.bss)
    hdma_usart1_tx                           0x20000734   Data          96  usart.o(.bss)
    hdma_usart2_rx                           0x20000794   Data          96  usart.o(.bss)
    hdma_usart2_tx                           0x200007f4   Data          96  usart.o(.bss)
    hdma_usart3_rx                           0x20000854   Data          96  usart.o(.bss)
    hdma_usart3_tx                           0x200008b4   Data          96  usart.o(.bss)
    OLED_GRAM                                0x20000914   Data        1152  oled.o(.bss)
    PID_Stright                              0x20000d94   Data          56  pid.o(.bss)
    PID_Across_yaw                           0x20000dcc   Data          56  pid.o(.bss)
    PID_Sonic                                0x20000e04   Data          56  pid.o(.bss)
    PID_Sonic_stable                         0x20000e3c   Data          56  pid.o(.bss)
    PID_Sonic_mid                            0x20000e74   Data          56  pid.o(.bss)
    PID_Angle_Control                        0x20000eac   Data          56  pid.o(.bss)
    PID_Forward_Heng_Control                 0x20000ee4   Data          56  pid.o(.bss)
    PID_Deceleration                         0x20000f1c   Data          56  pid.o(.bss)
    PID_Sonic_stable2                        0x20000f54   Data          56  pid.o(.bss)
    LastDis                                  0x20000f8c   Data          28  20ms_task.o(.bss)
    __initial_sp                             0x200013a8   Data           0  startup_stm32f407xx.o(STACK)



==============================================================================

Memory Map of the image

  Image Entry point : 0x08000189

  Load Region LR_IROM1 (Base: 0x08000000, Size: 0x00008894, Max: 0x00100000, ABSOLUTE)

    Execution Region ER_IROM1 (Base: 0x08000000, Size: 0x00008804, Max: 0x00100000, ABSOLUTE)

    Base Addr    Size         Type   Attr      Idx    E Section Name        Object

    0x08000000   0x00000188   Data   RO            3    RESET               startup_stm32f407xx.o
    0x08000188   0x00000000   Code   RO         4544  * .ARM.Collect$$$$00000000  mc_w.l(entry.o)
    0x08000188   0x00000004   Code   RO         4567    .ARM.Collect$$$$00000001  mc_w.l(entry2.o)
    0x0800018c   0x00000004   Code   RO         4570    .ARM.Collect$$$$00000004  mc_w.l(entry5.o)
    0x08000190   0x00000000   Code   RO         4572    .ARM.Collect$$$$00000008  mc_w.l(entry7b.o)
    0x08000190   0x00000000   Code   RO         4574    .ARM.Collect$$$$0000000A  mc_w.l(entry8b.o)
    0x08000190   0x00000008   Code   RO         4575    .ARM.Collect$$$$0000000B  mc_w.l(entry9a.o)
    0x08000198   0x00000000   Code   RO         4577    .ARM.Collect$$$$0000000D  mc_w.l(entry10a.o)
    0x08000198   0x00000000   Code   RO         4579    .ARM.Collect$$$$0000000F  mc_w.l(entry11a.o)
    0x08000198   0x00000004   Code   RO         4568    .ARM.Collect$$$$00002712  mc_w.l(entry2.o)
    0x0800019c   0x00000024   Code   RO            4    .text               startup_stm32f407xx.o
    0x080001c0   0x00000062   Code   RO         4547    .text               mc_w.l(uldiv.o)
    0x08000222   0x00000024   Code   RO         4549    .text               mc_w.l(memseta.o)
    0x08000246   0x0000014e   Code   RO         4551    .text               mf_w.l(dadd.o)
    0x08000394   0x000000e4   Code   RO         4553    .text               mf_w.l(dmul.o)
    0x08000478   0x000000de   Code   RO         4555    .text               mf_w.l(ddiv.o)
    0x08000556   0x00000022   Code   RO         4557    .text               mf_w.l(dflti.o)
    0x08000578   0x0000001a   Code   RO         4559    .text               mf_w.l(dfltui.o)
    0x08000592   0x0000003e   Code   RO         4561    .text               mf_w.l(dfixi.o)
    0x080005d0   0x00000030   Code   RO         4563    .text               mf_w.l(cdcmple.o)
    0x08000600   0x00000038   Code   RO         4565    .text               mf_w.l(d2f.o)
    0x08000638   0x0000001e   Code   RO         4581    .text               mc_w.l(llshl.o)
    0x08000656   0x00000020   Code   RO         4583    .text               mc_w.l(llushr.o)
    0x08000676   0x00000024   Code   RO         4585    .text               mc_w.l(llsshr.o)
    0x0800069a   0x00000000   Code   RO         4587    .text               mc_w.l(iusefp.o)
    0x0800069a   0x0000006e   Code   RO         4588    .text               mf_w.l(fepilogue.o)
    0x08000708   0x000000ba   Code   RO         4590    .text               mf_w.l(depilogue.o)
    0x080007c2   0x00000002   PAD
    0x080007c4   0x00000024   Code   RO         4592    .text               mc_w.l(init.o)
    0x080007e8   0x00000002   Code   RO          531    i.BusFault_Handler  stm32f4xx_it.o
    0x080007ea   0x00000002   PAD
    0x080007ec   0x00000018   Code   RO         4510    i.CHAOSHENGBO_Get   chaoshengbo.o
    0x08000804   0x00000018   Code   RO         4511    i.CHAOSHENGBO_Get1  chaoshengbo.o
    0x0800081c   0x0000000c   Code   RO         3960    i.Control_Across_yaw  pid.o
    0x08000828   0x0000000c   Code   RO         3963    i.Control_sonic     pid.o
    0x08000834   0x0000000c   Code   RO         3965    i.Control_sonic_stable  pid.o
    0x08000840   0x0000000c   Code   RO          532    i.DMA1_Stream0_IRQHandler  stm32f4xx_it.o
    0x0800084c   0x0000000c   Code   RO          533    i.DMA1_Stream1_IRQHandler  stm32f4xx_it.o
    0x08000858   0x0000000c   Code   RO          534    i.DMA1_Stream2_IRQHandler  stm32f4xx_it.o
    0x08000864   0x0000000c   Code   RO          535    i.DMA1_Stream3_IRQHandler  stm32f4xx_it.o
    0x08000870   0x0000000c   Code   RO          536    i.DMA1_Stream4_IRQHandler  stm32f4xx_it.o
    0x0800087c   0x0000000c   Code   RO          537    i.DMA1_Stream5_IRQHandler  stm32f4xx_it.o
    0x08000888   0x0000000c   Code   RO          538    i.DMA1_Stream6_IRQHandler  stm32f4xx_it.o
    0x08000894   0x0000000c   Code   RO          539    i.DMA1_Stream7_IRQHandler  stm32f4xx_it.o
    0x080008a0   0x0000000c   Code   RO          540    i.DMA2_Stream2_IRQHandler  stm32f4xx_it.o
    0x080008ac   0x0000000c   Code   RO          541    i.DMA2_Stream7_IRQHandler  stm32f4xx_it.o
    0x080008b8   0x00000028   Code   RO         1598    i.DMA_CalcBaseAndBitshift  stm32f4xx_hal_dma.o
    0x080008e0   0x00000054   Code   RO         1599    i.DMA_CheckFifoParam  stm32f4xx_hal_dma.o
    0x08000934   0x00000028   Code   RO         1600    i.DMA_SetConfig     stm32f4xx_hal_dma.o
    0x0800095c   0x00000002   Code   RO          542    i.DebugMon_Handler  stm32f4xx_it.o
    0x0800095e   0x00000002   PAD
    0x08000960   0x0000000c   Code   RO         3778    i.Delay_us_init     delay_us.o
    0x0800096c   0x00000008   Code   RO          543    i.EXTI15_10_IRQHandler  stm32f4xx_it.o
    0x08000974   0x00000006   Code   RO          544    i.EXTI2_IRQHandler  stm32f4xx_it.o
    0x0800097a   0x00000006   Code   RO          545    i.EXTI3_IRQHandler  stm32f4xx_it.o
    0x08000980   0x00000006   Code   RO          546    i.EXTI4_IRQHandler  stm32f4xx_it.o
    0x08000986   0x00000012   Code   RO          547    i.EXTI9_5_IRQHandler  stm32f4xx_it.o
    0x08000998   0x00000004   Code   RO           13    i.Error_Handler     main.o
    0x0800099c   0x00000038   Code   RO         3640    i.Forward_L         bujin.o
    0x080009d4   0x00000048   Code   RO         3641    i.Forward_Mid_H     bujin.o
    0x08000a1c   0x00000044   Code   RO         3642    i.Forward_Mid_Q     bujin.o
    0x08000a60   0x00000038   Code   RO         3644    i.Forward_Stable    bujin.o
    0x08000a98   0x00000092   Code   RO         1601    i.HAL_DMA_Abort     stm32f4xx_hal_dma.o
    0x08000b2a   0x00000024   Code   RO         1602    i.HAL_DMA_Abort_IT  stm32f4xx_hal_dma.o
    0x08000b4e   0x00000002   PAD
    0x08000b50   0x000001a0   Code   RO         1606    i.HAL_DMA_IRQHandler  stm32f4xx_hal_dma.o
    0x08000cf0   0x000000d4   Code   RO         1607    i.HAL_DMA_Init      stm32f4xx_hal_dma.o
    0x08000dc4   0x0000006e   Code   RO         1611    i.HAL_DMA_Start_IT  stm32f4xx_hal_dma.o
    0x08000e32   0x00000002   PAD
    0x08000e34   0x00000024   Code   RO         2020    i.HAL_Delay         stm32f4xx_hal.o
    0x08000e58   0x0000005c   Code   RO           14    i.HAL_GPIO_EXTI_Callback  main.o
    0x08000eb4   0x00000018   Code   RO         1493    i.HAL_GPIO_EXTI_IRQHandler  stm32f4xx_hal_gpio.o
    0x08000ecc   0x000001f0   Code   RO         1494    i.HAL_GPIO_Init     stm32f4xx_hal_gpio.o
    0x080010bc   0x0000000a   Code   RO         1496    i.HAL_GPIO_ReadPin  stm32f4xx_hal_gpio.o
    0x080010c6   0x00000010   Code   RO         1497    i.HAL_GPIO_TogglePin  stm32f4xx_hal_gpio.o
    0x080010d6   0x0000000a   Code   RO         1498    i.HAL_GPIO_WritePin  stm32f4xx_hal_gpio.o
    0x080010e0   0x0000000c   Code   RO         2026    i.HAL_GetTick       stm32f4xx_hal.o
    0x080010ec   0x00000010   Code   RO         2032    i.HAL_IncTick       stm32f4xx_hal.o
    0x080010fc   0x00000034   Code   RO         2033    i.HAL_Init          stm32f4xx_hal.o
    0x08001130   0x00000040   Code   RO         2034    i.HAL_InitTick      stm32f4xx_hal.o
    0x08001170   0x00000030   Code   RO          793    i.HAL_MspInit       stm32f4xx_hal_msp.o
    0x080011a0   0x0000001a   Code   RO         1883    i.HAL_NVIC_EnableIRQ  stm32f4xx_hal_cortex.o
    0x080011ba   0x00000002   PAD
    0x080011bc   0x00000040   Code   RO         1889    i.HAL_NVIC_SetPriority  stm32f4xx_hal_cortex.o
    0x080011fc   0x00000024   Code   RO         1890    i.HAL_NVIC_SetPriorityGrouping  stm32f4xx_hal_cortex.o
    0x08001220   0x00000134   Code   RO         1140    i.HAL_RCC_ClockConfig  stm32f4xx_hal_rcc.o
    0x08001354   0x00000020   Code   RO         1147    i.HAL_RCC_GetPCLK1Freq  stm32f4xx_hal_rcc.o
    0x08001374   0x00000020   Code   RO         1148    i.HAL_RCC_GetPCLK2Freq  stm32f4xx_hal_rcc.o
    0x08001394   0x00000060   Code   RO         1149    i.HAL_RCC_GetSysClockFreq  stm32f4xx_hal_rcc.o
    0x080013f4   0x0000036c   Code   RO         1152    i.HAL_RCC_OscConfig  stm32f4xx_hal_rcc.o
    0x08001760   0x00000002   Code   RO          824    i.HAL_SPI_ErrorCallback  stm32f4xx_hal_spi.o
    0x08001762   0x00000002   PAD
    0x08001764   0x000000fc   Code   RO          827    i.HAL_SPI_IRQHandler  stm32f4xx_hal_spi.o
    0x08001860   0x000000bc   Code   RO          828    i.HAL_SPI_Init      stm32f4xx_hal_spi.o
    0x0800191c   0x0000007c   Code   RO          288    i.HAL_SPI_MspInit   spi.o
    0x08001998   0x00000166   Code   RO          836    i.HAL_SPI_Transmit  stm32f4xx_hal_spi.o
    0x08001afe   0x00000028   Code   RO         1894    i.HAL_SYSTICK_Config  stm32f4xx_hal_cortex.o
    0x08001b26   0x00000002   Code   RO         2977    i.HAL_TIMEx_BreakCallback  stm32f4xx_hal_tim_ex.o
    0x08001b28   0x00000002   Code   RO         2978    i.HAL_TIMEx_CommutCallback  stm32f4xx_hal_tim_ex.o
    0x08001b2a   0x00000054   Code   RO         2980    i.HAL_TIMEx_ConfigBreakDeadTime  stm32f4xx_hal_tim_ex.o
    0x08001b7e   0x00000002   PAD
    0x08001b80   0x00000090   Code   RO         2996    i.HAL_TIMEx_MasterConfigSynchronization  stm32f4xx_hal_tim_ex.o
    0x08001c10   0x0000005a   Code   RO         2273    i.HAL_TIM_Base_Init  stm32f4xx_hal_tim.o
    0x08001c6a   0x00000002   PAD
    0x08001c6c   0x00000224   Code   RO          330    i.HAL_TIM_Base_MspInit  tim.o
    0x08001e90   0x00000078   Code   RO         2276    i.HAL_TIM_Base_Start  stm32f4xx_hal_tim.o
    0x08001f08   0x00000080   Code   RO         2278    i.HAL_TIM_Base_Start_IT  stm32f4xx_hal_tim.o
    0x08001f88   0x000000dc   Code   RO         2282    i.HAL_TIM_ConfigClockSource  stm32f4xx_hal_tim.o
    0x08002064   0x000002e8   Code   RO          331    i.HAL_TIM_IC_CaptureCallback  tim.o
    0x0800234c   0x0000011e   Code   RO         2309    i.HAL_TIM_IC_ConfigChannel  stm32f4xx_hal_tim.o
    0x0800246a   0x0000005a   Code   RO         2312    i.HAL_TIM_IC_Init   stm32f4xx_hal_tim.o
    0x080024c4   0x00000002   Code   RO         2314    i.HAL_TIM_IC_MspInit  stm32f4xx_hal_tim.o
    0x080024c6   0x00000002   PAD
    0x080024c8   0x0000010c   Code   RO         2317    i.HAL_TIM_IC_Start_IT  stm32f4xx_hal_tim.o
    0x080025d4   0x00000166   Code   RO         2321    i.HAL_TIM_IRQHandler  stm32f4xx_hal_tim.o
    0x0800273a   0x00000002   PAD
    0x0800273c   0x000000f4   Code   RO          332    i.HAL_TIM_MspPostInit  tim.o
    0x08002830   0x00000052   Code   RO         2322    i.HAL_TIM_OC_ConfigChannel  stm32f4xx_hal_tim.o
    0x08002882   0x00000002   PAD
    0x08002884   0x000000ac   Code   RO         3645    i.HAL_TIM_OC_DelayElapsedCallback  bujin.o
    0x08002930   0x0000005a   Code   RO         2326    i.HAL_TIM_OC_Init   stm32f4xx_hal_tim.o
    0x0800298a   0x00000002   Code   RO         2328    i.HAL_TIM_OC_MspInit  stm32f4xx_hal_tim.o
    0x0800298c   0x000000f4   Code   RO         2331    i.HAL_TIM_OC_Start_IT  stm32f4xx_hal_tim.o
    0x08002a80   0x00000002   Code   RO         2351    i.HAL_TIM_PWM_PulseFinishedCallback  stm32f4xx_hal_tim.o
    0x08002a82   0x00000002   PAD
    0x08002a84   0x0000010c   Code   RO          333    i.HAL_TIM_PeriodElapsedCallback  tim.o
    0x08002b90   0x0000002a   Code   RO         2361    i.HAL_TIM_ReadCapturedValue  stm32f4xx_hal_tim.o
    0x08002bba   0x00000002   Code   RO         2364    i.HAL_TIM_TriggerCallback  stm32f4xx_hal_tim.o
    0x08002bbc   0x00000002   Code   RO         3255    i.HAL_UARTEx_RxEventCallback  stm32f4xx_hal_uart.o
    0x08002bbe   0x00000070   Code   RO         3267    i.HAL_UART_DMAStop  stm32f4xx_hal_uart.o
    0x08002c2e   0x00000002   Code   RO         3269    i.HAL_UART_ErrorCallback  stm32f4xx_hal_uart.o
    0x08002c30   0x00000268   Code   RO         3272    i.HAL_UART_IRQHandler  stm32f4xx_hal_uart.o
    0x08002e98   0x00000062   Code   RO         3273    i.HAL_UART_Init     stm32f4xx_hal_uart.o
    0x08002efa   0x00000002   PAD
    0x08002efc   0x0000046a   Code   RO          466    i.HAL_UART_MspInit  usart.o
    0x08003366   0x0000002a   Code   RO         3277    i.HAL_UART_Receive_DMA  stm32f4xx_hal_uart.o
    0x08003390   0x00000002   Code   RO         3279    i.HAL_UART_RxCpltCallback  stm32f4xx_hal_uart.o
    0x08003392   0x00000002   Code   RO         3280    i.HAL_UART_RxHalfCpltCallback  stm32f4xx_hal_uart.o
    0x08003394   0x000000b2   Code   RO         3281    i.HAL_UART_Transmit  stm32f4xx_hal_uart.o
    0x08003446   0x00000002   Code   RO         3284    i.HAL_UART_TxCpltCallback  stm32f4xx_hal_uart.o
    0x08003448   0x00000030   Code   RO         4110    i.HCSR_04_1         sr04.o
    0x08003478   0x00000030   Code   RO         4111    i.HCSR_04_2         sr04.o
    0x080034a8   0x00000030   Code   RO         4112    i.HCSR_04_3         sr04.o
    0x080034d8   0x00000030   Code   RO         4113    i.HCSR_04_4         sr04.o
    0x08003508   0x00000030   Code   RO         4114    i.HCSR_04_5         sr04.o
    0x08003538   0x00000030   Code   RO         4115    i.HCSR_04_6         sr04.o
    0x08003568   0x00000002   Code   RO          548    i.HardFault_Handler  stm32f4xx_it.o
    0x0800356a   0x00000002   PAD
    0x0800356c   0x0000003c   Code   RO         3646    i.Heng              bujin.o
    0x080035a8   0x00000040   Code   RO         3647    i.Heng1             bujin.o
    0x080035e8   0x00000044   Code   RO         3648    i.Heng2             bujin.o
    0x0800362c   0x0000001e   Code   RO         3968    i.Limit_Pwm_float   pid.o
    0x0800364a   0x00000002   PAD
    0x0800364c   0x000000cc   Code   RO          263    i.MX_DMA_Init       dma.o
    0x08003718   0x0000018c   Code   RO          239    i.MX_GPIO_Init      gpio.o
    0x080038a4   0x00000044   Code   RO          289    i.MX_SPI2_Init      spi.o
    0x080038e8   0x00000068   Code   RO          334    i.MX_TIM10_Init     tim.o
    0x08003950   0x00000068   Code   RO          335    i.MX_TIM11_Init     tim.o
    0x080039b8   0x00000068   Code   RO          336    i.MX_TIM13_Init     tim.o
    0x08003a20   0x00000068   Code   RO          337    i.MX_TIM14_Init     tim.o
    0x08003a88   0x000000fc   Code   RO          338    i.MX_TIM1_Init      tim.o
    0x08003b84   0x00000068   Code   RO          339    i.MX_TIM2_Init      tim.o
    0x08003bec   0x000000a8   Code   RO          340    i.MX_TIM3_Init      tim.o
    0x08003c94   0x00000064   Code   RO          341    i.MX_TIM4_Init      tim.o
    0x08003cf8   0x000000c8   Code   RO          342    i.MX_TIM5_Init      tim.o
    0x08003dc0   0x00000048   Code   RO          343    i.MX_TIM6_Init      tim.o
    0x08003e08   0x00000038   Code   RO          467    i.MX_UART4_Init     usart.o
    0x08003e40   0x00000038   Code   RO          468    i.MX_UART5_Init     usart.o
    0x08003e78   0x00000038   Code   RO          469    i.MX_USART1_UART_Init  usart.o
    0x08003eb0   0x00000038   Code   RO          470    i.MX_USART2_UART_Init  usart.o
    0x08003ee8   0x00000038   Code   RO          471    i.MX_USART3_UART_Init  usart.o
    0x08003f20   0x00000002   Code   RO          549    i.MemManage_Handler  stm32f4xx_it.o
    0x08003f22   0x0000002c   Code   RO         3649    i.Modify_ZH         bujin.o
    0x08003f4e   0x00000002   PAD
    0x08003f50   0x00000060   Code   RO         3650    i.MotorLH_Ctrl      bujin.o
    0x08003fb0   0x00000060   Code   RO         3651    i.MotorLQ_Ctrl      bujin.o
    0x08004010   0x00000068   Code   RO         3652    i.MotorRH_Ctrl      bujin.o
    0x08004078   0x00000068   Code   RO         3653    i.MotorRQ_Ctrl      bujin.o
    0x080040e0   0x00000002   Code   RO          550    i.NMI_Handler       stm32f4xx_it.o
    0x080040e2   0x00000002   PAD
    0x080040e4   0x0000002c   Code   RO         3819    i.OLED_Clear        oled.o
    0x08004110   0x0000002c   Code   RO         3826    i.OLED_DrawPoint    oled.o
    0x0800413c   0x000000ea   Code   RO         3827    i.OLED_Init         oled.o
    0x08004226   0x00000010   Code   RO         3828    i.OLED_Pow          oled.o
    0x08004236   0x00000002   PAD
    0x08004238   0x0000004c   Code   RO         3829    i.OLED_Refresh      oled.o
    0x08004284   0x000000e4   Code   RO         3832    i.OLED_ShowChar     oled.o
    0x08004368   0x0000006e   Code   RO         3834    i.OLED_ShowNum      oled.o
    0x080043d6   0x0000003c   Code   RO         3836    i.OLED_ShowString   oled.o
    0x08004412   0x00000002   PAD
    0x08004414   0x00000050   Code   RO         3837    i.OLED_WR_Byte      oled.o
    0x08004464   0x00000054   Code   RO         4237    i.PES_Scan          pes.o
    0x080044b8   0x000000bc   Code   RO         3970    i.PID_Control_sonic  pid.o
    0x08004574   0x000000bc   Code   RO         3972    i.PID_Control_sonic_stable  pid.o
    0x08004630   0x000000bc   Code   RO         3974    i.PID_Control_yaw   pid.o
    0x080046ec   0x00000050   Code   RO         3976    i.PID_Init          pid.o
    0x0800473c   0x000000bc   Code   RO         3978    i.PID_Turn_Angle    pid.o
    0x080047f8   0x00000002   Code   RO          551    i.PendSV_Handler    stm32f4xx_it.o
    0x080047fa   0x00000002   PAD
    0x080047fc   0x0000000c   Code   RO          552    i.SPI2_IRQHandler   stm32f4xx_it.o
    0x08004808   0x00000010   Code   RO          855    i.SPI_DMAAbortOnError  stm32f4xx_hal_spi.o
    0x08004818   0x00000058   Code   RO          866    i.SPI_EndRxTxTransaction  stm32f4xx_hal_spi.o
    0x08004870   0x000000b8   Code   RO          871    i.SPI_WaitFlagStateUntilTimeout  stm32f4xx_hal_spi.o
    0x08004928   0x00000002   Code   RO          553    i.SVC_Handler       stm32f4xx_it.o
    0x0800492a   0x00000018   Code   RO         3654    i.Setpulse          bujin.o
    0x08004942   0x0000001e   Code   RO         3655    i.Stop              bujin.o
    0x08004960   0x00000004   Code   RO          554    i.SysTick_Handler   stm32f4xx_it.o
    0x08004964   0x00000098   Code   RO           15    i.SystemClock_Config  main.o
    0x080049fc   0x00000010   Code   RO         3602    i.SystemInit        system_stm32f4xx.o
    0x08004a0c   0x0000000c   Code   RO          555    i.TIM1_BRK_TIM9_IRQHandler  stm32f4xx_it.o
    0x08004a18   0x0000000c   Code   RO          556    i.TIM1_CC_IRQHandler  stm32f4xx_it.o
    0x08004a24   0x0000001c   Code   RO          557    i.TIM1_TRG_COM_TIM11_IRQHandler  stm32f4xx_it.o
    0x08004a40   0x0000001c   Code   RO          558    i.TIM1_UP_TIM10_IRQHandler  stm32f4xx_it.o
    0x08004a5c   0x0000000c   Code   RO          559    i.TIM2_IRQHandler   stm32f4xx_it.o
    0x08004a68   0x0000000c   Code   RO          560    i.TIM3_IRQHandler   stm32f4xx_it.o
    0x08004a74   0x0000000c   Code   RO          561    i.TIM5_IRQHandler   stm32f4xx_it.o
    0x08004a80   0x0000000c   Code   RO          562    i.TIM6_DAC_IRQHandler  stm32f4xx_it.o
    0x08004a8c   0x0000000c   Code   RO          563    i.TIM8_TRG_COM_TIM14_IRQHandler  stm32f4xx_it.o
    0x08004a98   0x0000000c   Code   RO          564    i.TIM8_UP_TIM13_IRQHandler  stm32f4xx_it.o
    0x08004aa4   0x000000c8   Code   RO         2366    i.TIM_Base_SetConfig  stm32f4xx_hal_tim.o
    0x08004b6c   0x0000001a   Code   RO         2367    i.TIM_CCxChannelCmd  stm32f4xx_hal_tim.o
    0x08004b86   0x00000014   Code   RO         2377    i.TIM_ETR_SetConfig  stm32f4xx_hal_tim.o
    0x08004b9a   0x00000010   Code   RO         2378    i.TIM_ITRx_SetConfig  stm32f4xx_hal_tim.o
    0x08004baa   0x00000002   PAD
    0x08004bac   0x00000060   Code   RO         2379    i.TIM_OC1_SetConfig  stm32f4xx_hal_tim.o
    0x08004c0c   0x0000006c   Code   RO         2380    i.TIM_OC2_SetConfig  stm32f4xx_hal_tim.o
    0x08004c78   0x00000068   Code   RO         2381    i.TIM_OC3_SetConfig  stm32f4xx_hal_tim.o
    0x08004ce0   0x00000050   Code   RO         2382    i.TIM_OC4_SetConfig  stm32f4xx_hal_tim.o
    0x08004d30   0x00000022   Code   RO         2384    i.TIM_TI1_ConfigInputStage  stm32f4xx_hal_tim.o
    0x08004d52   0x00000002   PAD
    0x08004d54   0x00000080   Code   RO         2385    i.TIM_TI1_SetConfig  stm32f4xx_hal_tim.o
    0x08004dd4   0x00000024   Code   RO         2386    i.TIM_TI2_ConfigInputStage  stm32f4xx_hal_tim.o
    0x08004df8   0x00000036   Code   RO         2387    i.TIM_TI2_SetConfig  stm32f4xx_hal_tim.o
    0x08004e2e   0x00000004   Code   RO         4355    i.Task10ms          10ms_task.o
    0x08004e32   0x00000002   PAD
    0x08004e34   0x000000e8   Code   RO         4382    i.Task20ms          20ms_task.o
    0x08004f1c   0x0000000e   Code   RO         4293    i.Task2ms           2ms_task.o
    0x08004f2a   0x00000002   PAD
    0x08004f2c   0x0000000c   Code   RO         4442    i.Task500ms         500ms_task.o
    0x08004f38   0x000000f0   Code   RO         4414    i.Task50ms          50ms_task.o
    0x08005028   0x00000010   Code   RO         4323    i.Task5ms           5ms_task.o
    0x08005038   0x00000022   Code   RO         3657    i.TurnRight         bujin.o
    0x0800505a   0x00000002   PAD
    0x0800505c   0x0000000c   Code   RO         3979    i.Turn_Angle_Control  pid.o
    0x08005068   0x00000038   Code   RO          565    i.UART4_IRQHandler  stm32f4xx_it.o
    0x080050a0   0x00000038   Code   RO          566    i.UART5_IRQHandler  stm32f4xx_it.o
    0x080050d8   0x00000010   Code   RO         3286    i.UART_DMAAbortOnError  stm32f4xx_hal_uart.o
    0x080050e8   0x0000004a   Code   RO         3287    i.UART_DMAError     stm32f4xx_hal_uart.o
    0x08005132   0x00000082   Code   RO         3288    i.UART_DMAReceiveCplt  stm32f4xx_hal_uart.o
    0x080051b4   0x0000001a   Code   RO         3290    i.UART_DMARxHalfCplt  stm32f4xx_hal_uart.o
    0x080051ce   0x0000004e   Code   RO         3296    i.UART_EndRxTransfer  stm32f4xx_hal_uart.o
    0x0800521c   0x0000001c   Code   RO         3297    i.UART_EndTxTransfer  stm32f4xx_hal_uart.o
    0x08005238   0x000000c0   Code   RO         3298    i.UART_Receive_IT   stm32f4xx_hal_uart.o
    0x080052f8   0x0000010c   Code   RO         3299    i.UART_SetConfig    stm32f4xx_hal_uart.o
    0x08005404   0x00000094   Code   RO         3300    i.UART_Start_Receive_DMA  stm32f4xx_hal_uart.o
    0x08005498   0x00000078   Code   RO         3302    i.UART_WaitOnFlagUntilTimeout  stm32f4xx_hal_uart.o
    0x08005510   0x00000038   Code   RO          567    i.USART1_IRQHandler  stm32f4xx_it.o
    0x08005548   0x0000000c   Code   RO          568    i.USART2_IRQHandler  stm32f4xx_it.o
    0x08005554   0x00000038   Code   RO          569    i.USART3_IRQHandler  stm32f4xx_it.o
    0x0800558c   0x00000002   Code   RO          570    i.UsageFault_Handler  stm32f4xx_it.o
    0x0800558e   0x00000002   PAD
    0x08005590   0x00000090   Code   RO         4203    i.Yaw_Cul           wht101.o
    0x08005620   0x00000054   Code   RO         4204    i.Yaw_Get           wht101.o
    0x08005674   0x00000020   Code   RO         1896    i.__NVIC_SetPriority  stm32f4xx_hal_cortex.o
    0x08005694   0x00000014   Code   RO         4538    i.__hardfp_fabs     m_wm.l(fabs.o)
    0x080056a8   0x0000000e   Code   RO         4596    i.__scatterload_copy  mc_w.l(handlers.o)
    0x080056b6   0x00000002   Code   RO         4597    i.__scatterload_null  mc_w.l(handlers.o)
    0x080056b8   0x0000000e   Code   RO         4598    i.__scatterload_zeroinit  mc_w.l(handlers.o)
    0x080056c6   0x00000002   PAD
    0x080056c8   0x00000034   Code   RO         3779    i.delay_us          delay_us.o
    0x080056fc   0x00000074   Code   RO         4116    i.getSR04Distance_1  sr04.o
    0x08005770   0x00000074   Code   RO         4117    i.getSR04Distance_2  sr04.o
    0x080057e4   0x00000074   Code   RO         4118    i.getSR04Distance_3  sr04.o
    0x08005858   0x00000074   Code   RO         4119    i.getSR04Distance_4  sr04.o
    0x080058cc   0x00000074   Code   RO         4120    i.getSR04Distance_5  sr04.o
    0x08005940   0x00000074   Code   RO         4121    i.getSR04Distance_6  sr04.o
    0x080059b4   0x00001000   Code   RO           16    i.main              main.o
    0x080069b4   0x00000008   Data   RO         1613    .constdata          stm32f4xx_hal_dma.o
    0x080069bc   0x00000010   Data   RO         3603    .constdata          system_stm32f4xx.o
    0x080069cc   0x00000008   Data   RO         3604    .constdata          system_stm32f4xx.o
    0x080069d4   0x00001e10   Data   RO         3839    .constdata          oled.o
    0x080087e4   0x00000020   Data   RO         4594    Region$$Table       anon$$obj.o


    Execution Region RW_IRAM1 (Base: 0x20000000, Size: 0x000013a8, Max: 0x0001c000, ABSOLUTE)

    Base Addr    Size         Type   Attr      Idx    E Section Name        Object

    0x20000000   0x00000039   Data   RW           18    .data               main.o
    0x20000039   0x00000003   PAD
    0x2000003c   0x00000004   Data   RW           24    .data               main.o
    0x20000040   0x00000004   Data   RW           25    .data               main.o
    0x20000044   0x00000004   Data   RW           26    .data               main.o
    0x20000048   0x00000004   Data   RW           27    .data               main.o
    0x2000004c   0x00000004   Data   RW           32    .data               main.o
    0x20000050   0x00000001   Data   RW           42    .data               main.o
    0x20000051   0x00000001   Data   RW           43    .data               main.o
    0x20000052   0x00000002   Data   RW           44    .data               main.o
    0x20000054   0x00000004   Data   RW           45    .data               main.o
    0x20000058   0x0000001e   Data   RW          345    .data               tim.o
    0x20000076   0x00000002   PAD
    0x20000078   0x0000000c   Data   RW         2040    .data               stm32f4xx_hal.o
    0x20000084   0x00000004   Data   RW         3605    .data               system_stm32f4xx.o
    0x20000088   0x00000004   Data   RW         3658    .data               bujin.o
    0x2000008c   0x00000001   Data   RW         3780    .data               delay_us.o
    0x2000008d   0x00000001   Data   RW         4384    .data               20ms_task.o
    0x2000008e   0x00000002   PAD
    0x20000090   0x00000045   Zero   RW           17    .bss                main.o
    0x200000d5   0x00000003   PAD
    0x200000d8   0x00000058   Zero   RW          290    .bss                spi.o
    0x20000130   0x000002d0   Zero   RW          344    .bss                tim.o
    0x20000400   0x00000514   Zero   RW          472    .bss                usart.o
    0x20000914   0x00000480   Zero   RW         3838    .bss                oled.o
    0x20000d94   0x000001c0   Zero   RW         3980    .bss                pid.o
    0x20000f54   0x00000038   Zero   RW         3981    .bss                pid.o
    0x20000f8c   0x0000001c   Zero   RW         4383    .bss                20ms_task.o
    0x20000fa8   0x00000400   Zero   RW            1    STACK               startup_stm32f407xx.o


    Execution Region RW_IRAM2 (Base: 0x2001c000, Size: 0x00000000, Max: 0x00004000, ABSOLUTE)

    **** No section assigned to this execution region ****


==============================================================================

Image component sizes


      Code (inc. data)   RO Data    RW Data    ZI Data      Debug   Object Name

         4          0          0          0          0        455   10ms_task.o
       232         26          0          1         28       1386   20ms_task.o
        14          0          0          0          0        498   2ms_task.o
        12          4          0          0          0        460   500ms_task.o
       240         40          0          0          0        615   50ms_task.o
        16          6          0          0          0        458   5ms_task.o
      1148        116          0          4          0      10783   bujin.o
        48         16          0          0          0       1125   chaoshengbo.o
        64         12          0          1          0       1284   delay_us.o
       204          4          0          0          0        918   dma.o
       396         20          0          0          0       1179   gpio.o
      4344        254          0         85         69     705999   main.o
       892         38       7696          0       1152       7642   oled.o
        84         12          0          0          0        503   pes.o
       910        118          0          0        504       8204   pid.o
       192         22          0          0         88       1757   spi.o
       984        252          0          0          0       7104   sr04.o
        36          8        392          0       1024        852   startup_stm32f407xx.o
       180         28          0         12          0       9549   stm32f4xx_hal.o
       198         14          0          0          0      34047   stm32f4xx_hal_cortex.o
      1084         16          8          0          0       7502   stm32f4xx_hal_dma.o
       556         52          0          0          0       4219   stm32f4xx_hal_gpio.o
        48          6          0          0          0        890   stm32f4xx_hal_msp.o
      1344         72          0          0          0       5340   stm32f4xx_hal_rcc.o
      1088         18          0          0          0       6983   stm32f4xx_hal_spi.o
      2928        222          0          0          0      22795   stm32f4xx_hal_tim.o
       232         28          0          0          0       3357   stm32f4xx_hal_tim_ex.o
      2136         30          0          0          0      16373   stm32f4xx_hal_uart.o
       584        180          0          0          0      21377   stm32f4xx_it.o
        16          4         24          4          0       1175   system_stm32f4xx.o
      3116        190          0         30        720      12384   tim.o
      1410        100          0          0       1300       5716   usart.o
       228         62          0          0          0       1020   wht101.o

    ----------------------------------------------------------------------
     25020       1970       8152        144       4888     903949   Object Totals
         0          0         32          0          0          0   (incl. Generated)
        52          0          0          7          3          0   (incl. Padding)

    ----------------------------------------------------------------------

      Code (inc. data)   RO Data    RW Data    ZI Data      Debug   Library Member Name

        20          0          0          0          0        124   fabs.o
         0          0          0          0          0          0   entry.o
         0          0          0          0          0          0   entry10a.o
         0          0          0          0          0          0   entry11a.o
         8          4          0          0          0          0   entry2.o
         4          0          0          0          0          0   entry5.o
         0          0          0          0          0          0   entry7b.o
         0          0          0          0          0          0   entry8b.o
         8          4          0          0          0          0   entry9a.o
        30          0          0          0          0          0   handlers.o
        36          8          0          0          0         68   init.o
         0          0          0          0          0          0   iusefp.o
        30          0          0          0          0         68   llshl.o
        36          0          0          0          0         68   llsshr.o
        32          0          0          0          0         68   llushr.o
        36          0          0          0          0        108   memseta.o
        98          0          0          0          0         92   uldiv.o
        48          0          0          0          0         68   cdcmple.o
        56          0          0          0          0         88   d2f.o
       334          0          0          0          0        148   dadd.o
       222          0          0          0          0        100   ddiv.o
       186          0          0          0          0        176   depilogue.o
        62          0          0          0          0         80   dfixi.o
        34          0          0          0          0         76   dflti.o
        26          0          0          0          0         76   dfltui.o
       228          0          0          0          0         96   dmul.o
       110          0          0          0          0        168   fepilogue.o

    ----------------------------------------------------------------------
      1648         16          0          0          0       1672   Library Totals
         4          0          0          0          0          0   (incl. Padding)

    ----------------------------------------------------------------------

      Code (inc. data)   RO Data    RW Data    ZI Data      Debug   Library Name

        20          0          0          0          0        124   m_wm.l
       318         16          0          0          0        472   mc_w.l
      1306          0          0          0          0       1076   mf_w.l

    ----------------------------------------------------------------------
      1648         16          0          0          0       1672   Library Totals

    ----------------------------------------------------------------------

==============================================================================


      Code (inc. data)   RO Data    RW Data    ZI Data      Debug   

     26668       1986       8152        144       4888     884497   Grand Totals
     26668       1986       8152        144       4888     884497   ELF Image Totals
     26668       1986       8152        144          0          0   ROM Totals

==============================================================================

    Total RO  Size (Code + RO Data)                34820 (  34.00kB)
    Total RW  Size (RW Data + ZI Data)              5032 (   4.91kB)
    Total ROM Size (Code + RO Data + RW Data)      34964 (  34.14kB)

==============================================================================

