Component: ARM Compiler 5.06 update 7 (build 960) Tool: armlink [4d3601]

==============================================================================

Section Cross References

    startup_stm32f407xx.o(STACK) refers (Special) to heapauxi.o(.text) for __use_two_region_memory
    startup_stm32f407xx.o(HEAP) refers (Special) to heapauxi.o(.text) for __use_two_region_memory
    startup_stm32f407xx.o(RESET) refers (Special) to heapauxi.o(.text) for __use_two_region_memory
    startup_stm32f407xx.o(RESET) refers to startup_stm32f407xx.o(STACK) for __initial_sp
    startup_stm32f407xx.o(RESET) refers to startup_stm32f407xx.o(.text) for Reset_Handler
    startup_stm32f407xx.o(RESET) refers to stm32f4xx_it.o(i.NMI_Handler) for NMI_Handler
    startup_stm32f407xx.o(RESET) refers to stm32f4xx_it.o(i.HardFault_Handler) for HardFault_Handler
    startup_stm32f407xx.o(RESET) refers to stm32f4xx_it.o(i.MemManage_Handler) for MemManage_Handler
    startup_stm32f407xx.o(RESET) refers to stm32f4xx_it.o(i.BusFault_Handler) for BusFault_Handler
    startup_stm32f407xx.o(RESET) refers to stm32f4xx_it.o(i.UsageFault_Handler) for UsageFault_Handler
    startup_stm32f407xx.o(RESET) refers to stm32f4xx_it.o(i.SVC_Handler) for SVC_Handler
    startup_stm32f407xx.o(RESET) refers to stm32f4xx_it.o(i.DebugMon_Handler) for DebugMon_Handler
    startup_stm32f407xx.o(RESET) refers to stm32f4xx_it.o(i.PendSV_Handler) for PendSV_Handler
    startup_stm32f407xx.o(RESET) refers to stm32f4xx_it.o(i.SysTick_Handler) for SysTick_Handler
    startup_stm32f407xx.o(RESET) refers to stm32f4xx_it.o(i.EXTI2_IRQHandler) for EXTI2_IRQHandler
    startup_stm32f407xx.o(RESET) refers to stm32f4xx_it.o(i.EXTI3_IRQHandler) for EXTI3_IRQHandler
    startup_stm32f407xx.o(RESET) refers to stm32f4xx_it.o(i.EXTI4_IRQHandler) for EXTI4_IRQHandler
    startup_stm32f407xx.o(RESET) refers to stm32f4xx_it.o(i.DMA1_Stream0_IRQHandler) for DMA1_Stream0_IRQHandler
    startup_stm32f407xx.o(RESET) refers to stm32f4xx_it.o(i.EXTI9_5_IRQHandler) for EXTI9_5_IRQHandler
    startup_stm32f407xx.o(RESET) refers to stm32f4xx_it.o(i.TIM1_CC_IRQHandler) for TIM1_CC_IRQHandler
    startup_stm32f407xx.o(RESET) refers to stm32f4xx_it.o(i.USART1_IRQHandler) for USART1_IRQHandler
    startup_stm32f407xx.o(RESET) refers to stm32f4xx_it.o(i.DMA1_Stream7_IRQHandler) for DMA1_Stream7_IRQHandler
    startup_stm32f407xx.o(RESET) refers to stm32f4xx_it.o(i.UART5_IRQHandler) for UART5_IRQHandler
    startup_stm32f407xx.o(RESET) refers to stm32f4xx_it.o(i.DMA2_Stream2_IRQHandler) for DMA2_Stream2_IRQHandler
    startup_stm32f407xx.o(RESET) refers to stm32f4xx_it.o(i.DMA2_Stream7_IRQHandler) for DMA2_Stream7_IRQHandler
    startup_stm32f407xx.o(.text) refers (Special) to heapauxi.o(.text) for __use_two_region_memory
    startup_stm32f407xx.o(.text) refers to system_stm32f4xx.o(i.SystemInit) for SystemInit
    startup_stm32f407xx.o(.text) refers to __main.o(!!!main) for __main
    startup_stm32f407xx.o(.text) refers to startup_stm32f407xx.o(HEAP) for Heap_Mem
    startup_stm32f407xx.o(.text) refers to startup_stm32f407xx.o(STACK) for Stack_Mem
    main.o(i.HAL_GPIO_EXTI_Callback) refers to stepmotor.o(i.LIFTMOTOR_MOVE) for LIFTMOTOR_MOVE
    main.o(i.HAL_GPIO_EXTI_Callback) refers to stepmotor.o(i.CROSMOTOR_MOVE) for CROSMOTOR_MOVE
    main.o(i.HAL_GPIO_EXTI_Callback) refers to main.o(.bss) for .bss
    main.o(i.SystemClock_Config) refers to rt_memclr_w.o(.text) for __aeabi_memclr4
    main.o(i.SystemClock_Config) refers to stm32f4xx_hal_rcc.o(i.HAL_RCC_OscConfig) for HAL_RCC_OscConfig
    main.o(i.SystemClock_Config) refers to stm32f4xx_hal_rcc.o(i.HAL_RCC_ClockConfig) for HAL_RCC_ClockConfig
    main.o(i.main) refers to stm32f4xx_hal.o(i.HAL_Init) for HAL_Init
    main.o(i.main) refers to main.o(i.SystemClock_Config) for SystemClock_Config
    main.o(i.main) refers to gpio.o(i.MX_GPIO_Init) for MX_GPIO_Init
    main.o(i.main) refers to dma.o(i.MX_DMA_Init) for MX_DMA_Init
    main.o(i.main) refers to spi.o(i.MX_SPI2_Init) for MX_SPI2_Init
    main.o(i.main) refers to usart.o(i.MX_UART4_Init) for MX_UART4_Init
    main.o(i.main) refers to usart.o(i.MX_UART5_Init) for MX_UART5_Init
    main.o(i.main) refers to usart.o(i.MX_USART1_UART_Init) for MX_USART1_UART_Init
    main.o(i.main) refers to usart.o(i.MX_USART2_UART_Init) for MX_USART2_UART_Init
    main.o(i.main) refers to usart.o(i.MX_USART3_UART_Init) for MX_USART3_UART_Init
    main.o(i.main) refers to usart.o(i.MX_USART6_UART_Init) for MX_USART6_UART_Init
    main.o(i.main) refers to can.o(i.MX_CAN1_Init) for MX_CAN1_Init
    main.o(i.main) refers to tim.o(i.MX_TIM1_Init) for MX_TIM1_Init
    main.o(i.main) refers to tim.o(i.MX_TIM2_Init) for MX_TIM2_Init
    main.o(i.main) refers to tim.o(i.MX_TIM3_Init) for MX_TIM3_Init
    main.o(i.main) refers to stm32f4xx_hal_tim.o(i.HAL_TIM_PWM_Start) for HAL_TIM_PWM_Start
    main.o(i.main) refers to stm32f4xx_hal_uart.o(i.HAL_UART_Receive_DMA) for HAL_UART_Receive_DMA
[...]
    .ARM.Collect$$libinit$$0000000E          0x08000202   Section        0  libinit2.o(.ARM.Collect$$libinit$$0000000E)
    .ARM.Collect$$libinit$$00000011          0x08000202   Section        0  libinit2.o(.ARM.Collect$$libinit$$00000011)
    .ARM.Collect$$libinit$$00000013          0x08000202   Section        0  libinit2.o(.ARM.Collect$$libinit$$00000013)
    .ARM.Collect$$libinit$$00000015          0x08000202   Section        0  libinit2.o(.ARM.Collect$$libinit$$00000015)
    .ARM.Collect$$libinit$$00000017          0x08000202   Section        0  libinit2.o(.ARM.Collect$$libinit$$00000017)
    .ARM.Collect$$libinit$$00000019          0x08000202   Section        0  libinit2.o(.ARM.Collect$$libinit$$00000019)
    .ARM.Collect$$libinit$$0000001B          0x08000202   Section        0  libinit2.o(.ARM.Collect$$libinit$$0000001B)
    .ARM.Collect$$libinit$$0000001D          0x08000202   Section        0  libinit2.o(.ARM.Collect$$libinit$$0000001D)
    .ARM.Collect$$libinit$$0000001F          0x08000202   Section        0  libinit2.o(.ARM.Collect$$libinit$$0000001F)
    .ARM.Collect$$libinit$$00000021          0x08000202   Section        0  libinit2.o(.ARM.Collect$$libinit$$00000021)
    .ARM.Collect$$libinit$$00000023          0x08000202   Section        0  libinit2.o(.ARM.Collect$$libinit$$00000023)
    .ARM.Collect$$libinit$$00000025          0x08000202   Section        0  libinit2.o(.ARM.Collect$$libinit$$00000025)
    .ARM.Collect$$libinit$$0000002C          0x08000202   Section        0  libinit2.o(.ARM.Collect$$libinit$$0000002C)
    .ARM.Collect$$libinit$$0000002E          0x08000202   Section        0  libinit2.o(.ARM.Collect$$libinit$$0000002E)
    .ARM.Collect$$libinit$$00000030          0x08000202   Section        0  libinit2.o(.ARM.Collect$$libinit$$00000030)
    .ARM.Collect$$libinit$$00000032          0x08000202   Section        0  libinit2.o(.ARM.Collect$$libinit$$00000032)
    .ARM.Collect$$libinit$$00000033          0x08000202   Section        2  libinit2.o(.ARM.Collect$$libinit$$00000033)
    .ARM.Collect$$libshutdown$$00000000      0x08000204   Section        2  libshutdown.o(.ARM.Collect$$libshutdown$$00000000)
    .ARM.Collect$$libshutdown$$00000002      0x08000206   Section        0  libshutdown2.o(.ARM.Collect$$libshutdown$$00000002)
    .ARM.Collect$$libshutdown$$00000004      0x08000206   Section        0  libshutdown2.o(.ARM.Collect$$libshutdown$$00000004)
    .ARM.Collect$$libshutdown$$00000006      0x08000206   Section        0  libshutdown2.o(.ARM.Collect$$libshutdown$$00000006)
    .ARM.Collect$$libshutdown$$00000009      0x08000206   Section        0  libshutdown2.o(.ARM.Collect$$libshutdown$$00000009)
    .ARM.Collect$$libshutdown$$0000000C      0x08000206   Section        0  libshutdown2.o(.ARM.Collect$$libshutdown$$0000000C)
    .ARM.Collect$$libshutdown$$0000000E      0x08000206   Section        0  libshutdown2.o(.ARM.Collect$$libshutdown$$0000000E)
    .ARM.Collect$$libshutdown$$00000011      0x08000206   Section        0  libshutdown2.o(.ARM.Collect$$libshutdown$$00000011)
    .ARM.Collect$$libshutdown$$00000012      0x08000206   Section        2  libshutdown2.o(.ARM.Collect$$libshutdown$$00000012)
    .ARM.Collect$$rtentry$$00000000          0x08000208   Section        0  __rtentry.o(.ARM.Collect$$rtentry$$00000000)
    .ARM.Collect$$rtentry$$00000002          0x08000208   Section        0  __rtentry2.o(.ARM.Collect$$rtentry$$00000002)
    .ARM.Collect$$rtentry$$00000004          0x08000208   Section        6  __rtentry4.o(.ARM.Collect$$rtentry$$00000004)
    .ARM.Collect$$rtentry$$00000009          0x0800020e   Section        0  __rtentry2.o(.ARM.Collect$$rtentry$$00000009)
    .ARM.Collect$$rtentry$$0000000A          0x0800020e   Section        4  __rtentry2.o(.ARM.Collect$$rtentry$$0000000A)
    .ARM.Collect$$rtentry$$0000000C          0x08000212   Section        0  __rtentry2.o(.ARM.Collect$$rtentry$$0000000C)
    .ARM.Collect$$rtentry$$0000000D          0x08000212   Section        8  __rtentry2.o(.ARM.Collect$$rtentry$$0000000D)
    .ARM.Collect$$rtexit$$00000000           0x0800021a   Section        2  rtexit.o(.ARM.Collect$$rtexit$$00000000)
    .ARM.Collect$$rtexit$$00000002           0x0800021c   Section        0  rtexit2.o(.ARM.Collect$$rtexit$$00000002)
    .ARM.Collect$$rtexit$$00000003           0x0800021c   Section        4  rtexit2.o(.ARM.Collect$$rtexit$$00000003)
    .ARM.Collect$$rtexit$$00000004           0x08000220   Section        6  rtexit2.o(.ARM.Collect$$rtexit$$00000004)
    .text                                    0x08000228   Section       64  startup_stm32f407xx.o(.text)
    $v0                                      0x08000228   Number         0  startup_stm32f407xx.o(.text)
    .text                                    0x08000268   Section      238  lludivv7m.o(.text)
    .text                                    0x08000356   Section       78  rt_memclr_w.o(.text)
    .text                                    0x080003a4   Section        0  heapauxi.o(.text)
    .text                                    0x080003aa   Section        0  _rserrno.o(.text)
    .text                                    0x080003c0   Section        8  rt_errno_addr_intlibspace.o(.text)
    .text                                    0x080003c8   Section        8  libspace.o(.text)
    .text                                    0x080003d0   Section       74  sys_stackheap_outer.o(.text)
    .text                                    0x0800041a   Section        0  exit.o(.text)
    .text                                    0x0800042c   Section        0  sys_exit.o(.text)
    .text                                    0x08000438   Section        2  use_no_semi.o(.text)
    .text                                    0x0800043a   Section        0  indicate_semi.o(.text)
    i.BusFault_Handler                       0x0800043a   Section        0  stm32f4xx_it.o(i.BusFault_Handler)
    i.CROSMOTOR_MOVE                         0x0800043c   Section        0  stepmotor.o(i.CROSMOTOR_MOVE)
    i.DMA1_Stream0_IRQHandler                0x080005e0   Section        0  stm32f4xx_it.o(i.DMA1_Stream0_IRQHandler)
    i.DMA1_Stream7_IRQHandler                0x080005ec   Section        0  stm32f4xx_it.o(i.DMA1_Stream7_IRQHandler)
    i.DMA2_Stream2_IRQHandler                0x080005f8   Section        0  stm32f4xx_it.o(i.DMA2_Stream2_IRQHandler)
    i.DMA2_Stream7_IRQHandler                0x08000604   Section        0  stm32f4xx_it.o(i.DMA2_Stream7_IRQHandler)
    i.DMA_CalcBaseAndBitshift                0x08000610   Section        0  stm32f4xx_hal_dma.o(i.DMA_CalcBaseAndBitshift)
    DMA_CalcBaseAndBitshift                  0x08000611   Thumb Code    34  stm32f4xx_hal_dma.o(i.DMA_CalcBaseAndBitshift)
    i.DMA_CheckFifoParam                     0x08000638   Section        0  stm32f4xx_hal_dma.o(i.DMA_CheckFifoParam)
    DMA_CheckFifoParam                       0x08000639   Thumb Code    84  stm32f4xx_hal_dma.o(i.DMA_CheckFifoParam)
    i.DMA_SetConfig                          0x0800068c   Section        0  stm32f4xx_hal_dma.o(i.DMA_SetConfig)
    DMA_SetConfig                            0x0800068d   Thumb Code    40  stm32f4xx_hal_dma.o(i.DMA_SetConfig)
    i.DebugMon_Handler                       0x080006b4   Section        0  stm32f4xx_it.o(i.DebugMon_Handler)
    i.EXTI2_IRQHandler                       0x080006b6   Section        0  stm32f4xx_it.o(i.EXTI2_IRQHandler)
    i.EXTI3_IRQHandler                       0x080006bc   Section        0  stm32f4xx_it.o(i.EXTI3_IRQHandler)
    i.EXTI4_IRQHandler                       0x080006c2   Section        0  stm32f4xx_it.o(i.EXTI4_IRQHandler)
    i.EXTI9_5_IRQHandler                     0x080006c8   Section        0  stm32f4xx_it.o(i.EXTI9_5_IRQHandler)
    i.Error_Handler                          0x080006ce   Section        0  main.o(i.Error_Handler)
    i.HAL_CAN_Init                           0x080006d2   Section        0  stm32f4xx_hal_can.o(i.HAL_CAN_Init)
    i.HAL_CAN_MspInit                        0x080007ec   Section        0  can.o(i.HAL_CAN_MspInit)
    i.HAL_DMA_Abort                          0x08000858   Section        0  stm32f4xx_hal_dma.o(i.HAL_DMA_Abort)
    i.HAL_DMA_Abort_IT                       0x080008ea   Section        0  stm32f4xx_hal_dma.o(i.HAL_DMA_Abort_IT)
    i.HAL_DMA_IRQHandler                     0x08000910   Section        0  stm32f4xx_hal_dma.o(i.HAL_DMA_IRQHandler)
    i.HAL_DMA_Init                           0x08000ab0   Section        0  stm32f4xx_hal_dma.o(i.HAL_DMA_Init)
    i.HAL_DMA_Start_IT                       0x08000b84   Section        0  stm32f4xx_hal_dma.o(i.HAL_DMA_Start_IT)
    i.HAL_GPIO_EXTI_Callback                 0x08000bf4   Section        0  main.o(i.HAL_GPIO_EXTI_Callback)
    i.HAL_GPIO_EXTI_IRQHandler               0x08000c50   Section        0  stm32f4xx_hal_gpio.o(i.HAL_GPIO_EXTI_IRQHandler)
    i.HAL_GPIO_Init                          0x08000c68   Section        0  stm32f4xx_hal_gpio.o(i.HAL_GPIO_Init)
    i.HAL_GPIO_WritePin                      0x08000e58   Section        0  stm32f4xx_hal_gpio.o(i.HAL_GPIO_WritePin)
    i.HAL_GetTick                            0x08000e64   Section        0  stm32f4xx_hal.o(i.HAL_GetTick)
    i.HAL_IncTick                            0x08000e70   Section        0  stm32f4xx_hal.o(i.HAL_IncTick)
    i.HAL_Init                               0x08000e80   Section        0  stm32f4xx_hal.o(i.HAL_Init)
    i.HAL_InitTick                           0x08000eb4   Section        0  stm32f4xx_hal.o(i.HAL_InitTick)
    i.HAL_MspInit                            0x08000ef4   Section        0  stm32f4xx_hal_msp.o(i.HAL_MspInit)
    i.HAL_NVIC_EnableIRQ                     0x08000f24   Section        0  stm32f4xx_hal_cortex.o(i.HAL_NVIC_EnableIRQ)
    i.HAL_NVIC_SetPriority                   0x08000f40   Section        0  stm32f4xx_hal_cortex.o(i.HAL_NVIC_SetPriority)
    i.HAL_NVIC_SetPriorityGrouping           0x08000f80   Section        0  stm32f4xx_hal_cortex.o(i.HAL_NVIC_SetPriorityGrouping)
    i.HAL_RCC_ClockConfig                    0x08000fa4   Section        0  stm32f4xx_hal_rcc.o(i.HAL_RCC_ClockConfig)
    i.HAL_RCC_GetPCLK1Freq                   0x080010d8   Section        0  stm32f4xx_hal_rcc.o(i.HAL_RCC_GetPCLK1Freq)
    i.HAL_RCC_GetPCLK2Freq                   0x080010f8   Section        0  stm32f4xx_hal_rcc.o(i.HAL_RCC_GetPCLK2Freq)
    i.HAL_RCC_GetSysClockFreq                0x08001118   Section        0  stm32f4xx_hal_rcc.o(i.HAL_RCC_GetSysClockFreq)
    i.HAL_RCC_OscConfig                      0x0800117c   Section        0  stm32f4xx_hal_rcc.o(i.HAL_RCC_OscConfig)
    i.HAL_SPI_Init                           0x080014e8   Section        0  stm32f4xx_hal_spi.o(i.HAL_SPI_Init)
    i.HAL_SPI_MspInit                        0x080015a4   Section        0  spi.o(i.HAL_SPI_MspInit)
    i.HAL_SYSTICK_Config                     0x08001610   Section        0  stm32f4xx_hal_cortex.o(i.HAL_SYSTICK_Config)
    i.HAL_TIMEx_BreakCallback                0x08001638   Section        0  stm32f4xx_hal_tim_ex.o(i.HAL_TIMEx_BreakCallback)
    i.HAL_TIMEx_CommutCallback               0x0800163a   Section        0  stm32f4xx_hal_tim_ex.o(i.HAL_TIMEx_CommutCallback)
    i.HAL_TIMEx_ConfigBreakDeadTime          0x0800163c   Section        0  stm32f4xx_hal_tim_ex.o(i.HAL_TIMEx_ConfigBreakDeadTime)
    i.HAL_TIMEx_MasterConfigSynchronization  0x08001690   Section        0  stm32f4xx_hal_tim_ex.o(i.HAL_TIMEx_MasterConfigSynchronization)
    i.HAL_TIM_Base_Init                      0x08001720   Section        0  stm32f4xx_hal_tim.o(i.HAL_TIM_Base_Init)
    i.HAL_TIM_Base_MspInit                   0x0800177c   Section        0  tim.o(i.HAL_TIM_Base_MspInit)
    i.HAL_TIM_ConfigClockSource              0x080017ec   Section        0  stm32f4xx_hal_tim.o(i.HAL_TIM_ConfigClockSource)
    i.HAL_TIM_IC_CaptureCallback             0x080018c8   Section        0  stm32f4xx_hal_tim.o(i.HAL_TIM_IC_CaptureCallback)
    i.HAL_TIM_IRQHandler                     0x080018ca   Section        0  stm32f4xx_hal_tim.o(i.HAL_TIM_IRQHandler)
    i.HAL_TIM_MspPostInit                    0x080019fc   Section        0  tim.o(i.HAL_TIM_MspPostInit)
    i.HAL_TIM_OC_ConfigChannel               0x08001ad0   Section        0  stm32f4xx_hal_tim.o(i.HAL_TIM_OC_ConfigChannel)
    i.HAL_TIM_OC_DelayElapsedCallback        0x08001b24   Section        0  stepmotor.o(i.HAL_TIM_OC_DelayElapsedCallback)
    i.HAL_TIM_OC_Init                        0x08001fdc   Section        0  stm32f4xx_hal_tim.o(i.HAL_TIM_OC_Init)
    i.HAL_TIM_OC_MspInit                     0x08002036   Section        0  stm32f4xx_hal_tim.o(i.HAL_TIM_OC_MspInit)
    i.HAL_TIM_OC_Start_IT                    0x08002038   Section        0  stm32f4xx_hal_tim.o(i.HAL_TIM_OC_Start_IT)
    i.HAL_TIM_PWM_ConfigChannel              0x0800212c   Section        0  stm32f4xx_hal_tim.o(i.HAL_TIM_PWM_ConfigChannel)
    i.HAL_TIM_PWM_Init                       0x080021f8   Section        0  stm32f4xx_hal_tim.o(i.HAL_TIM_PWM_Init)
    i.HAL_TIM_PWM_MspInit                    0x08002252   Section        0  stm32f4xx_hal_tim.o(i.HAL_TIM_PWM_MspInit)
    i.HAL_TIM_PWM_PulseFinishedCallback      0x08002254   Section        0  stm32f4xx_hal_tim.o(i.HAL_TIM_PWM_PulseFinishedCallback)
    i.HAL_TIM_PWM_Start                      0x08002258   Section        0  stm32f4xx_hal_tim.o(i.HAL_TIM_PWM_Start)
    i.HAL_TIM_PeriodElapsedCallback          0x08002320   Section        0  stm32f4xx_hal_tim.o(i.HAL_TIM_PeriodElapsedCallback)
    i.HAL_TIM_TriggerCallback                0x08002322   Section        0  stm32f4xx_hal_tim.o(i.HAL_TIM_TriggerCallback)
    i.HAL_UARTEx_RxEventCallback             0x08002324   Section        0  stm32f4xx_hal_uart.o(i.HAL_UARTEx_RxEventCallback)
    i.HAL_UART_ErrorCallback                 0x08002326   Section        0  stm32f4xx_hal_uart.o(i.HAL_UART_ErrorCallback)
    i.HAL_UART_IRQHandler                    0x08002328   Section        0  stm32f4xx_hal_uart.o(i.HAL_UART_IRQHandler)
    i.HAL_UART_Init                          0x08002598   Section        0  stm32f4xx_hal_uart.o(i.HAL_UART_Init)
    i.HAL_UART_MspInit                       0x080025fc   Section        0  usart.o(i.HAL_UART_MspInit)
    i.HAL_UART_Receive_DMA                   0x080028d8   Section        0  stm32f4xx_hal_uart.o(i.HAL_UART_Receive_DMA)
    i.HAL_UART_RxCpltCallback                0x080028f4   Section        0  stm32f4xx_hal_uart.o(i.HAL_UART_RxCpltCallback)
    i.HAL_UART_RxHalfCpltCallback            0x080028f6   Section        0  stm32f4xx_hal_uart.o(i.HAL_UART_RxHalfCpltCallback)
    i.HAL_UART_Transmit_IT                   0x080028f8   Section        0  stm32f4xx_hal_uart.o(i.HAL_UART_Transmit_IT)
    i.HAL_UART_TxCpltCallback                0x0800292a   Section        0  stm32f4xx_hal_uart.o(i.HAL_UART_TxCpltCallback)
    i.HardFault_Handler                      0x0800292c   Section        0  stm32f4xx_it.o(i.HardFault_Handler)
    i.Key_Check                              0x08002930   Section        0  task.o(i.Key_Check)
    i.LIFTMOTOR_MOVE                         0x08002964   Section        0  stepmotor.o(i.LIFTMOTOR_MOVE)
    i.MX_CAN1_Init                           0x08002b08   Section        0  can.o(i.MX_CAN1_Init)
    i.MX_DMA_Init                            0x08002b44   Section        0  dma.o(i.MX_DMA_Init)
    i.MX_GPIO_Init                           0x08002bb0   Section        0  gpio.o(i.MX_GPIO_Init)
    i.MX_SPI2_Init                           0x08002d14   Section        0  spi.o(i.MX_SPI2_Init)
    i.MX_TIM1_Init                           0x08002d58   Section        0  tim.o(i.MX_TIM1_Init)
    i.MX_TIM2_Init                           0x08002e40   Section        0  tim.o(i.MX_TIM2_Init)
    i.MX_TIM3_Init                           0x08002f0c   Section        0  tim.o(i.MX_TIM3_Init)
    i.MX_UART4_Init                          0x08002fd8   Section        0  usart.o(i.MX_UART4_Init)
    i.MX_UART5_Init                          0x08003010   Section        0  usart.o(i.MX_UART5_Init)
    i.MX_USART1_UART_Init                    0x08003048   Section        0  usart.o(i.MX_USART1_UART_Init)
    i.MX_USART2_UART_Init                    0x08003080   Section        0  usart.o(i.MX_USART2_UART_Init)
    i.MX_USART3_UART_Init                    0x080030b8   Section        0  usart.o(i.MX_USART3_UART_Init)
    i.MX_USART6_UART_Init                    0x080030f0   Section        0  usart.o(i.MX_USART6_UART_Init)
    i.MemManage_Handler                      0x08003128   Section        0  stm32f4xx_it.o(i.MemManage_Handler)
    i.NMI_Handler                            0x0800312a   Section        0  stm32f4xx_it.o(i.NMI_Handler)
    i.PendSV_Handler                         0x0800312c   Section        0  stm32f4xx_it.o(i.PendSV_Handler)
    i.SVC_Handler                            0x0800312e   Section        0  stm32f4xx_it.o(i.SVC_Handler)
    i.Set_360Angle                           0x08003130   Section        0  servo.o(i.Set_360Angle)
    i.Start_Bujin_Servo                      0x080031b4   Section        0  task.o(i.Start_Bujin_Servo)
    i.SysTick_Handler                        0x080031cc   Section        0  stm32f4xx_it.o(i.SysTick_Handler)
    i.SystemClock_Config                     0x080031d0   Section        0  main.o(i.SystemClock_Config)
    i.SystemInit                             0x08003264   Section        0  system_stm32f4xx.o(i.SystemInit)
    i.TIM1_CC_IRQHandler                     0x08003274   Section        0  stm32f4xx_it.o(i.TIM1_CC_IRQHandler)
    i.TIM_Base_SetConfig                     0x08003280   Section        0  stm32f4xx_hal_tim.o(i.TIM_Base_SetConfig)
    i.TIM_CCxChannelCmd                      0x08003358   Section        0  stm32f4xx_hal_tim.o(i.TIM_CCxChannelCmd)
    i.TIM_ETR_SetConfig                      0x08003372   Section        0  stm32f4xx_hal_tim.o(i.TIM_ETR_SetConfig)
    i.TIM_ITRx_SetConfig                     0x08003386   Section        0  stm32f4xx_hal_tim.o(i.TIM_ITRx_SetConfig)
    TIM_ITRx_SetConfig                       0x08003387   Thumb Code    16  stm32f4xx_hal_tim.o(i.TIM_ITRx_SetConfig)
    i.TIM_OC1_SetConfig                      0x08003398   Section        0  stm32f4xx_hal_tim.o(i.TIM_OC1_SetConfig)
    TIM_OC1_SetConfig                        0x08003399   Thumb Code    88  stm32f4xx_hal_tim.o(i.TIM_OC1_SetConfig)
    i.TIM_OC2_SetConfig                      0x080033f8   Section        0  stm32f4xx_hal_tim.o(i.TIM_OC2_SetConfig)
    i.TIM_OC3_SetConfig                      0x08003464   Section        0  stm32f4xx_hal_tim.o(i.TIM_OC3_SetConfig)
    TIM_OC3_SetConfig                        0x08003465   Thumb Code    96  stm32f4xx_hal_tim.o(i.TIM_OC3_SetConfig)
    i.TIM_OC4_SetConfig                      0x080034cc   Section        0  stm32f4xx_hal_tim.o(i.TIM_OC4_SetConfig)
    TIM_OC4_SetConfig                        0x080034cd   Thumb Code    70  stm32f4xx_hal_tim.o(i.TIM_OC4_SetConfig)
    i.TIM_TI1_ConfigInputStage               0x0800351c   Section        0  stm32f4xx_hal_tim.o(i.TIM_TI1_ConfigInputStage)
    TIM_TI1_ConfigInputStage                 0x0800351d   Thumb Code    34  stm32f4xx_hal_tim.o(i.TIM_TI1_ConfigInputStage)
    i.TIM_TI2_ConfigInputStage               0x0800353e   Section        0  stm32f4xx_hal_tim.o(i.TIM_TI2_ConfigInputStage)
    TIM_TI2_ConfigInputStage                 0x0800353f   Thumb Code    36  stm32f4xx_hal_tim.o(i.TIM_TI2_ConfigInputStage)
    i.UART5_IRQHandler                       0x08003564   Section        0  stm32f4xx_it.o(i.UART5_IRQHandler)
    i.UART_DMAAbortOnError                   0x08003570   Section        0  stm32f4xx_hal_uart.o(i.UART_DMAAbortOnError)
    UART_DMAAbortOnError                     0x08003571   Thumb Code    16  stm32f4xx_hal_uart.o(i.UART_DMAAbortOnError)
    i.UART_DMAError                          0x08003580   Section        0  stm32f4xx_hal_uart.o(i.UART_DMAError)
    UART_DMAError                            0x08003581   Thumb Code    74  stm32f4xx_hal_uart.o(i.UART_DMAError)
    i.UART_DMAReceiveCplt                    0x080035ca   Section        0  stm32f4xx_hal_uart.o(i.UART_DMAReceiveCplt)
    UART_DMAReceiveCplt                      0x080035cb   Thumb Code   134  stm32f4xx_hal_uart.o(i.UART_DMAReceiveCplt)
    i.UART_DMARxHalfCplt                     0x08003650   Section        0  stm32f4xx_hal_uart.o(i.UART_DMARxHalfCplt)
    UART_DMARxHalfCplt                       0x08003651   Thumb Code    30  stm32f4xx_hal_uart.o(i.UART_DMARxHalfCplt)
    i.UART_EndRxTransfer                     0x0800366e   Section        0  stm32f4xx_hal_uart.o(i.UART_EndRxTransfer)
    UART_EndRxTransfer                       0x0800366f   Thumb Code    78  stm32f4xx_hal_uart.o(i.UART_EndRxTransfer)
    i.UART_EndTxTransfer                     0x080036bc   Section        0  stm32f4xx_hal_uart.o(i.UART_EndTxTransfer)
    UART_EndTxTransfer                       0x080036bd   Thumb Code    28  stm32f4xx_hal_uart.o(i.UART_EndTxTransfer)
    i.UART_Receive_IT                        0x080036d8   Section        0  stm32f4xx_hal_uart.o(i.UART_Receive_IT)
    UART_Receive_IT                          0x080036d9   Thumb Code   194  stm32f4xx_hal_uart.o(i.UART_Receive_IT)
    i.UART_SetConfig                         0x0800379c   Section        0  stm32f4xx_hal_uart.o(i.UART_SetConfig)
    UART_SetConfig                           0x0800379d   Thumb Code   258  stm32f4xx_hal_uart.o(i.UART_SetConfig)
    i.UART_Start_Receive_DMA                 0x080038a8   Section        0  stm32f4xx_hal_uart.o(i.UART_Start_Receive_DMA)
    i.USART1_IRQHandler                      0x08003938   Section        0  stm32f4xx_it.o(i.USART1_IRQHandler)
    i.UsageFault_Handler                     0x08003944   Section        0  stm32f4xx_it.o(i.UsageFault_Handler)
    i.__NVIC_SetPriority                     0x08003946   Section        0  stm32f4xx_hal_cortex.o(i.__NVIC_SetPriority)
    __NVIC_SetPriority                       0x08003947   Thumb Code    32  stm32f4xx_hal_cortex.o(i.__NVIC_SetPriority)
    i.__hardfp_sqrt                          0x08003966   Section        0  sqrt.o(i.__hardfp_sqrt)
    i.gimbal_init                            0x080039e0   Section        0  servo.o(i.gimbal_init)
    i.main                                   0x080039f8   Section        0  main.o(i.main)
    x$fpl$ddiv                               0x08003ac4   Section      688  ddiv.o(x$fpl$ddiv)
    $v0                                      0x08003ac4   Number         0  ddiv.o(x$fpl$ddiv)
    ddiv_entry                               0x08003acb   Thumb Code     0  ddiv.o(x$fpl$ddiv)
    x$fpl$dfix                               0x08003d74   Section       94  dfix.o(x$fpl$dfix)
    $v0                                      0x08003d74   Number         0  dfix.o(x$fpl$dfix)
    x$fpl$dmul                               0x08003dd4   Section      340  dmul.o(x$fpl$dmul)
    $v0                                      0x08003dd4   Number         0  dmul.o(x$fpl$dmul)
    x$fpl$dnaninf                            0x08003f28   Section      156  dnaninf.o(x$fpl$dnaninf)
    $v0                                      0x08003f28   Number         0  dnaninf.o(x$fpl$dnaninf)
    x$fpl$dretinf                            0x08003fc4   Section       12  dretinf.o(x$fpl$dretinf)
    $v0                                      0x08003fc4   Number         0  dretinf.o(x$fpl$dretinf)
    x$fpl$dsqrt                              0x08003fd0   Section      408  dsqrt_umaal.o(x$fpl$dsqrt)
    $v0                                      0x08003fd0   Number         0  dsqrt_umaal.o(x$fpl$dsqrt)
    x$fpl$f2d                                0x08004168   Section       86  f2d.o(x$fpl$f2d)
    $v0                                      0x08004168   Number         0  f2d.o(x$fpl$f2d)
    x$fpl$fnaninf                            0x080041be   Section      140  fnaninf.o(x$fpl$fnaninf)
    $v0                                      0x080041be   Number         0  fnaninf.o(x$fpl$fnaninf)
    x$fpl$fpinit                             0x0800424a   Section       10  fpinit.o(x$fpl$fpinit)
    $v0                                      0x0800424a   Number         0  fpinit.o(x$fpl$fpinit)
    .constdata                               0x08004254   Section        8  stm32f4xx_hal_dma.o(.constdata)
    x$fpl$usenofp                            0x08004254   Section        0  usenofp.o(x$fpl$usenofp)
    flagBitshiftOffset                       0x08004254   Data           8  stm32f4xx_hal_dma.o(.constdata)
    .constdata                               0x0800425c   Section       16  system_stm32f4xx.o(.constdata)
    .constdata                               0x0800426c   Section        8  system_stm32f4xx.o(.constdata)
    .data                                    0x20000000   Section       12  stm32f4xx_hal.o(.data)
    .data                                    0x2000000c   Section        4  system_stm32f4xx.o(.data)
    .data                                    0x20000010   Section       48  stepmotor.o(.data)
    X_i                                      0x20000013   Data           1  stepmotor.o(.data)
    Y_i                                      0x20000014   Data           1  stepmotor.o(.data)
    Z_i                                      0x20000015   Data           1  stepmotor.o(.data)
    X_last_accel_delay                       0x20000016   Data           2  stepmotor.o(.data)
    Y_last_accel_delay                       0x20000018   Data           2  stepmotor.o(.data)
    Z_last_accel_delay                       0x2000001a   Data           2  stepmotor.o(.data)
    X_step_count                             0x20000028   Data           4  stepmotor.o(.data)
    X_rest                                   0x2000002c   Data           4  stepmotor.o(.data)
    Y_step_count                             0x20000030   Data           4  stepmotor.o(.data)
    Y_rest                                   0x20000034   Data           4  stepmotor.o(.data)
    Z_step_count                             0x20000038   Data           4  stepmotor.o(.data)
    Z_rest                                   0x2000003c   Data           4  stepmotor.o(.data)
    .bss                                     0x20000040   Section       56  main.o(.bss)
    .bss                                     0x20000078   Section       40  can.o(.bss)
    .bss                                     0x200000a0   Section       88  spi.o(.bss)
    .bss                                     0x200000f8   Section      216  tim.o(.bss)
    .bss                                     0x200001d0   Section      816  usart.o(.bss)
    .bss                                     0x20000500   Section       72  stepmotor.o(.bss)
    .bss                                     0x20000548   Section       96  libspace.o(.bss)
    HEAP                                     0x200005a8   Section      512  startup_stm32f407xx.o(HEAP)
    Heap_Mem                                 0x200005a8   Data         512  startup_stm32f407xx.o(HEAP)
    STACK                                    0x200007a8   Section     1024  startup_stm32f407xx.o(STACK)
    Stack_Mem                                0x200007a8   Data        1024  startup_stm32f407xx.o(STACK)
    __initial_sp                             0x20000ba8   Data           0  startup_stm32f407xx.o(STACK)

    Global Symbols

    Symbol Name                              Value     Ov Type        Size  Object(Section)

    BuildAttributes$$THM_ISAv4$E$P$D$K$B$S$7EM$VFPi3$EXTD16$VFPS$VFMA$PE$A:L22UL41UL21$X:L11$S22US41US21$IEEE1$IW$USESV6$~STKCKD$USESV7$~SHL$OTIME$ROPI$IEEEJ$EBA8$UX$STANDARDLIB$REQ8$PRES8$EABIv2 0x00000000   Number         0  anon$$obj.o ABSOLUTE
    __ARM_use_no_argv                        0x00000000   Number         0  main.o ABSOLUTE
    __ARM_exceptions_init                     - Undefined Weak Reference
    __alloca_initialize                       - Undefined Weak Reference
    __arm_fini_                               - Undefined Weak Reference
    __arm_preinit_                            - Undefined Weak Reference
    __cpp_initialize__aeabi_                  - Undefined Weak Reference
    __cxa_finalize                            - Undefined Weak Reference
    __rt_locale                               - Undefined Weak Reference
    __sigvec_lookup                           - Undefined Weak Reference
    _atexit_init                              - Undefined Weak Reference
    _call_atexit_fns                          - Undefined Weak Reference
    _clock_init                               - Undefined Weak Reference
    _fp_trap_init                             - Undefined Weak Reference
    _fp_trap_shutdown                         - Undefined Weak Reference
    _get_lc_collate                           - Undefined Weak Reference
    _get_lc_ctype                             - Undefined Weak Reference
    _get_lc_monetary                          - Undefined Weak Reference
    _get_lc_numeric                           - Undefined Weak Reference
    _get_lc_time                              - Undefined Weak Reference
    _getenv_init                              - Undefined Weak Reference
    _handle_redirection                       - Undefined Weak Reference
    _init_alloc                               - Undefined Weak Reference
    _init_user_alloc                          - Undefined Weak Reference
    _initio                                   - Undefined Weak Reference
    _rand_init                                - Undefined Weak Reference
    _signal_finish                            - Undefined Weak Reference
    _signal_init                              - Undefined Weak Reference
    _terminate_alloc                          - Undefined Weak Reference
    _terminate_user_alloc                     - Undefined Weak Reference
    _terminateio                              - Undefined Weak Reference
    __Vectors_Size                           0x00000188   Number         0  startup_stm32f407xx.o ABSOLUTE
    __Vectors                                0x08000000   Data           4  startup_stm32f407xx.o(RESET)
    __Vectors_End                            0x08000188   Data           0  startup_stm32f407xx.o(RESET)
    __main                                   0x08000189   Thumb Code     8  __main.o(!!!main)
    __scatterload                            0x08000191   Thumb Code     0  __scatter.o(!!!scatter)
    __scatterload_rt2                        0x08000191   Thumb Code    44  __scatter.o(!!!scatter)
    __scatterload_rt2_thumb_only             0x08000191   Thumb Code     0  __scatter.o(!!!scatter)
    __scatterload_null                       0x0800019f   Thumb Code     0  __scatter.o(!!!scatter)
    __scatterload_copy                       0x080001c5   Thumb Code    26  __scatter_copy.o(!!handler_copy)
    __scatterload_zeroinit                   0x080001e1   Thumb Code    28  __scatter_zi.o(!!handler_zi)
    __rt_lib_init                            0x080001fd   Thumb Code     0  libinit.o(.ARM.Collect$$libinit$$00000000)
    __rt_lib_init_fp_1                       0x080001ff   Thumb Code     0  libinit2.o(.ARM.Collect$$libinit$$00000001)
    __rt_lib_init_alloca_1                   0x08000203   Thumb Code     0  libinit2.o(.ARM.Collect$$libinit$$0000002E)
    __rt_lib_init_argv_1                     0x08000203   Thumb Code     0  libinit2.o(.ARM.Collect$$libinit$$0000002C)
    __rt_lib_init_atexit_1                   0x08000203   Thumb Code     0  libinit2.o(.ARM.Collect$$libinit$$0000001B)
    __rt_lib_init_clock_1                    0x08000203   Thumb Code     0  libinit2.o(.ARM.Collect$$libinit$$00000021)
    __rt_lib_init_cpp_1                      0x08000203   Thumb Code     0  libinit2.o(.ARM.Collect$$libinit$$00000032)
    __rt_lib_init_exceptions_1               0x08000203   Thumb Code     0  libinit2.o(.ARM.Collect$$libinit$$00000030)
    __rt_lib_init_fp_trap_1                  0x08000203   Thumb Code     0  libinit2.o(.ARM.Collect$$libinit$$0000001F)
    __rt_lib_init_getenv_1                   0x08000203   Thumb Code     0  libinit2.o(.ARM.Collect$$libinit$$00000023)
    __rt_lib_init_heap_1                     0x08000203   Thumb Code     0  libinit2.o(.ARM.Collect$$libinit$$0000000A)
    __rt_lib_init_lc_collate_1               0x08000203   Thumb Code     0  libinit2.o(.ARM.Collect$$libinit$$00000011)
    __rt_lib_init_lc_ctype_1                 0x08000203   Thumb Code     0  libinit2.o(.ARM.Collect$$libinit$$00000013)
    __rt_lib_init_lc_monetary_1              0x08000203   Thumb Code     0  libinit2.o(.ARM.Collect$$libinit$$00000015)
    __rt_lib_init_lc_numeric_1               0x08000203   Thumb Code     0  libinit2.o(.ARM.Collect$$libinit$$00000017)
    __rt_lib_init_lc_time_1                  0x08000203   Thumb Code     0  libinit2.o(.ARM.Collect$$libinit$$00000019)
    __rt_lib_init_preinit_1                  0x08000203   Thumb Code     0  libinit2.o(.ARM.Collect$$libinit$$00000004)
    __rt_lib_init_rand_1                     0x08000203   Thumb Code     0  libinit2.o(.ARM.Collect$$libinit$$0000000E)
    __rt_lib_init_return                     0x08000203   Thumb Code     0  libinit2.o(.ARM.Collect$$libinit$$00000033)
    __rt_lib_init_signal_1                   0x08000203   Thumb Code     0  libinit2.o(.ARM.Collect$$libinit$$0000001D)
    __rt_lib_init_stdio_1                    0x08000203   Thumb Code     0  libinit2.o(.ARM.Collect$$libinit$$00000025)
    __rt_lib_init_user_alloc_1               0x08000203   Thumb Code     0  libinit2.o(.ARM.Collect$$libinit$$0000000C)
    __rt_lib_shutdown                        0x08000205   Thumb Code     0  libshutdown.o(.ARM.Collect$$libshutdown$$00000000)
    __rt_lib_shutdown_cpp_1                  0x08000207   Thumb Code     0  libshutdown2.o(.ARM.Collect$$libshutdown$$00000004)
    __rt_lib_shutdown_fini_1                 0x08000207   Thumb Code     0  libshutdown2.o(.ARM.Collect$$libshutdown$$00000002)
    __rt_lib_shutdown_fp_trap_1              0x08000207   Thumb Code     0  libshutdown2.o(.ARM.Collect$$libshutdown$$00000009)
    __rt_lib_shutdown_heap_1                 0x08000207   Thumb Code     0  libshutdown2.o(.ARM.Collect$$libshutdown$$00000011)
    __rt_lib_shutdown_return                 0x08000207   Thumb Code     0  libshutdown2.o(.ARM.Collect$$libshutdown$$00000012)
    __rt_lib_shutdown_signal_1               0x08000207   Thumb Code     0  libshutdown2.o(.ARM.Collect$$libshutdown$$0000000C)
    __rt_lib_shutdown_stdio_1                0x08000207   Thumb Code     0  libshutdown2.o(.ARM.Collect$$libshutdown$$00000006)
    __rt_lib_shutdown_user_alloc_1           0x08000207   Thumb Code     0  libshutdown2.o(.ARM.Collect$$libshutdown$$0000000E)
    __rt_entry                               0x08000209   Thumb Code     0  __rtentry.o(.ARM.Collect$$rtentry$$00000000)
    __rt_entry_presh_1                       0x08000209   Thumb Code     0  __rtentry2.o(.ARM.Collect$$rtentry$$00000002)
    __rt_entry_sh                            0x08000209   Thumb Code     0  __rtentry4.o(.ARM.Collect$$rtentry$$00000004)
    __rt_entry_li                            0x0800020f   Thumb Code     0  __rtentry2.o(.ARM.Collect$$rtentry$$0000000A)
    __rt_entry_postsh_1                      0x0800020f   Thumb Code     0  __rtentry2.o(.ARM.Collect$$rtentry$$00000009)
    __rt_entry_main                          0x08000213   Thumb Code     0  __rtentry2.o(.ARM.Collect$$rtentry$$0000000D)
    __rt_entry_postli_1                      0x08000213   Thumb Code     0  __rtentry2.o(.ARM.Collect$$rtentry$$0000000C)
    __rt_exit                                0x0800021b   Thumb Code     0  rtexit.o(.ARM.Collect$$rtexit$$00000000)
    __rt_exit_ls                             0x0800021d   Thumb Code     0  rtexit2.o(.ARM.Collect$$rtexit$$00000003)
    __rt_exit_prels_1                        0x0800021d   Thumb Code     0  rtexit2.o(.ARM.Collect$$rtexit$$00000002)
    __rt_exit_exit                           0x08000221   Thumb Code     0  rtexit2.o(.ARM.Collect$$rtexit$$00000004)
    Reset_Handler                            0x08000229   Thumb Code     8  startup_stm32f407xx.o(.text)
    ADC_IRQHandler                           0x08000243   Thumb Code     0  startup_stm32f407xx.o(.text)
    CAN1_RX0_IRQHandler                      0x08000243   Thumb Code     0  startup_stm32f407xx.o(.text)
    CAN1_RX1_IRQHandler                      0x08000243   Thumb Code     0  startup_stm32f407xx.o(.text)
    CAN1_SCE_IRQHandler                      0x08000243   Thumb Code     0  startup_stm32f407xx.o(.text)
    CAN1_TX_IRQHandler                       0x08000243   Thumb Code     0  startup_stm32f407xx.o(.text)
    CAN2_RX0_IRQHandler                      0x08000243   Thumb Code     0  startup_stm32f407xx.o(.text)
    CAN2_RX1_IRQHandler                      0x08000243   Thumb Code     0  startup_stm32f407xx.o(.text)
    CAN2_SCE_IRQHandler                      0x08000243   Thumb Code     0  startup_stm32f407xx.o(.text)
    CAN2_TX_IRQHandler                       0x08000243   Thumb Code     0  startup_stm32f407xx.o(.text)
    DCMI_IRQHandler                          0x08000243   Thumb Code     0  startup_stm32f407xx.o(.text)
    DMA1_Stream1_IRQHandler                  0x08000243   Thumb Code     0  startup_stm32f407xx.o(.text)
    DMA1_Stream2_IRQHandler                  0x08000243   Thumb Code     0  startup_stm32f407xx.o(.text)
    DMA1_Stream3_IRQHandler                  0x08000243   Thumb Code     0  startup_stm32f407xx.o(.text)
    DMA1_Stream4_IRQHandler                  0x08000243   Thumb Code     0  startup_stm32f407xx.o(.text)
    DMA1_Stream5_IRQHandler                  0x08000243   Thumb Code     0  startup_stm32f407xx.o(.text)
    DMA1_Stream6_IRQHandler                  0x08000243   Thumb Code     0  startup_stm32f407xx.o(.text)
    DMA2_Stream0_IRQHandler                  0x08000243   Thumb Code     0  startup_stm32f407xx.o(.text)
    DMA2_Stream1_IRQHandler                  0x08000243   Thumb Code     0  startup_stm32f407xx.o(.text)
    DMA2_Stream3_IRQHandler                  0x08000243   Thumb Code     0  startup_stm32f407xx.o(.text)
    DMA2_Stream4_IRQHandler                  0x08000243   Thumb Code     0  startup_stm32f407xx.o(.text)
    DMA2_Stream5_IRQHandler                  0x08000243   Thumb Code     0  startup_stm32f407xx.o(.text)
    DMA2_Stream6_IRQHandler                  0x08000243   Thumb Code     0  startup_stm32f407xx.o(.text)
    ETH_IRQHandler                           0x08000243   Thumb Code     0  startup_stm32f407xx.o(.text)
    ETH_WKUP_IRQHandler                      0x08000243   Thumb Code     0  startup_stm32f407xx.o(.text)
    EXTI0_IRQHandler                         0x08000243   Thumb Code     0  startup_stm32f407xx.o(.text)
    EXTI15_10_IRQHandler                     0x08000243   Thumb Code     0  startup_stm32f407xx.o(.text)
    EXTI1_IRQHandler                         0x08000243   Thumb Code     0  startup_stm32f407xx.o(.text)
    FLASH_IRQHandler                         0x08000243   Thumb Code     0  startup_stm32f407xx.o(.text)
    FMC_IRQHandler                           0x08000243   Thumb Code     0  startup_stm32f407xx.o(.text)
    FPU_IRQHandler                           0x08000243   Thumb Code     0  startup_stm32f407xx.o(.text)
    HASH_RNG_IRQHandler                      0x08000243   Thumb Code     0  startup_stm32f407xx.o(.text)
    I2C1_ER_IRQHandler                       0x08000243   Thumb Code     0  startup_stm32f407xx.o(.text)
    I2C1_EV_IRQHandler                       0x08000243   Thumb Code     0  startup_stm32f407xx.o(.text)
    I2C2_ER_IRQHandler                       0x08000243   Thumb Code     0  startup_stm32f407xx.o(.text)
    I2C2_EV_IRQHandler                       0x08000243   Thumb Code     0  startup_stm32f407xx.o(.text)
    I2C3_ER_IRQHandler                       0x08000243   Thumb Code     0  startup_stm32f407xx.o(.text)
    I2C3_EV_IRQHandler                       0x08000243   Thumb Code     0  startup_stm32f407xx.o(.text)
    OTG_FS_IRQHandler                        0x08000243   Thumb Code     0  startup_stm32f407xx.o(.text)
    OTG_FS_WKUP_IRQHandler                   0x08000243   Thumb Code     0  startup_stm32f407xx.o(.text)
    OTG_HS_EP1_IN_IRQHandler                 0x08000243   Thumb Code     0  startup_stm32f407xx.o(.text)
    OTG_HS_EP1_OUT_IRQHandler                0x08000243   Thumb Code     0  startup_stm32f407xx.o(.text)
    OTG_HS_IRQHandler                        0x08000243   Thumb Code     0  startup_stm32f407xx.o(.text)
    OTG_HS_WKUP_IRQHandler                   0x08000243   Thumb Code     0  startup_stm32f407xx.o(.text)
    PVD_IRQHandler                           0x08000243   Thumb Code     0  startup_stm32f407xx.o(.text)
    RCC_IRQHandler                           0x08000243   Thumb Code     0  startup_stm32f407xx.o(.text)
    RTC_Alarm_IRQHandler                     0x08000243   Thumb Code     0  startup_stm32f407xx.o(.text)
    RTC_WKUP_IRQHandler                      0x08000243   Thumb Code     0  startup_stm32f407xx.o(.text)
    SDIO_IRQHandler                          0x08000243   Thumb Code     0  startup_stm32f407xx.o(.text)
    SPI1_IRQHandler                          0x08000243   Thumb Code     0  startup_stm32f407xx.o(.text)
    SPI2_IRQHandler                          0x08000243   Thumb Code     0  startup_stm32f407xx.o(.text)
    SPI3_IRQHandler                          0x08000243   Thumb Code     0  startup_stm32f407xx.o(.text)
    TAMP_STAMP_IRQHandler                    0x08000243   Thumb Code     0  startup_stm32f407xx.o(.text)
    TIM1_BRK_TIM9_IRQHandler                 0x08000243   Thumb Code     0  startup_stm32f407xx.o(.text)
    TIM1_TRG_COM_TIM11_IRQHandler            0x08000243   Thumb Code     0  startup_stm32f407xx.o(.text)
    TIM1_UP_TIM10_IRQHandler                 0x08000243   Thumb Code     0  startup_stm32f407xx.o(.text)
    TIM2_IRQHandler                          0x08000243   Thumb Code     0  startup_stm32f407xx.o(.text)
    TIM3_IRQHandler                          0x08000243   Thumb Code     0  startup_stm32f407xx.o(.text)
    TIM4_IRQHandler                          0x08000243   Thumb Code     0  startup_stm32f407xx.o(.text)
    TIM5_IRQHandler                          0x08000243   Thumb Code     0  startup_stm32f407xx.o(.text)
    TIM6_DAC_IRQHandler                      0x08000243   Thumb Code     0  startup_stm32f407xx.o(.text)
    TIM7_IRQHandler                          0x08000243   Thumb Code     0  startup_stm32f407xx.o(.text)
    TIM8_BRK_TIM12_IRQHandler                0x08000243   Thumb Code     0  startup_stm32f407xx.o(.text)
    TIM8_CC_IRQHandler                       0x08000243   Thumb Code     0  startup_stm32f407xx.o(.text)
    TIM8_TRG_COM_TIM14_IRQHandler            0x08000243   Thumb Code     0  startup_stm32f407xx.o(.text)
    TIM8_UP_TIM13_IRQHandler                 0x08000243   Thumb Code     0  startup_stm32f407xx.o(.text)
    UART4_IRQHandler                         0x08000243   Thumb Code     0  startup_stm32f407xx.o(.text)
    USART2_IRQHandler                        0x08000243   Thumb Code     0  startup_stm32f407xx.o(.text)
    USART3_IRQHandler                        0x08000243   Thumb Code     0  startup_stm32f407xx.o(.text)
    USART6_IRQHandler                        0x08000243   Thumb Code     0  startup_stm32f407xx.o(.text)
    WWDG_IRQHandler                          0x08000243   Thumb Code     0  startup_stm32f407xx.o(.text)
    __user_initial_stackheap                 0x08000245   Thumb Code     0  startup_stm32f407xx.o(.text)
    __aeabi_uldivmod                         0x08000269   Thumb Code     0  lludivv7m.o(.text)
    _ll_udiv                                 0x08000269   Thumb Code   238  lludivv7m.o(.text)
    __aeabi_memclr4                          0x08000357   Thumb Code     0  rt_memclr_w.o(.text)
    __aeabi_memclr8                          0x08000357   Thumb Code     0  rt_memclr_w.o(.text)
    __rt_memclr_w                            0x08000357   Thumb Code    78  rt_memclr_w.o(.text)
    _memset_w                                0x0800035b   Thumb Code     0  rt_memclr_w.o(.text)
    __use_two_region_memory                  0x080003a5   Thumb Code     2  heapauxi.o(.text)
    __rt_heap_escrow$2region                 0x080003a7   Thumb Code     2  heapauxi.o(.text)
    __rt_heap_expand$2region                 0x080003a9   Thumb Code     2  heapauxi.o(.text)
    __read_errno                             0x080003ab   Thumb Code    10  _rserrno.o(.text)
    __set_errno                              0x080003b5   Thumb Code    12  _rserrno.o(.text)
    __aeabi_errno_addr                       0x080003c1   Thumb Code     8  rt_errno_addr_intlibspace.o(.text)
    __errno$intlibspace                      0x080003c1   Thumb Code     0  rt_errno_addr_intlibspace.o(.text)
    __rt_errno_addr$intlibspace              0x080003c1   Thumb Code     0  rt_errno_addr_intlibspace.o(.text)
    __user_libspace                          0x080003c9   Thumb Code     8  libspace.o(.text)
    __user_perproc_libspace                  0x080003c9   Thumb Code     0  libspace.o(.text)
    __user_perthread_libspace                0x080003c9   Thumb Code     0  libspace.o(.text)
    __user_setup_stackheap                   0x080003d1   Thumb Code    74  sys_stackheap_outer.o(.text)
    exit                                     0x0800041b   Thumb Code    18  exit.o(.text)
    _sys_exit                                0x0800042d   Thumb Code     8  sys_exit.o(.text)
    __I$use$semihosting                      0x08000439   Thumb Code     0  use_no_semi.o(.text)
    __use_no_semihosting_swi                 0x08000439   Thumb Code     2  use_no_semi.o(.text)
    BusFault_Handler                         0x0800043b   Thumb Code     2  stm32f4xx_it.o(i.BusFault_Handler)
    __semihosting_library_function           0x0800043b   Thumb Code     0  indicate_semi.o(.text)
    CROSMOTOR_MOVE                           0x0800043d   Thumb Code   368  stepmotor.o(i.CROSMOTOR_MOVE)
    DMA1_Stream0_IRQHandler                  0x080005e1   Thumb Code     6  stm32f4xx_it.o(i.DMA1_Stream0_IRQHandler)
    DMA1_Stream7_IRQHandler                  0x080005ed   Thumb Code     6  stm32f4xx_it.o(i.DMA1_Stream7_IRQHandler)
    DMA2_Stream2_IRQHandler                  0x080005f9   Thumb Code     6  stm32f4xx_it.o(i.DMA2_Stream2_IRQHandler)
    DMA2_Stream7_IRQHandler                  0x08000605   Thumb Code     6  stm32f4xx_it.o(i.DMA2_Stream7_IRQHandler)
    DebugMon_Handler                         0x080006b5   Thumb Code     2  stm32f4xx_it.o(i.DebugMon_Handler)
    EXTI2_IRQHandler                         0x080006b7   Thumb Code     6  stm32f4xx_it.o(i.EXTI2_IRQHandler)
    EXTI3_IRQHandler                         0x080006bd   Thumb Code     6  stm32f4xx_it.o(i.EXTI3_IRQHandler)
    EXTI4_IRQHandler                         0x080006c3   Thumb Code     6  stm32f4xx_it.o(i.EXTI4_IRQHandler)
    EXTI9_5_IRQHandler                       0x080006c9   Thumb Code     6  stm32f4xx_it.o(i.EXTI9_5_IRQHandler)
    Error_Handler                            0x080006cf   Thumb Code     4  main.o(i.Error_Handler)
    HAL_CAN_Init                             0x080006d3   Thumb Code   282  stm32f4xx_hal_can.o(i.HAL_CAN_Init)
    HAL_CAN_MspInit                          0x080007ed   Thumb Code    94  can.o(i.HAL_CAN_MspInit)
    HAL_DMA_Abort                            0x08000859   Thumb Code   146  stm32f4xx_hal_dma.o(i.HAL_DMA_Abort)
    HAL_DMA_Abort_IT                         0x080008eb   Thumb Code    36  stm32f4xx_hal_dma.o(i.HAL_DMA_Abort_IT)
    HAL_DMA_IRQHandler                       0x08000911   Thumb Code   412  stm32f4xx_hal_dma.o(i.HAL_DMA_IRQHandler)
    HAL_DMA_Init                             0x08000ab1   Thumb Code   206  stm32f4xx_hal_dma.o(i.HAL_DMA_Init)
    HAL_DMA_Start_IT                         0x08000b85   Thumb Code   110  stm32f4xx_hal_dma.o(i.HAL_DMA_Start_IT)
    HAL_GPIO_EXTI_Callback                   0x08000bf5   Thumb Code    82  main.o(i.HAL_GPIO_EXTI_Callback)
    HAL_GPIO_EXTI_IRQHandler                 0x08000c51   Thumb Code    18  stm32f4xx_hal_gpio.o(i.HAL_GPIO_EXTI_IRQHandler)
    HAL_GPIO_Init                            0x08000c69   Thumb Code   450  stm32f4xx_hal_gpio.o(i.HAL_GPIO_Init)
    HAL_GPIO_WritePin                        0x08000e59   Thumb Code    10  stm32f4xx_hal_gpio.o(i.HAL_GPIO_WritePin)
    HAL_GetTick                              0x08000e65   Thumb Code     6  stm32f4xx_hal.o(i.HAL_GetTick)
    HAL_IncTick                              0x08000e71   Thumb Code    12  stm32f4xx_hal.o(i.HAL_IncTick)
    HAL_Init                                 0x08000e81   Thumb Code    48  stm32f4xx_hal.o(i.HAL_Init)
    HAL_InitTick                             0x08000eb5   Thumb Code    54  stm32f4xx_hal.o(i.HAL_InitTick)
    HAL_MspInit                              0x08000ef5   Thumb Code    42  stm32f4xx_hal_msp.o(i.HAL_MspInit)
    HAL_NVIC_EnableIRQ                       0x08000f25   Thumb Code    26  stm32f4xx_hal_cortex.o(i.HAL_NVIC_EnableIRQ)
    HAL_NVIC_SetPriority                     0x08000f41   Thumb Code    60  stm32f4xx_hal_cortex.o(i.HAL_NVIC_SetPriority)
    HAL_NVIC_SetPriorityGrouping             0x08000f81   Thumb Code    26  stm32f4xx_hal_cortex.o(i.HAL_NVIC_SetPriorityGrouping)
    HAL_RCC_ClockConfig                      0x08000fa5   Thumb Code   288  stm32f4xx_hal_rcc.o(i.HAL_RCC_ClockConfig)
    HAL_RCC_GetPCLK1Freq                     0x080010d9   Thumb Code    20  stm32f4xx_hal_rcc.o(i.HAL_RCC_GetPCLK1Freq)
    HAL_RCC_GetPCLK2Freq                     0x080010f9   Thumb Code    20  stm32f4xx_hal_rcc.o(i.HAL_RCC_GetPCLK2Freq)
    HAL_RCC_GetSysClockFreq                  0x08001119   Thumb Code    88  stm32f4xx_hal_rcc.o(i.HAL_RCC_GetSysClockFreq)
    HAL_RCC_OscConfig                        0x0800117d   Thumb Code   856  stm32f4xx_hal_rcc.o(i.HAL_RCC_OscConfig)
    HAL_SPI_Init                             0x080014e9   Thumb Code   188  stm32f4xx_hal_spi.o(i.HAL_SPI_Init)
    HAL_SPI_MspInit                          0x080015a5   Thumb Code    94  spi.o(i.HAL_SPI_MspInit)
    HAL_SYSTICK_Config                       0x08001611   Thumb Code    40  stm32f4xx_hal_cortex.o(i.HAL_SYSTICK_Config)
    HAL_TIMEx_BreakCallback                  0x08001639   Thumb Code     2  stm32f4xx_hal_tim_ex.o(i.HAL_TIMEx_BreakCallback)
    HAL_TIMEx_CommutCallback                 0x0800163b   Thumb Code     2  stm32f4xx_hal_tim_ex.o(i.HAL_TIMEx_CommutCallback)
    HAL_TIMEx_ConfigBreakDeadTime            0x0800163d   Thumb Code    84  stm32f4xx_hal_tim_ex.o(i.HAL_TIMEx_ConfigBreakDeadTime)
    HAL_TIMEx_MasterConfigSynchronization    0x08001691   Thumb Code   116  stm32f4xx_hal_tim_ex.o(i.HAL_TIMEx_MasterConfigSynchronization)
    HAL_TIM_Base_Init                        0x08001721   Thumb Code    90  stm32f4xx_hal_tim.o(i.HAL_TIM_Base_Init)
    HAL_TIM_Base_MspInit                     0x0800177d   Thumb Code    98  tim.o(i.HAL_TIM_Base_MspInit)
    HAL_TIM_ConfigClockSource                0x080017ed   Thumb Code   220  stm32f4xx_hal_tim.o(i.HAL_TIM_ConfigClockSource)
    HAL_TIM_IC_CaptureCallback               0x080018c9   Thumb Code     2  stm32f4xx_hal_tim.o(i.HAL_TIM_IC_CaptureCallback)
    HAL_TIM_IRQHandler                       0x080018cb   Thumb Code   304  stm32f4xx_hal_tim.o(i.HAL_TIM_IRQHandler)
    HAL_TIM_MspPostInit                      0x080019fd   Thumb Code   186  tim.o(i.HAL_TIM_MspPostInit)
    HAL_TIM_OC_ConfigChannel                 0x08001ad1   Thumb Code    82  stm32f4xx_hal_tim.o(i.HAL_TIM_OC_ConfigChannel)
    HAL_TIM_OC_DelayElapsedCallback          0x08001b25   Thumb Code  1208  stepmotor.o(i.HAL_TIM_OC_DelayElapsedCallback)
    HAL_TIM_OC_Init                          0x08001fdd   Thumb Code    90  stm32f4xx_hal_tim.o(i.HAL_TIM_OC_Init)
    HAL_TIM_OC_MspInit                       0x08002037   Thumb Code     2  stm32f4xx_hal_tim.o(i.HAL_TIM_OC_MspInit)
    HAL_TIM_OC_Start_IT                      0x08002039   Thumb Code   216  stm32f4xx_hal_tim.o(i.HAL_TIM_OC_Start_IT)
    HAL_TIM_PWM_ConfigChannel                0x0800212d   Thumb Code   204  stm32f4xx_hal_tim.o(i.HAL_TIM_PWM_ConfigChannel)
    HAL_TIM_PWM_Init                         0x080021f9   Thumb Code    90  stm32f4xx_hal_tim.o(i.HAL_TIM_PWM_Init)
    HAL_TIM_PWM_MspInit                      0x08002253   Thumb Code     2  stm32f4xx_hal_tim.o(i.HAL_TIM_PWM_MspInit)
    HAL_TIM_PWM_PulseFinishedCallback        0x08002255   Thumb Code     2  stm32f4xx_hal_tim.o(i.HAL_TIM_PWM_PulseFinishedCallback)
    HAL_TIM_PWM_Start                        0x08002259   Thumb Code   172  stm32f4xx_hal_tim.o(i.HAL_TIM_PWM_Start)
    HAL_TIM_PeriodElapsedCallback            0x08002321   Thumb Code     2  stm32f4xx_hal_tim.o(i.HAL_TIM_PeriodElapsedCallback)
    HAL_TIM_TriggerCallback                  0x08002323   Thumb Code     2  stm32f4xx_hal_tim.o(i.HAL_TIM_TriggerCallback)
    HAL_UARTEx_RxEventCallback               0x08002325   Thumb Code     2  stm32f4xx_hal_uart.o(i.HAL_UARTEx_RxEventCallback)
    HAL_UART_ErrorCallback                   0x08002327   Thumb Code     2  stm32f4xx_hal_uart.o(i.HAL_UART_ErrorCallback)
    HAL_UART_IRQHandler                      0x08002329   Thumb Code   618  stm32f4xx_hal_uart.o(i.HAL_UART_IRQHandler)
    HAL_UART_Init                            0x08002599   Thumb Code   100  stm32f4xx_hal_uart.o(i.HAL_UART_Init)
    HAL_UART_MspInit                         0x080025fd   Thumb Code   672  usart.o(i.HAL_UART_MspInit)
    HAL_UART_Receive_DMA                     0x080028d9   Thumb Code    28  stm32f4xx_hal_uart.o(i.HAL_UART_Receive_DMA)
    HAL_UART_RxCpltCallback                  0x080028f5   Thumb Code     2  stm32f4xx_hal_uart.o(i.HAL_UART_RxCpltCallback)
    HAL_UART_RxHalfCpltCallback              0x080028f7   Thumb Code     2  stm32f4xx_hal_uart.o(i.HAL_UART_RxHalfCpltCallback)
    HAL_UART_Transmit_IT                     0x080028f9   Thumb Code    50  stm32f4xx_hal_uart.o(i.HAL_UART_Transmit_IT)
    HAL_UART_TxCpltCallback                  0x0800292b   Thumb Code     2  stm32f4xx_hal_uart.o(i.HAL_UART_TxCpltCallback)
    HardFault_Handler                        0x0800292d   Thumb Code     2  stm32f4xx_it.o(i.HardFault_Handler)
    Key_Check                                0x08002931   Thumb Code    46  task.o(i.Key_Check)
    LIFTMOTOR_MOVE                           0x08002965   Thumb Code   368  stepmotor.o(i.LIFTMOTOR_MOVE)
    MX_CAN1_Init                             0x08002b09   Thumb Code    52  can.o(i.MX_CAN1_Init)
    MX_DMA_Init                              0x08002b45   Thumb Code   104  dma.o(i.MX_DMA_Init)
    MX_GPIO_Init                             0x08002bb1   Thumb Code   336  gpio.o(i.MX_GPIO_Init)
    MX_SPI2_Init                             0x08002d15   Thumb Code    60  spi.o(i.MX_SPI2_Init)
    MX_TIM1_Init                             0x08002d59   Thumb Code   224  tim.o(i.MX_TIM1_Init)
    MX_TIM2_Init                             0x08002e41   Thumb Code   198  tim.o(i.MX_TIM2_Init)
    MX_TIM3_Init                             0x08002f0d   Thumb Code   196  tim.o(i.MX_TIM3_Init)
    MX_UART4_Init                            0x08002fd9   Thumb Code    48  usart.o(i.MX_UART4_Init)
    MX_UART5_Init                            0x08003011   Thumb Code    48  usart.o(i.MX_UART5_Init)
    MX_USART1_UART_Init                      0x08003049   Thumb Code    48  usart.o(i.MX_USART1_UART_Init)
    MX_USART2_UART_Init                      0x08003081   Thumb Code    48  usart.o(i.MX_USART2_UART_Init)
    MX_USART3_UART_Init                      0x080030b9   Thumb Code    48  usart.o(i.MX_USART3_UART_Init)
    MX_USART6_UART_Init                      0x080030f1   Thumb Code    48  usart.o(i.MX_USART6_UART_Init)
    MemManage_Handler                        0x08003129   Thumb Code     2  stm32f4xx_it.o(i.MemManage_Handler)
    NMI_Handler                              0x0800312b   Thumb Code     2  stm32f4xx_it.o(i.NMI_Handler)
    PendSV_Handler                           0x0800312d   Thumb Code     2  stm32f4xx_it.o(i.PendSV_Handler)
    SVC_Handler                              0x0800312f   Thumb Code     2  stm32f4xx_it.o(i.SVC_Handler)
    Set_360Angle                             0x08003131   Thumb Code    98  servo.o(i.Set_360Angle)
    Start_Bujin_Servo                        0x080031b5   Thumb Code    14  task.o(i.Start_Bujin_Servo)
    SysTick_Handler                          0x080031cd   Thumb Code     4  stm32f4xx_it.o(i.SysTick_Handler)
    SystemClock_Config                       0x080031d1   Thumb Code   140  main.o(i.SystemClock_Config)
    SystemInit                               0x08003265   Thumb Code    12  system_stm32f4xx.o(i.SystemInit)
    TIM1_CC_IRQHandler                       0x08003275   Thumb Code     6  stm32f4xx_it.o(i.TIM1_CC_IRQHandler)
    TIM_Base_SetConfig                       0x08003281   Thumb Code   170  stm32f4xx_hal_tim.o(i.TIM_Base_SetConfig)
    TIM_CCxChannelCmd                        0x08003359   Thumb Code    26  stm32f4xx_hal_tim.o(i.TIM_CCxChannelCmd)
    TIM_ETR_SetConfig                        0x08003373   Thumb Code    20  stm32f4xx_hal_tim.o(i.TIM_ETR_SetConfig)
    TIM_OC2_SetConfig                        0x080033f9   Thumb Code    98  stm32f4xx_hal_tim.o(i.TIM_OC2_SetConfig)
    UART5_IRQHandler                         0x08003565   Thumb Code     6  stm32f4xx_it.o(i.UART5_IRQHandler)
    UART_Start_Receive_DMA                   0x080038a9   Thumb Code   130  stm32f4xx_hal_uart.o(i.UART_Start_Receive_DMA)
    USART1_IRQHandler                        0x08003939   Thumb Code     6  stm32f4xx_it.o(i.USART1_IRQHandler)
    UsageFault_Handler                       0x08003945   Thumb Code     2  stm32f4xx_it.o(i.UsageFault_Handler)
    __hardfp_sqrt                            0x08003967   Thumb Code   122  sqrt.o(i.__hardfp_sqrt)
    gimbal_init                              0x080039e1   Thumb Code    24  servo.o(i.gimbal_init)
    main                                     0x080039f9   Thumb Code   182  main.o(i.main)
    __aeabi_ddiv                             0x08003ac5   Thumb Code     0  ddiv.o(x$fpl$ddiv)
    _ddiv                                    0x08003ac5   Thumb Code   552  ddiv.o(x$fpl$ddiv)
    __aeabi_d2iz                             0x08003d75   Thumb Code     0  dfix.o(x$fpl$dfix)
    _dfix                                    0x08003d75   Thumb Code    94  dfix.o(x$fpl$dfix)
    __aeabi_dmul                             0x08003dd5   Thumb Code     0  dmul.o(x$fpl$dmul)
    _dmul                                    0x08003dd5   Thumb Code   332  dmul.o(x$fpl$dmul)
    __fpl_dnaninf                            0x08003f29   Thumb Code   156  dnaninf.o(x$fpl$dnaninf)
    __fpl_dretinf                            0x08003fc5   Thumb Code    12  dretinf.o(x$fpl$dretinf)
    _dsqrt                                   0x08003fd1   Thumb Code   404  dsqrt_umaal.o(x$fpl$dsqrt)
    __aeabi_f2d                              0x08004169   Thumb Code     0  f2d.o(x$fpl$f2d)
    _f2d                                     0x08004169   Thumb Code    86  f2d.o(x$fpl$f2d)
    __fpl_fnaninf                            0x080041bf   Thumb Code   140  fnaninf.o(x$fpl$fnaninf)
    _fp_init                                 0x0800424b   Thumb Code    10  fpinit.o(x$fpl$fpinit)
    __fplib_config_fpu_vfp                   0x08004253   Thumb Code     0  fpinit.o(x$fpl$fpinit)
    __fplib_config_pureend_doubles           0x08004253   Thumb Code     0  fpinit.o(x$fpl$fpinit)
    __I$use$fp                               0x08004254   Number         0  usenofp.o(x$fpl$usenofp)
    AHBPrescTable                            0x0800425c   Data          16  system_stm32f4xx.o(.constdata)
    APBPrescTable                            0x0800426c   Data           8  system_stm32f4xx.o(.constdata)
    Region$$Table$$Base                      0x08004274   Number         0  anon$$obj.o(Region$$Table)
    Region$$Table$$Limit                     0x08004294   Number         0  anon$$obj.o(Region$$Table)
    uwTickFreq                               0x20000000   Data           1  stm32f4xx_hal.o(.data)
    uwTickPrio                               0x20000004   Data           4  stm32f4xx_hal.o(.data)
    uwTick                                   0x20000008   Data           4  stm32f4xx_hal.o(.data)
    SystemCoreClock                          0x2000000c   Data           4  system_stm32f4xx.o(.data)
    X_MotionStatus                           0x20000010   Data           1  stepmotor.o(.data)
    Y_MotionStatus                           0x20000011   Data           1  stepmotor.o(.data)
    Z_MotionStatus                           0x20000012   Data           1  stepmotor.o(.data)
    X_step_position                          0x2000001c   Data           4  stepmotor.o(.data)
    Y_step_position                          0x20000020   Data           4  stepmotor.o(.data)
    Z_step_position                          0x20000024   Data           4  stepmotor.o(.data)
    gimbal                                   0x20000040   Data          56  main.o(.bss)
    hcan1                                    0x20000078   Data          40  can.o(.bss)
    hspi2                                    0x200000a0   Data          88  spi.o(.bss)
    htim1                                    0x200000f8   Data          72  tim.o(.bss)
    htim2                                    0x20000140   Data          72  tim.o(.bss)
    htim3                                    0x20000188   Data          72  tim.o(.bss)
    huart4                                   0x200001d0   Data          72  usart.o(.bss)
    huart5                                   0x20000218   Data          72  usart.o(.bss)
    huart1                                   0x20000260   Data          72  usart.o(.bss)
    huart2                                   0x200002a8   Data          72  usart.o(.bss)
    huart3                                   0x200002f0   Data          72  usart.o(.bss)
    huart6                                   0x20000338   Data          72  usart.o(.bss)
    hdma_uart5_rx                            0x20000380   Data          96  usart.o(.bss)
    hdma_uart5_tx                            0x200003e0   Data          96  usart.o(.bss)
    hdma_usart1_rx                           0x20000440   Data          96  usart.o(.bss)
    hdma_usart1_tx                           0x200004a0   Data          96  usart.o(.bss)
    X_srd                                    0x20000500   Data          24  stepmotor.o(.bss)
    Y_srd                                    0x20000518   Data          24  stepmotor.o(.bss)
    Z_srd                                    0x20000530   Data          24  stepmotor.o(.bss)
    __libspace_start                         0x20000548   Data          96  libspace.o(.bss)
    __temporary_stack_top$libspace           0x200005a8   Data           0  libspace.o(.bss)



==============================================================================

Memory Map of the image

  Image Entry point : 0x08000189

  Load Region LR_IROM1 (Base: 0x08000000, Size: 0x000042d4, Max: 0x00100000, ABSOLUTE)

    Execution Region ER_IROM1 (Exec base: 0x08000000, Load base: 0x08000000, Size: 0x00004294, Max: 0x00100000, ABSOLUTE)

    Exec Addr    Load Addr    Size         Type   Attr      Idx    E Section Name        Object

    0x08000000   0x08000000   0x00000188   Data   RO            3    RESET               startup_stm32f407xx.o
    0x08000188   0x08000188   0x00000008   Code   RO         4099  * !!!main             c_w.l(__main.o)
    0x08000190   0x08000190   0x00000034   Code   RO         4312    !!!scatter          c_w.l(__scatter.o)
    0x080001c4   0x080001c4   0x0000001a   Code   RO         4314    !!handler_copy      c_w.l(__scatter_copy.o)
    0x080001de   0x080001de   0x00000002   PAD
    0x080001e0   0x080001e0   0x0000001c   Code   RO         4316    !!handler_zi        c_w.l(__scatter_zi.o)
    0x080001fc   0x080001fc   0x00000002   Code   RO         4183    .ARM.Collect$$libinit$$00000000  c_w.l(libinit.o)
    0x080001fe   0x080001fe   0x00000004   Code   RO         4192    .ARM.Collect$$libinit$$00000001  c_w.l(libinit2.o)
    0x08000202   0x08000202   0x00000000   Code   RO         4195    .ARM.Collect$$libinit$$00000004  c_w.l(libinit2.o)
    0x08000202   0x08000202   0x00000000   Code   RO         4198    .ARM.Collect$$libinit$$0000000A  c_w.l(libinit2.o)
    0x08000202   0x08000202   0x00000000   Code   RO         4200    .ARM.Collect$$libinit$$0000000C  c_w.l(libinit2.o)
    0x08000202   0x08000202   0x00000000   Code   RO         4202    .ARM.Collect$$libinit$$0000000E  c_w.l(libinit2.o)
    0x08000202   0x08000202   0x00000000   Code   RO         4205    .ARM.Collect$$libinit$$00000011  c_w.l(libinit2.o)
    0x08000202   0x08000202   0x00000000   Code   RO         4207    .ARM.Collect$$libinit$$00000013  c_w.l(libinit2.o)
    0x08000202   0x08000202   0x00000000   Code   RO         4209    .ARM.Collect$$libinit$$00000015  c_w.l(libinit2.o)
    0x08000202   0x08000202   0x00000000   Code   RO         4211    .ARM.Collect$$libinit$$00000017  c_w.l(libinit2.o)
    0x08000202   0x08000202   0x00000000   Code   RO         4213    .ARM.Collect$$libinit$$00000019  c_w.l(libinit2.o)
    0x08000202   0x08000202   0x00000000   Code   RO         4215    .ARM.Collect$$libinit$$0000001B  c_w.l(libinit2.o)
    0x08000202   0x08000202   0x00000000   Code   RO         4217    .ARM.Collect$$libinit$$0000001D  c_w.l(libinit2.o)
    0x08000202   0x08000202   0x00000000   Code   RO         4219    .ARM.Collect$$libinit$$0000001F  c_w.l(libinit2.o)
    0x08000202   0x08000202   0x00000000   Code   RO         4221    .ARM.Collect$$libinit$$00000021  c_w.l(libinit2.o)
    0x08000202   0x08000202   0x00000000   Code   RO         4223    .ARM.Collect$$libinit$$00000023  c_w.l(libinit2.o)
    0x08000202   0x08000202   0x00000000   Code   RO         4225    .ARM.Collect$$libinit$$00000025  c_w.l(libinit2.o)
    0x08000202   0x08000202   0x00000000   Code   RO         4229    .ARM.Collect$$libinit$$0000002C  c_w.l(libinit2.o)
    0x08000202   0x08000202   0x00000000   Code   RO         4231    .ARM.Collect$$libinit$$0000002E  c_w.l(libinit2.o)
    0x08000202   0x08000202   0x00000000   Code   RO         4233    .ARM.Collect$$libinit$$00000030  c_w.l(libinit2.o)
    0x08000202   0x08000202   0x00000000   Code   RO         4235    .ARM.Collect$$libinit$$00000032  c_w.l(libinit2.o)
    0x08000202   0x08000202   0x00000002   Code   RO         4236    .ARM.Collect$$libinit$$00000033  c_w.l(libinit2.o)
    0x08000204   0x08000204   0x00000002   Code   RO         4267    .ARM.Collect$$libshutdown$$00000000  c_w.l(libshutdown.o)
    0x08000206   0x08000206   0x00000000   Code   RO         4293    .ARM.Collect$$libshutdown$$00000002  c_w.l(libshutdown2.o)
    0x08000206   0x08000206   0x00000000   Code   RO         4295    .ARM.Collect$$libshutdown$$00000004  c_w.l(libshutdown2.o)
    0x08000206   0x08000206   0x00000000   Code   RO         4297    .ARM.Collect$$libshutdown$$00000006  c_w.l(libshutdown2.o)
    0x08000206   0x08000206   0x00000000   Code   RO         4300    .ARM.Collect$$libshutdown$$00000009  c_w.l(libshutdown2.o)
    0x08000206   0x08000206   0x00000000   Code   RO         4303    .ARM.Collect$$libshutdown$$0000000C  c_w.l(libshutdown2.o)
    0x08000206   0x08000206   0x00000000   Code   RO         4305    .ARM.Collect$$libshutdown$$0000000E  c_w.l(libshutdown2.o)
    0x08000206   0x08000206   0x00000000   Code   RO         4308    .ARM.Collect$$libshutdown$$00000011  c_w.l(libshutdown2.o)
    0x08000206   0x08000206   0x00000002   Code   RO         4309    .ARM.Collect$$libshutdown$$00000012  c_w.l(libshutdown2.o)
    0x08000208   0x08000208   0x00000000   Code   RO         4125    .ARM.Collect$$rtentry$$00000000  c_w.l(__rtentry.o)
    0x08000208   0x08000208   0x00000000   Code   RO         4144    .ARM.Collect$$rtentry$$00000002  c_w.l(__rtentry2.o)
    0x08000208   0x08000208   0x00000006   Code   RO         4156    .ARM.Collect$$rtentry$$00000004  c_w.l(__rtentry4.o)
    0x0800020e   0x0800020e   0x00000000   Code   RO         4146    .ARM.Collect$$rtentry$$00000009  c_w.l(__rtentry2.o)
    0x0800020e   0x0800020e   0x00000004   Code   RO         4147    .ARM.Collect$$rtentry$$0000000A  c_w.l(__rtentry2.o)
    0x08000212   0x08000212   0x00000000   Code   RO         4149    .ARM.Collect$$rtentry$$0000000C  c_w.l(__rtentry2.o)
    0x08000212   0x08000212   0x00000008   Code   RO         4150    .ARM.Collect$$rtentry$$0000000D  c_w.l(__rtentry2.o)
    0x0800021a   0x0800021a   0x00000002   Code   RO         4184    .ARM.Collect$$rtexit$$00000000  c_w.l(rtexit.o)
    0x0800021c   0x0800021c   0x00000000   Code   RO         4240    .ARM.Collect$$rtexit$$00000002  c_w.l(rtexit2.o)
    0x0800021c   0x0800021c   0x00000004   Code   RO         4241    .ARM.Collect$$rtexit$$00000003  c_w.l(rtexit2.o)
    0x08000220   0x08000220   0x00000006   Code   RO         4242    .ARM.Collect$$rtexit$$00000004  c_w.l(rtexit2.o)
    0x08000226   0x08000226   0x00000002   PAD
    0x08000228   0x08000228   0x00000040   Code   RO            4    .text               startup_stm32f407xx.o
    0x08000268   0x08000268   0x000000ee   Code   RO         4093    .text               c_w.l(lludivv7m.o)
    0x08000356   0x08000356   0x0000004e   Code   RO         4095    .text               c_w.l(rt_memclr_w.o)
    0x080003a4   0x080003a4   0x00000006   Code   RO         4097    .text               c_w.l(heapauxi.o)
    0x080003aa   0x080003aa   0x00000016   Code   RO         4130    .text               c_w.l(_rserrno.o)
    0x080003c0   0x080003c0   0x00000008   Code   RO         4163    .text               c_w.l(rt_errno_addr_intlibspace.o)
    0x080003c8   0x080003c8   0x00000008   Code   RO         4167    .text               c_w.l(libspace.o)
    0x080003d0   0x080003d0   0x0000004a   Code   RO         4170    .text               c_w.l(sys_stackheap_outer.o)
    0x0800041a   0x0800041a   0x00000012   Code   RO         4172    .text               c_w.l(exit.o)
    0x0800042c   0x0800042c   0x0000000c   Code   RO         4237    .text               c_w.l(sys_exit.o)
    0x08000438   0x08000438   0x00000002   Code   RO         4256    .text               c_w.l(use_no_semi.o)
    0x0800043a   0x0800043a   0x00000000   Code   RO         4258    .text               c_w.l(indicate_semi.o)
    0x0800043a   0x0800043a   0x00000002   Code   RO          477    i.BusFault_Handler  stm32f4xx_it.o
    0x0800043c   0x0800043c   0x000001a4   Code   RO         3711    i.CROSMOTOR_MOVE    stepmotor.o
    0x080005e0   0x080005e0   0x0000000c   Code   RO          478    i.DMA1_Stream0_IRQHandler  stm32f4xx_it.o
    0x080005ec   0x080005ec   0x0000000c   Code   RO          479    i.DMA1_Stream7_IRQHandler  stm32f4xx_it.o
    0x080005f8   0x080005f8   0x0000000c   Code   RO          480    i.DMA2_Stream2_IRQHandler  stm32f4xx_it.o
    0x08000604   0x08000604   0x0000000c   Code   RO          481    i.DMA2_Stream7_IRQHandler  stm32f4xx_it.o
    0x08000610   0x08000610   0x00000028   Code   RO         1336    i.DMA_CalcBaseAndBitshift  stm32f4xx_hal_dma.o
    0x08000638   0x08000638   0x00000054   Code   RO         1337    i.DMA_CheckFifoParam  stm32f4xx_hal_dma.o
    0x0800068c   0x0800068c   0x00000028   Code   RO         1338    i.DMA_SetConfig     stm32f4xx_hal_dma.o
    0x080006b4   0x080006b4   0x00000002   Code   RO          482    i.DebugMon_Handler  stm32f4xx_it.o
    0x080006b6   0x080006b6   0x00000006   Code   RO          483    i.EXTI2_IRQHandler  stm32f4xx_it.o
    0x080006bc   0x080006bc   0x00000006   Code   RO          484    i.EXTI3_IRQHandler  stm32f4xx_it.o
    0x080006c2   0x080006c2   0x00000006   Code   RO          485    i.EXTI4_IRQHandler  stm32f4xx_it.o
    0x080006c8   0x080006c8   0x00000006   Code   RO          486    i.EXTI9_5_IRQHandler  stm32f4xx_it.o
    0x080006ce   0x080006ce   0x00000004   Code   RO           13    i.Error_Handler     main.o
    0x080006d2   0x080006d2   0x0000011a   Code   RO          657    i.HAL_CAN_Init      stm32f4xx_hal_can.o
    0x080007ec   0x080007ec   0x0000006c   Code   RO          238    i.HAL_CAN_MspInit   can.o
    0x08000858   0x08000858   0x00000092   Code   RO         1339    i.HAL_DMA_Abort     stm32f4xx_hal_dma.o
    0x080008ea   0x080008ea   0x00000024   Code   RO         1340    i.HAL_DMA_Abort_IT  stm32f4xx_hal_dma.o
    0x0800090e   0x0800090e   0x00000002   PAD
    0x08000910   0x08000910   0x000001a0   Code   RO         1344    i.HAL_DMA_IRQHandler  stm32f4xx_hal_dma.o
    0x08000ab0   0x08000ab0   0x000000d4   Code   RO         1345    i.HAL_DMA_Init      stm32f4xx_hal_dma.o
    0x08000b84   0x08000b84   0x0000006e   Code   RO         1349    i.HAL_DMA_Start_IT  stm32f4xx_hal_dma.o
    0x08000bf2   0x08000bf2   0x00000002   PAD
    0x08000bf4   0x08000bf4   0x0000005c   Code   RO           14    i.HAL_GPIO_EXTI_Callback  main.o
    0x08000c50   0x08000c50   0x00000018   Code   RO         1231    i.HAL_GPIO_EXTI_IRQHandler  stm32f4xx_hal_gpio.o
    0x08000c68   0x08000c68   0x000001f0   Code   RO         1232    i.HAL_GPIO_Init     stm32f4xx_hal_gpio.o
    0x08000e58   0x08000e58   0x0000000a   Code   RO         1236    i.HAL_GPIO_WritePin  stm32f4xx_hal_gpio.o
    0x08000e62   0x08000e62   0x00000002   PAD
    0x08000e64   0x08000e64   0x0000000c   Code   RO         1770    i.HAL_GetTick       stm32f4xx_hal.o
    0x08000e70   0x08000e70   0x00000010   Code   RO         1776    i.HAL_IncTick       stm32f4xx_hal.o
    0x08000e80   0x08000e80   0x00000034   Code   RO         1777    i.HAL_Init          stm32f4xx_hal.o
    0x08000eb4   0x08000eb4   0x00000040   Code   RO         1778    i.HAL_InitTick      stm32f4xx_hal.o
    0x08000ef4   0x08000ef4   0x00000030   Code   RO          619    i.HAL_MspInit       stm32f4xx_hal_msp.o
    0x08000f24   0x08000f24   0x0000001a   Code   RO         1622    i.HAL_NVIC_EnableIRQ  stm32f4xx_hal_cortex.o
    0x08000f3e   0x08000f3e   0x00000002   PAD
    0x08000f40   0x08000f40   0x00000040   Code   RO         1628    i.HAL_NVIC_SetPriority  stm32f4xx_hal_cortex.o
    0x08000f80   0x08000f80   0x00000024   Code   RO         1629    i.HAL_NVIC_SetPriorityGrouping  stm32f4xx_hal_cortex.o
    0x08000fa4   0x08000fa4   0x00000134   Code   RO          878    i.HAL_RCC_ClockConfig  stm32f4xx_hal_rcc.o
    0x080010d8   0x080010d8   0x00000020   Code   RO          885    i.HAL_RCC_GetPCLK1Freq  stm32f4xx_hal_rcc.o
    0x080010f8   0x080010f8   0x00000020   Code   RO          886    i.HAL_RCC_GetPCLK2Freq  stm32f4xx_hal_rcc.o
    0x08001118   0x08001118   0x00000064   Code   RO          887    i.HAL_RCC_GetSysClockFreq  stm32f4xx_hal_rcc.o
    0x0800117c   0x0800117c   0x0000036c   Code   RO          890    i.HAL_RCC_OscConfig  stm32f4xx_hal_rcc.o
    0x080014e8   0x080014e8   0x000000bc   Code   RO         2026    i.HAL_SPI_Init      stm32f4xx_hal_spi.o
    0x080015a4   0x080015a4   0x0000006c   Code   RO          304    i.HAL_SPI_MspInit   spi.o
    0x08001610   0x08001610   0x00000028   Code   RO         1633    i.HAL_SYSTICK_Config  stm32f4xx_hal_cortex.o
    0x08001638   0x08001638   0x00000002   Code   RO         3043    i.HAL_TIMEx_BreakCallback  stm32f4xx_hal_tim_ex.o
    0x0800163a   0x0800163a   0x00000002   Code   RO         3044    i.HAL_TIMEx_CommutCallback  stm32f4xx_hal_tim_ex.o
    0x0800163c   0x0800163c   0x00000054   Code   RO         3046    i.HAL_TIMEx_ConfigBreakDeadTime  stm32f4xx_hal_tim_ex.o
    0x08001690   0x08001690   0x00000090   Code   RO         3062    i.HAL_TIMEx_MasterConfigSynchronization  stm32f4xx_hal_tim_ex.o
    0x08001720   0x08001720   0x0000005a   Code   RO         2339    i.HAL_TIM_Base_Init  stm32f4xx_hal_tim.o
    0x0800177a   0x0800177a   0x00000002   PAD
    0x0800177c   0x0800177c   0x00000070   Code   RO          346    i.HAL_TIM_Base_MspInit  tim.o
    0x080017ec   0x080017ec   0x000000dc   Code   RO         2348    i.HAL_TIM_ConfigClockSource  stm32f4xx_hal_tim.o
    0x080018c8   0x080018c8   0x00000002   Code   RO         2373    i.HAL_TIM_IC_CaptureCallback  stm32f4xx_hal_tim.o
    0x080018ca   0x080018ca   0x00000130   Code   RO         2387    i.HAL_TIM_IRQHandler  stm32f4xx_hal_tim.o
    0x080019fa   0x080019fa   0x00000002   PAD
    0x080019fc   0x080019fc   0x000000d4   Code   RO          347    i.HAL_TIM_MspPostInit  tim.o
    0x08001ad0   0x08001ad0   0x00000052   Code   RO         2388    i.HAL_TIM_OC_ConfigChannel  stm32f4xx_hal_tim.o
    0x08001b22   0x08001b22   0x00000002   PAD
    0x08001b24   0x08001b24   0x000004b8   Code   RO         3712    i.HAL_TIM_OC_DelayElapsedCallback  stepmotor.o
    0x08001fdc   0x08001fdc   0x0000005a   Code   RO         2392    i.HAL_TIM_OC_Init   stm32f4xx_hal_tim.o
    0x08002036   0x08002036   0x00000002   Code   RO         2394    i.HAL_TIM_OC_MspInit  stm32f4xx_hal_tim.o
    0x08002038   0x08002038   0x000000f4   Code   RO         2397    i.HAL_TIM_OC_Start_IT  stm32f4xx_hal_tim.o
    0x0800212c   0x0800212c   0x000000cc   Code   RO         2411    i.HAL_TIM_PWM_ConfigChannel  stm32f4xx_hal_tim.o
    0x080021f8   0x080021f8   0x0000005a   Code   RO         2414    i.HAL_TIM_PWM_Init  stm32f4xx_hal_tim.o
    0x08002252   0x08002252   0x00000002   Code   RO         2416    i.HAL_TIM_PWM_MspInit  stm32f4xx_hal_tim.o
    0x08002254   0x08002254   0x00000002   Code   RO         2417    i.HAL_TIM_PWM_PulseFinishedCallback  stm32f4xx_hal_tim.o
    0x08002256   0x08002256   0x00000002   PAD
    0x08002258   0x08002258   0x000000c8   Code   RO         2419    i.HAL_TIM_PWM_Start  stm32f4xx_hal_tim.o
    0x08002320   0x08002320   0x00000002   Code   RO         2425    i.HAL_TIM_PeriodElapsedCallback  stm32f4xx_hal_tim.o
    0x08002322   0x08002322   0x00000002   Code   RO         2430    i.HAL_TIM_TriggerCallback  stm32f4xx_hal_tim.o
    0x08002324   0x08002324   0x00000002   Code   RO         3322    i.HAL_UARTEx_RxEventCallback  stm32f4xx_hal_uart.o
    0x08002326   0x08002326   0x00000002   Code   RO         3336    i.HAL_UART_ErrorCallback  stm32f4xx_hal_uart.o
    0x08002328   0x08002328   0x00000270   Code   RO         3339    i.HAL_UART_IRQHandler  stm32f4xx_hal_uart.o
    0x08002598   0x08002598   0x00000064   Code   RO         3340    i.HAL_UART_Init     stm32f4xx_hal_uart.o
    0x080025fc   0x080025fc   0x000002dc   Code   RO          406    i.HAL_UART_MspInit  usart.o
    0x080028d8   0x080028d8   0x0000001c   Code   RO         3344    i.HAL_UART_Receive_DMA  stm32f4xx_hal_uart.o
    0x080028f4   0x080028f4   0x00000002   Code   RO         3346    i.HAL_UART_RxCpltCallback  stm32f4xx_hal_uart.o
    0x080028f6   0x080028f6   0x00000002   Code   RO         3347    i.HAL_UART_RxHalfCpltCallback  stm32f4xx_hal_uart.o
    0x080028f8   0x080028f8   0x00000032   Code   RO         3350    i.HAL_UART_Transmit_IT  stm32f4xx_hal_uart.o
    0x0800292a   0x0800292a   0x00000002   Code   RO         3351    i.HAL_UART_TxCpltCallback  stm32f4xx_hal_uart.o
    0x0800292c   0x0800292c   0x00000002   Code   RO          487    i.HardFault_Handler  stm32f4xx_it.o
    0x0800292e   0x0800292e   0x00000002   PAD
    0x08002930   0x08002930   0x00000034   Code   RO         4056    i.Key_Check         task.o
    0x08002964   0x08002964   0x000001a4   Code   RO         3713    i.LIFTMOTOR_MOVE    stepmotor.o
    0x08002b08   0x08002b08   0x0000003c   Code   RO          239    i.MX_CAN1_Init      can.o
    0x08002b44   0x08002b44   0x0000006c   Code   RO          279    i.MX_DMA_Init       dma.o
    0x08002bb0   0x08002bb0   0x00000164   Code   RO          213    i.MX_GPIO_Init      gpio.o
    0x08002d14   0x08002d14   0x00000044   Code   RO          305    i.MX_SPI2_Init      spi.o
    0x08002d58   0x08002d58   0x000000e8   Code   RO          348    i.MX_TIM1_Init      tim.o
    0x08002e40   0x08002e40   0x000000cc   Code   RO          349    i.MX_TIM2_Init      tim.o
    0x08002f0c   0x08002f0c   0x000000cc   Code   RO          350    i.MX_TIM3_Init      tim.o
    0x08002fd8   0x08002fd8   0x00000038   Code   RO          407    i.MX_UART4_Init     usart.o
    0x08003010   0x08003010   0x00000038   Code   RO          408    i.MX_UART5_Init     usart.o
    0x08003048   0x08003048   0x00000038   Code   RO          409    i.MX_USART1_UART_Init  usart.o
    0x08003080   0x08003080   0x00000038   Code   RO          410    i.MX_USART2_UART_Init  usart.o
    0x080030b8   0x080030b8   0x00000038   Code   RO          411    i.MX_USART3_UART_Init  usart.o
    0x080030f0   0x080030f0   0x00000038   Code   RO          412    i.MX_USART6_UART_Init  usart.o
    0x08003128   0x08003128   0x00000002   Code   RO          488    i.MemManage_Handler  stm32f4xx_it.o
    0x0800312a   0x0800312a   0x00000002   Code   RO          489    i.NMI_Handler       stm32f4xx_it.o
    0x0800312c   0x0800312c   0x00000002   Code   RO          490    i.PendSV_Handler    stm32f4xx_it.o
    0x0800312e   0x0800312e   0x00000002   Code   RO          491    i.SVC_Handler       stm32f4xx_it.o
    0x08003130   0x08003130   0x00000084   Code   RO         3941    i.Set_360Angle      servo.o
    0x080031b4   0x080031b4   0x00000018   Code   RO         4057    i.Start_Bujin_Servo  task.o
    0x080031cc   0x080031cc   0x00000004   Code   RO          492    i.SysTick_Handler   stm32f4xx_it.o
    0x080031d0   0x080031d0   0x00000094   Code   RO           15    i.SystemClock_Config  main.o
    0x08003264   0x08003264   0x00000010   Code   RO         3674    i.SystemInit        system_stm32f4xx.o
    0x08003274   0x08003274   0x0000000c   Code   RO          493    i.TIM1_CC_IRQHandler  stm32f4xx_it.o
    0x08003280   0x08003280   0x000000d8   Code   RO         2432    i.TIM_Base_SetConfig  stm32f4xx_hal_tim.o
    0x08003358   0x08003358   0x0000001a   Code   RO         2433    i.TIM_CCxChannelCmd  stm32f4xx_hal_tim.o
    0x08003372   0x08003372   0x00000014   Code   RO         2443    i.TIM_ETR_SetConfig  stm32f4xx_hal_tim.o
    0x08003386   0x08003386   0x00000010   Code   RO         2444    i.TIM_ITRx_SetConfig  stm32f4xx_hal_tim.o
    0x08003396   0x08003396   0x00000002   PAD
    0x08003398   0x08003398   0x00000060   Code   RO         2445    i.TIM_OC1_SetConfig  stm32f4xx_hal_tim.o
    0x080033f8   0x080033f8   0x0000006c   Code   RO         2446    i.TIM_OC2_SetConfig  stm32f4xx_hal_tim.o
    0x08003464   0x08003464   0x00000068   Code   RO         2447    i.TIM_OC3_SetConfig  stm32f4xx_hal_tim.o
    0x080034cc   0x080034cc   0x00000050   Code   RO         2448    i.TIM_OC4_SetConfig  stm32f4xx_hal_tim.o
    0x0800351c   0x0800351c   0x00000022   Code   RO         2450    i.TIM_TI1_ConfigInputStage  stm32f4xx_hal_tim.o
    0x0800353e   0x0800353e   0x00000024   Code   RO         2452    i.TIM_TI2_ConfigInputStage  stm32f4xx_hal_tim.o
    0x08003562   0x08003562   0x00000002   PAD
    0x08003564   0x08003564   0x0000000c   Code   RO          494    i.UART5_IRQHandler  stm32f4xx_it.o
    0x08003570   0x08003570   0x00000010   Code   RO         3353    i.UART_DMAAbortOnError  stm32f4xx_hal_uart.o
    0x08003580   0x08003580   0x0000004a   Code   RO         3354    i.UART_DMAError     stm32f4xx_hal_uart.o
    0x080035ca   0x080035ca   0x00000086   Code   RO         3355    i.UART_DMAReceiveCplt  stm32f4xx_hal_uart.o
    0x08003650   0x08003650   0x0000001e   Code   RO         3357    i.UART_DMARxHalfCplt  stm32f4xx_hal_uart.o
    0x0800366e   0x0800366e   0x0000004e   Code   RO         3363    i.UART_EndRxTransfer  stm32f4xx_hal_uart.o
    0x080036bc   0x080036bc   0x0000001c   Code   RO         3364    i.UART_EndTxTransfer  stm32f4xx_hal_uart.o
    0x080036d8   0x080036d8   0x000000c2   Code   RO         3365    i.UART_Receive_IT   stm32f4xx_hal_uart.o
    0x0800379a   0x0800379a   0x00000002   PAD
    0x0800379c   0x0800379c   0x0000010c   Code   RO         3366    i.UART_SetConfig    stm32f4xx_hal_uart.o
    0x080038a8   0x080038a8   0x00000090   Code   RO         3367    i.UART_Start_Receive_DMA  stm32f4xx_hal_uart.o
    0x08003938   0x08003938   0x0000000c   Code   RO          495    i.USART1_IRQHandler  stm32f4xx_it.o
    0x08003944   0x08003944   0x00000002   Code   RO          496    i.UsageFault_Handler  stm32f4xx_it.o
    0x08003946   0x08003946   0x00000020   Code   RO         1635    i.__NVIC_SetPriority  stm32f4xx_hal_cortex.o
    0x08003966   0x08003966   0x0000007a   Code   RO         4113    i.__hardfp_sqrt     m_wm.l(sqrt.o)
    0x080039e0   0x080039e0   0x00000018   Code   RO         3942    i.gimbal_init       servo.o
    0x080039f8   0x080039f8   0x000000cc   Code   RO           16    i.main              main.o
    0x08003ac4   0x08003ac4   0x000002b0   Code   RO         4102    x$fpl$ddiv          fz_wm.l(ddiv.o)
    0x08003d74   0x08003d74   0x0000005e   Code   RO         4105    x$fpl$dfix          fz_wm.l(dfix.o)
    0x08003dd2   0x08003dd2   0x00000002   PAD
    0x08003dd4   0x08003dd4   0x00000154   Code   RO         4109    x$fpl$dmul          fz_wm.l(dmul.o)
    0x08003f28   0x08003f28   0x0000009c   Code   RO         4134    x$fpl$dnaninf       fz_wm.l(dnaninf.o)
    0x08003fc4   0x08003fc4   0x0000000c   Code   RO         4136    x$fpl$dretinf       fz_wm.l(dretinf.o)
    0x08003fd0   0x08003fd0   0x00000198   Code   RO         4138    x$fpl$dsqrt         fz_wm.l(dsqrt_umaal.o)
    0x08004168   0x08004168   0x00000056   Code   RO         4111    x$fpl$f2d           fz_wm.l(f2d.o)
    0x080041be   0x080041be   0x0000008c   Code   RO         4140    x$fpl$fnaninf       fz_wm.l(fnaninf.o)
    0x0800424a   0x0800424a   0x0000000a   Code   RO         4252    x$fpl$fpinit        fz_wm.l(fpinit.o)
    0x08004254   0x08004254   0x00000000   Code   RO         4142    x$fpl$usenofp       fz_wm.l(usenofp.o)
    0x08004254   0x08004254   0x00000008   Data   RO         1351    .constdata          stm32f4xx_hal_dma.o
    0x0800425c   0x0800425c   0x00000010   Data   RO         3675    .constdata          system_stm32f4xx.o
    0x0800426c   0x0800426c   0x00000008   Data   RO         3676    .constdata          system_stm32f4xx.o
    0x08004274   0x08004274   0x00000020   Data   RO         4310    Region$$Table       anon$$obj.o


    Execution Region RW_IRAM1 (Exec base: 0x20000000, Load base: 0x08004294, Size: 0x00000ba8, Max: 0x0001c000, ABSOLUTE)

    Exec Addr    Load Addr    Size         Type   Attr      Idx    E Section Name        Object

    0x20000000   0x08004294   0x0000000c   Data   RW         1784    .data               stm32f4xx_hal.o
    0x2000000c   0x080042a0   0x00000004   Data   RW         3677    .data               system_stm32f4xx.o
    0x20000010   0x080042a4   0x00000030   Data   RW         3716    .data               stepmotor.o
    0x20000040        -       0x00000038   Zero   RW           17    .bss                main.o
    0x20000078        -       0x00000028   Zero   RW          240    .bss                can.o
    0x200000a0        -       0x00000058   Zero   RW          306    .bss                spi.o
    0x200000f8        -       0x000000d8   Zero   RW          351    .bss                tim.o
    0x200001d0        -       0x00000330   Zero   RW          413    .bss                usart.o
    0x20000500        -       0x00000048   Zero   RW         3715    .bss                stepmotor.o
    0x20000548        -       0x00000060   Zero   RW         4168    .bss                c_w.l(libspace.o)
    0x200005a8        -       0x00000200   Zero   RW            2    HEAP                startup_stm32f407xx.o
    0x200007a8        -       0x00000400   Zero   RW            1    STACK               startup_stm32f407xx.o


    Execution Region RW_IRAM2 (Exec base: 0x2001c000, Load base: 0x080042d4, Size: 0x00000000, Max: 0x00004000, ABSOLUTE)

    **** No section assigned to this execution region ****


==============================================================================

Image component sizes


      Code (inc. data)   RO Data    RW Data    ZI Data      Debug   Object Name

       168         22          0          0         40       1717   can.o
       108          4          0          0          0        850   dma.o
       356         20          0          0          0       1139   gpio.o
       448         40          0          0         56     713196   main.o
       156         34          0          0          0       1446   servo.o
       176         22          0          0         88       1717   spi.o
        64         26        392          0       1536        852   startup_stm32f407xx.o
      2048        124          0         48         72       7217   stepmotor.o
       144         24          0         12          0       8829   stm32f4xx_hal.o
       282          0          0          0          0       1423   stm32f4xx_hal_can.o
       198         14          0          0          0      33875   stm32f4xx_hal_cortex.o
      1084         16          8          0          0       7418   stm32f4xx_hal_dma.o
       530         52          0          0          0       2851   stm32f4xx_hal_gpio.o
        48          6          0          0          0        874   stm32f4xx_hal_msp.o
      1348         76          0          0          0       5288   stm32f4xx_hal_rcc.o
       188          0          0          0          0       1211   stm32f4xx_hal_spi.o
      2272        138          0          0          0      19648   stm32f4xx_hal_tim.o
       232         28          0          0          0       3345   stm32f4xx_hal_tim_ex.o
      1778         30          0          0          0      14037   stm32f4xx_hal_uart.o
       128         42          0          0          0       9512   stm32f4xx_it.o
        16          4         24          4          0       1151   system_stm32f4xx.o
        76         16          0          0          0       1297   task.o
       964         62          0          0        216       4326   tim.o
      1068        108          0          0        816       5645   usart.o

    ----------------------------------------------------------------------
     13904        908        456         64       2824     848864   Object Totals
         0          0         32          0          0          0   (incl. Generated)
        24          0          0          0          0          0   (incl. Padding)

    ----------------------------------------------------------------------

      Code (inc. data)   RO Data    RW Data    ZI Data      Debug   Library Member Name

         8          0          0          0          0         68   __main.o
         0          0          0          0          0          0   __rtentry.o
        12          0          0          0          0          0   __rtentry2.o
         6          0          0          0          0          0   __rtentry4.o
        52          8          0          0          0          0   __scatter.o
        26          0          0          0          0          0   __scatter_copy.o
        28          0          0          0          0          0   __scatter_zi.o
        22          0          0          0          0        100   _rserrno.o
        18          0          0          0          0         80   exit.o
         6          0          0          0          0        152   heapauxi.o
         0          0          0          0          0          0   indicate_semi.o
         2          0          0          0          0          0   libinit.o
         6          0          0          0          0          0   libinit2.o
         2          0          0          0          0          0   libshutdown.o
         2          0          0          0          0          0   libshutdown2.o
         8          4          0          0         96         68   libspace.o
       238          0          0          0          0        100   lludivv7m.o
         8          4          0          0          0         68   rt_errno_addr_intlibspace.o
        78          0          0          0          0         80   rt_memclr_w.o
         2          0          0          0          0          0   rtexit.o
        10          0          0          0          0          0   rtexit2.o
        12          4          0          0          0         68   sys_exit.o
        74          0          0          0          0         80   sys_stackheap_outer.o
         2          0          0          0          0         68   use_no_semi.o
       688        140          0          0          0        256   ddiv.o
        94          4          0          0          0        140   dfix.o
       340         12          0          0          0        152   dmul.o
       156          4          0          0          0        140   dnaninf.o
        12          0          0          0          0        116   dretinf.o
       408         56          0          0          0        168   dsqrt_umaal.o
        86          4          0          0          0        132   f2d.o
       140          4          0          0          0        132   fnaninf.o
        10          0          0          0          0        116   fpinit.o
         0          0          0          0          0          0   usenofp.o
       122          0          0          0          0        148   sqrt.o

    ----------------------------------------------------------------------
      2684        244          0          0         96       2432   Library Totals
         6          0          0          0          0          0   (incl. Padding)

    ----------------------------------------------------------------------

      Code (inc. data)   RO Data    RW Data    ZI Data      Debug   Library Name

       622         20          0          0         96        932   c_w.l
      1934        224          0          0          0       1352   fz_wm.l
       122          0          0          0          0        148   m_wm.l

    ----------------------------------------------------------------------
      2684        244          0          0         96       2432   Library Totals

    ----------------------------------------------------------------------

==============================================================================


      Code (inc. data)   RO Data    RW Data    ZI Data      Debug   

     16588       1152        456         64       2920     838332   Grand Totals
     16588       1152        456         64       2920     838332   ELF Image Totals
     16588       1152        456         64          0          0   ROM Totals

==============================================================================

    Total RO  Size (Code + RO Data)                17044 (  16.64kB)
    Total RW  Size (RW Data + ZI Data)              2984 (   2.91kB)
    Total ROM Size (Code + RO Data + RW Data)      17108 (  16.71kB)

==============================================================================

