<html>
<body>
<pre>
<h1>µVision Build Log</h1>
<h2>Tool Versions:</h2>
IDE-Version: ¦ÌVision V5.32.0.0
Copyright (C) 2020 ARM Ltd and ARM Germany GmbH. All rights reserved.
License Information: Da lizi, 123, LIC=ZB4EI-TURCS-BS3YX-HY3SB-HPE18-MXZFB
 
Tool Versions:
Toolchain:       MDK-ARM Plus  Version: 5.32.0.0
Toolchain Path:  D:\123\STM32\ARM\ARMCC\Bin
C Compiler:      Armcc.exe V5.06 update 7 (build 960)
Assembler:       Armasm.exe V5.06 update 7 (build 960)
Linker/Locator:  ArmLink.exe V5.06 update 7 (build 960)
Library Manager: ArmAr.exe V5.06 update 7 (build 960)
Hex Converter:   FromElf.exe V5.06 update 7 (build 960)
CPU DLL:         SARMCM3.DLL V5.32.0.0
Dialog DLL:      DCM.DLL V1.17.3.0
Target DLL:      CMSIS_AGDI.dll V1.32.12.0
Dialog DLL:      TCM.DLL V1.46.0.0
 
<h2>Project:</h2>
C:\Users\Dalizi\Desktop\nz\dalizi_jiaqu\1.02\MDK-ARM\farm_up.uvprojx
Project File Date:  11/23/2025

<h2>Output:</h2>
*** Using Compiler 'V5.06 update 7 (build 960)', folder: 'D:\123\STM32\ARM\ARMCC\Bin'
Build target 'farm_up'
compiling main.c...
../Device/qibeng.h(6): warning:  #1295-D: Deprecated declaration Open_qibeng - give arg types
  void Open_qibeng();
../Device/qibeng.h(8): warning:  #1295-D: Deprecated declaration Close_qibeng - give arg types
  void Close_qibeng();
../Device/qibeng.h(11): warning:  #1295-D: Deprecated declaration Open_LED - give arg types
  void Open_LED();
../Device/qibeng.h(13): warning:  #1295-D: Deprecated declaration Close_LED - give arg types
  void Close_LED();
../Device/qibeng.h(16): warning:  #1295-D: Deprecated declaration Open_Test - give arg types
  void Open_Test();
../Device/qibeng.h(18): warning:  #1295-D: Deprecated declaration Close_Test - give arg types
  void Close_Test();
../task/task.h(11): warning:  #1295-D: Deprecated declaration Start_Bujin_Servo - give arg types
  void Start_Bujin_Servo();
../Core/Src/main.c: 7 warnings, 0 errors
linking...
Program Size: Code=16588 RO-data=456 RW-data=64 ZI-data=2920  
FromELF: creating hex file...
"farm_up\farm_up.axf" - 0 Error(s), 7 Warning(s).

<h2>Software Packages used:</h2>

Package Vendor: ARM
                http://www.keil.com/pack/ARM.CMSIS.5.7.0.pack
                ARM.CMSIS.5.7.0
                CMSIS (Cortex Microcontroller Software Interface Standard)
   * Component: CORE Version: 5.4.0

Package Vendor: Keil
                http://www.keil.com/pack/Keil.STM32F4xx_DFP.2.9.0.pack
                Keil.STM32F4xx_DFP.2.9.0
                STMicroelectronics STM32F4 Series Device Support, Drivers and Examples

<h2>Collection of Component include folders:</h2>
  .\RTE\_farm_up
  D:\123\STM32\ARM\PACK\ARM\CMSIS\5.7.0\CMSIS\Core\Include
  D:\123\STM32\ARM\PACK\Keil\STM32F4xx_DFP\2.9.0\Drivers\CMSIS\Device\ST\STM32F4xx\Include

<h2>Collection of Component Files used:</h2>

   * Component: ARM::CMSIS:CORE:5.4.0
Build Time Elapsed:  00:00:02
</pre>
</body>
</html>
